05-10 22:58:24.867   356   356 D LibBpfLoader: bpf_create_map name cpu_last_pid_map, ret: 12
05-10 22:58:24.867   356   356 I LibBpfLoader: map /sys/fs/bpf/map_time_in_state_cpu_last_pid_map id 33
05-10 22:58:24.867   356   356 D LibBpfLoader: bpf_create_map name cpu_policy_map, ret: 13
05-10 22:58:24.867   356   356 I LibBpfLoader: map /sys/fs/bpf/map_time_in_state_cpu_policy_map id 34
05-10 22:58:24.867   356   356 D LibBpfLoader: bpf_create_map name policy_freq_idx_map, ret: 14
05-10 22:58:24.867   356   356 I LibBpfLoader: map /sys/fs/bpf/map_time_in_state_policy_freq_idx_map id 35
05-10 22:58:24.867   356   356 D LibBpfLoader: bpf_create_map name freq_to_idx_map, ret: 15
05-10 22:58:24.867   356   356 I LibBpfLoader: map /sys/fs/bpf/map_time_in_state_freq_to_idx_map id 36
05-10 22:58:24.867   356   356 D LibBpfLoader: bpf_create_map name nr_active_map, ret: 16
05-10 22:58:24.867   356   356 I LibBpfLoader: map /sys/fs/bpf/map_time_in_state_nr_active_map id 37
05-10 22:58:24.867   356   356 D LibBpfLoader: bpf_create_map name policy_nr_active_map, ret: 17
05-10 22:58:24.867   356   356 I LibBpfLoader: map /sys/fs/bpf/map_time_in_state_policy_nr_active_map id 38
05-10 22:58:24.867   356   356 D LibBpfLoader: bpf_create_map name pid_tracked_hash_map, ret: 18
05-10 22:58:24.867   356   356 I LibBpfLoader: map /sys/fs/bpf/map_time_in_state_pid_tracked_hash_map id 39
05-10 22:58:24.867   356   356 D LibBpfLoader: bpf_create_map name pid_tracked_map, ret: 19
05-10 22:58:24.867   356   356 I LibBpfLoader: map /sys/fs/bpf/map_time_in_state_pid_tracked_map id 40
05-10 22:58:24.867   356   356 D LibBpfLoader: bpf_create_map name pid_task_aggregation_map, ret: 20
05-10 22:58:24.867   356   356 I LibBpfLoader: map /sys/fs/bpf/map_time_in_state_pid_task_aggregation_map id 41
05-10 22:58:24.868   356   356 D LibBpfLoader: bpf_create_map name pid_time_in_state_map, ret: 21
05-10 22:58:24.868   356   356 I LibBpfLoader: map /sys/fs/bpf/map_time_in_state_pid_time_in_state_map id 42
05-10 22:58:24.868   356   356 D LibBpfLoader: map_fd found at 0 is 6 in /system/etc/bpf/time_in_state.o
05-10 22:58:24.868   356   356 D LibBpfLoader: map_fd found at 1 is 8 in /system/etc/bpf/time_in_state.o
05-10 22:58:24.868   356   356 D LibBpfLoader: map_fd found at 2 is 9 in /system/etc/bpf/time_in_state.o
05-10 22:58:24.868   356   356 D LibBpfLoader: map_fd found at 3 is 10 in /system/etc/bpf/time_in_state.o
05-10 22:58:24.868   356   356 D LibBpfLoader: map_fd found at 4 is 11 in /system/etc/bpf/time_in_state.o
05-10 22:58:24.868   356   356 D LibBpfLoader: map_fd found at 5 is 12 in /system/etc/bpf/time_in_state.o
05-10 22:58:24.868   356   356 D LibBpfLoader: map_fd found at 6 is 13 in /system/etc/bpf/time_in_state.o
05-10 22:58:24.868   356   356 D LibBpfLoader: map_fd found at 7 is 14 in /system/etc/bpf/time_in_state.o
05-10 22:58:24.868   356   356 D LibBpfLoader: map_fd found at 8 is 15 in /system/etc/bpf/time_in_state.o
05-10 22:58:24.868   356   356 D LibBpfLoader: map_fd found at 9 is 16 in /system/etc/bpf/time_in_state.o
05-10 22:58:24.868   356   356 D LibBpfLoader: map_fd found at 10 is 17 in /system/etc/bpf/time_in_state.o
05-10 22:58:24.868   356   356 D LibBpfLoader: map_fd found at 11 is 18 in /system/etc/bpf/time_in_state.o
05-10 22:58:24.868   356   356 D LibBpfLoader: map_fd found at 12 is 19 in /system/etc/bpf/time_in_state.o
05-10 22:58:24.868   356   356 D LibBpfLoader: map_fd found at 13 is 20 in /system/etc/bpf/time_in_state.o
05-10 22:58:24.868   356   356 D LibBpfLoader: map_fd found at 14 is 21 in /system/etc/bpf/time_in_state.o
05-10 22:58:24.869   356   356 D LibBpfLoader: applying relo to instruction at byte offset: 40, 	       insn offset 5 , insn 118
05-10 22:58:24.869   356   356 D LibBpfLoader:  
05-10 22:58:24.869   356   356 D LibBpfLoader: applying relo to instruction at byte offset: 128, 	       insn offset 16 , insn 118
05-10 22:58:24.869   356   356 D LibBpfLoader:  
05-10 22:58:24.869   356   356 D LibBpfLoader: applying relo to instruction at byte offset: 224, 	       insn offset 28 , insn 118
05-10 22:58:24.869   356   356 D LibBpfLoader:  
05-10 22:58:24.869   356   356 D LibBpfLoader: applying relo to instruction at byte offset: 296, 	       insn offset 37 , insn 118
05-10 22:58:24.869   356   356 D LibBpfLoader:  
05-10 22:58:24.869   356   356 D LibBpfLoader: applying relo to instruction at byte offset: 360, 	       insn offset 45 , insn 118
05-10 22:58:24.869   356   356 D LibBpfLoader:  
05-10 22:58:24.869   356   356 D LibBpfLoader: applying relo to instruction at byte offset: 608, 	       insn offset 76 , insn 118
05-10 22:58:24.869   356   356 D LibBpfLoader:  
05-10 22:58:24.869   356   356 D LibBpfLoader: applying relo to instruction at byte offset: 904, 	       insn offset 113 , insn 118
05-10 22:58:24.869   356   356 D LibBpfLoader:  
05-10 22:58:24.869   356   356 D LibBpfLoader: applying relo to instruction at byte offset: 1248, 	       insn offset 156 , insn 118
05-10 22:58:24.869   356   356 D LibBpfLoader:  
05-10 22:58:24.869   356   356 D LibBpfLoader: applying relo to instruction at byte offset: 1288, 	       insn offset 161 , insn 118
05-10 22:58:24.869   356   356 D LibBpfLoader:  
05-10 22:58:24.869   356   356 D LibBpfLoader: applying relo to instruction at byte offset: 1464, 	       insn offset 183 , insn 118
05-10 22:58:24.869   356   356 D LibBpfLoader:  
05-10 22:58:24.869   356   356 D LibBpfLoader: applying relo to instruction at byte offset: 1672, 	       insn offset 209 , insn 118
05-10 22:58:24.869   356   356 D LibBpfLoader:  
05-10 22:58:24.869   356   356 D LibBpfLoader: applying relo to instruction at byte offset: 1712, 	       insn offset 214 , insn 118
05-10 22:58:24.869   356   356 D LibBpfLoader:  
05-10 22:58:24.869   356   356 D LibBpfLoader: applying relo to instruction at byte offset: 1912, 	       insn offset 239 , insn 118
05-10 22:58:24.869   356   356 D LibBpfLoader:  
05-10 22:58:24.869   356   356 D LibBpfLoader: applying relo to instruction at byte offset: 2128, 	       insn offset 266 , insn 118
05-10 22:58:24.869   356   356 D LibBpfLoader:  
05-10 22:58:24.869   356   356 D LibBpfLoader: applying relo to instruction at byte offset: 2168, 	       insn offset 271 , insn 118
05-10 22:58:24.869   356   356 D LibBpfLoader:  
05-10 22:58:24.869   356   356 D LibBpfLoader: applying relo to instruction at byte offset: 2320, 	       insn offset 290 , insn 118
05-10 22:58:24.869   356   356 D LibBpfLoader:  
05-10 22:58:24.869   356   356 D LibBpfLoader: applying relo to instruction at byte offset: 2448, 	       insn offset 306 , insn 118
05-10 22:58:24.869   356   356 D LibBpfLoader:  
05-10 22:58:24.869   356   356 D LibBpfLoader: applying relo to instruction at byte offset: 2784, 	       insn offset 348 , insn 118
05-10 22:58:24.869   356   356 D LibBpfLoader:  
05-10 22:58:24.869   356   356 D LibBpfLoader: applying relo to instruction at byte offset: 2824, 	       insn offset 353 , insn 118
05-10 22:58:24.869   356   356 D LibBpfLoader:  
05-10 22:58:24.869   356   356 D LibBpfLoader: applying relo to instruction at byte offset: 3000, 	       insn offset 375 , insn 118
05-10 22:58:24.869   356   356 D LibBpfLoader:  
05-10 22:58:24.869   356   356 D LibBpfLoader: applying relo to instruction at byte offset: 3208, 	       insn offset 401 , insn 118
05-10 22:58:24.869   356   356 D LibBpfLoader:  
05-10 22:58:24.869   356   356 D LibBpfLoader: applying relo to instruction at byte offset: 3248, 	       insn offset 406 , insn 118
05-10 22:58:24.869   356   356 D LibBpfLoader:  
05-10 22:58:24.869   356   356 D LibBpfLoader: applying relo to instruction at byte offset: 3440, 	       insn offset 430 , insn 118
05-10 22:58:24.869   356   356 D LibBpfLoader:  
05-10 22:58:24.869   356   356 D LibBpfLoader: applying relo to instruction at byte offset: 3656, 	       insn offset 457 , insn 118
05-10 22:58:24.869   356   356 D LibBpfLoader:  
05-10 22:58:24.869   356   356 D LibBpfLoader: applying relo to instruction at byte offset: 3696, 	       insn offset 462 , insn 118
05-10 22:58:24.869   356   356 D LibBpfLoader:  
05-10 22:58:24.869   356   356 D LibBpfLoader: applying relo to instruction at byte offset: 3824, 	       insn offset 478 , insn 118
05-10 22:58:24.869   356   356 D LibBpfLoader:  
05-10 22:58:24.869   356   356 D LibBpfLoader: applying relo to instruction at byte offset: 3896, 	       insn offset 487 , insn 118
05-10 22:58:24.869   356   356 D LibBpfLoader:  
05-10 22:58:24.869   356   356 D LibBpfLoader: applying relo to instruction at byte offset: 4000, 	       insn offset 500 , insn 118
05-10 22:58:24.869   356   356 D LibBpfLoader:  
05-10 22:58:24.869   356   356 D LibBpfLoader: applying relo to instruction at byte offset: 4328, 	       insn offset 541 , insn 118
05-10 22:58:24.869   356   356 D LibBpfLoader:  
05-10 22:58:24.869   356   356 D LibBpfLoader: applying relo to instruction at byte offset: 4368, 	       insn offset 546 , insn 118
05-10 22:58:24.869   356   356 D LibBpfLoader:  
05-10 22:58:24.869   356   356 D LibBpfLoader: applying relo to instruction at byte offset: 4504, 	       insn offset 563 , insn 118
05-10 22:58:24.869   356   356 D LibBpfLoader:  
05-10 22:58:24.869   356   356 D LibBpfLoader: applying relo to instruction at byte offset: 4704, 	       insn offset 588 , insn 118
05-10 22:58:24.869   356   356 D LibBpfLoader:  
05-10 22:58:24.869   356   356 D LibBpfLoader: applying relo to instruction at byte offset: 4744, 	       insn offset 593 , insn 118
05-10 22:58:24.869   356   356 D LibBpfLoader:  
05-10 22:58:24.869   356   356 D LibBpfLoader: applying relo to instruction at byte offset: 4912, 	       insn offset 614 , insn 118
05-10 22:58:24.869   356   356 D LibBpfLoader:  
05-10 22:58:24.869   356   356 D LibBpfLoader: applying relo to instruction at byte offset: 5128, 	       insn offset 641 , insn 118
05-10 22:58:24.869   356   356 D LibBpfLoader:  
05-10 22:58:24.869   356   356 D LibBpfLoader: applying relo to instruction at byte offset: 5168, 	       insn offset 646 , insn 118
05-10 22:58:24.869   356   356 D LibBpfLoader:  
05-10 22:58:24.869   356   356 D LibBpfLoader: applying relo to instruction at byte offset: 5296, 	       insn offset 662 , insn 118
05-10 22:58:24.869   356   356 D LibBpfLoader:  
05-10 22:58:24.869   356   356 D LibBpfLoader: applying relo to instruction at byte offset: 5384, 	       insn offset 673 , insn 118
05-10 22:58:24.869   356   356 D LibBpfLoader:  
05-10 22:58:24.869   356   356 D LibBpfLoader: applying relo to instruction at byte offset: 5472, 	       insn offset 684 , insn 118
05-10 22:58:24.869   356   356 D LibBpfLoader:  
05-10 22:58:24.869   356   356 D LibBpfLoader: applying relo to instruction at byte offset: 5600, 	       insn offset 700 , insn 118
05-10 22:58:24.869   356   356 D LibBpfLoader:  
05-10 22:58:24.869   356   356 D LibBpfLoader: applying relo to instruction at byte offset: 5696, 	       insn offset 712 , insn 118
05-10 22:58:24.869   356   356 D LibBpfLoader:  
05-10 22:58:24.869   356   356 D LibBpfLoader: applying relo to instruction at byte offset: 5800, 	       insn offset 725 , insn 118
05-10 22:58:24.869   356   356 D LibBpfLoader:  
05-10 22:58:24.869   356   356 D LibBpfLoader: applying relo to instruction at byte offset: 6128, 	       insn offset 766 , insn 118
05-10 22:58:24.869   356   356 D LibBpfLoader:  
05-10 22:58:24.869   356   356 D LibBpfLoader: applying relo to instruction at byte offset: 6168, 	       insn offset 771 , insn 118
05-10 22:58:24.869   356   356 D LibBpfLoader:  
05-10 22:58:24.869   356   356 D LibBpfLoader: applying relo to instruction at byte offset: 6312, 	       insn offset 789 , insn 118
05-10 22:58:24.869   356   356 D LibBpfLoader:  
05-10 22:58:24.869   356   356 D LibBpfLoader: applying relo to instruction at byte offset: 6416, 	       insn offset 802 , insn 118
05-10 22:58:24.869   356   356 D LibBpfLoader:  
05-10 22:58:24.869   356   356 D LibBpfLoader: applying relo to instruction at byte offset: 6520, 	       insn offset 815 , insn 118
05-10 22:58:24.869   356   356 D LibBpfLoader:  
05-10 22:58:24.869   356   356 D LibBpfLoader: applying relo to instruction at byte offset: 6624, 	       insn offset 828 , insn 118
05-10 22:58:24.869   356   356 D LibBpfLoader:  
05-10 22:58:24.869   356   356 D LibBpfLoader: applying relo to instruction at byte offset: 6728, 	       insn offset 841 , insn 118
05-10 22:58:24.869   356   356 D LibBpfLoader:  
05-10 22:58:24.869   356   356 D LibBpfLoader: applying relo to instruction at byte offset: 6832, 	       insn offset 854 , insn 118
05-10 22:58:24.869   356   356 D LibBpfLoader:  
05-10 22:58:24.869   356   356 D LibBpfLoader: applying relo to instruction at byte offset: 6936, 	       insn offset 867 , insn 118
05-10 22:58:24.869   356   356 D LibBpfLoader:  
05-10 22:58:24.869   356   356 D LibBpfLoader: applying relo to instruction at byte offset: 40, 	       insn offset 5 , insn 118
05-10 22:58:24.869   356   356 D LibBpfLoader:  
05-10 22:58:24.869   356   356 D LibBpfLoader: applying relo to instruction at byte offset: 120, 	       insn offset 15 , insn 118
05-10 22:58:24.869   356   356 D LibBpfLoader:  
05-10 22:58:24.869   356   356 D LibBpfLoader: applying relo to instruction at byte offset: 200, 	       insn offset 25 , insn 118
05-10 22:58:24.869   356   356 D LibBpfLoader:  
05-10 22:58:24.869   356   356 D LibBpfLoader: applying relo to instruction at byte offset: 48, 	       insn offset 6 , insn 118
05-10 22:58:24.869   356   356 D LibBpfLoader:  
05-10 22:58:24.869   356   356 D LibBpfLoader: applying relo to instruction at byte offset: 200, 	       insn offset 25 , insn 118
05-10 22:58:24.869   356   356 D LibBpfLoader:  
05-10 22:58:24.870   356   356 D LibBpfLoader: applying relo to instruction at byte offset: 336, 	       insn offset 42 , insn 118
05-10 22:58:24.870   356   356 D LibBpfLoader:  
05-10 22:58:24.870   356   356 D LibBpfLoader: applying relo to instruction at byte offset: 472, 	       insn offset 59 , insn 118
05-10 22:58:24.870   356   356 D LibBpfLoader:  
05-10 22:58:24.870   356   356 D LibBpfLoader: applying relo to instruction at byte offset: 608, 	       insn offset 76 , insn 118
05-10 22:58:24.870   356   356 D LibBpfLoader:  
05-10 22:58:24.870   356   356 D LibBpfLoader: applying relo to instruction at byte offset: 744, 	       insn offset 93 , insn 118
05-10 22:58:24.870   356   356 D LibBpfLoader:  
05-10 22:58:24.870   356   356 D LibBpfLoader: applying relo to instruction at byte offset: 880, 	       insn offset 110 , insn 118
05-10 22:58:24.870   356   356 D LibBpfLoader:  
05-10 22:58:24.870   356   356 D LibBpfLoader: applying relo to instruction at byte offset: 1016, 	       insn offset 127 , insn 118
05-10 22:58:24.870   356   356 D LibBpfLoader:  
05-10 22:58:24.870   356   356 D LibBpfLoader: applying relo to instruction at byte offset: 1088, 	       insn offset 136 , insn 118
05-10 22:58:24.870   356   356 D LibBpfLoader:  
05-10 22:58:24.870   356   356 D LibBpfLoader: applying relo to instruction at byte offset: 1200, 	       insn offset 150 , insn 118
05-10 22:58:24.870   356   356 D LibBpfLoader:  
05-10 22:58:24.870   356   356 D LibBpfLoader: cs[0].name:tracepoint_sched_sched_switch min_kver:0 .max_kver:ffffffff (kvers:50f0029)
05-10 22:58:24.870   356   356 D LibBpfLoader: cs[0].name:tracepoint_sched_sched_switch requires bpfloader version [0x00000,0x10000)
05-10 22:58:24.872   356   356 D LibBpfLoader: bpf_prog_load lib call for /system/etc/bpf/time_in_state.o (tracepoint_sched_sched_switch) returned fd: 7 (no error)
05-10 22:58:24.872   356   356 I LibBpfLoader: prog /sys/fs/bpf/prog_time_in_state_tracepoint_sched_sched_switch id 29
05-10 22:58:24.872   356   356 D LibBpfLoader: cs[1].name:tracepoint_power_cpu_frequency min_kver:0 .max_kver:ffffffff (kvers:50f0029)
05-10 22:58:24.872   356   356 D LibBpfLoader: cs[1].name:tracepoint_power_cpu_frequency requires bpfloader version [0x00000,0x10000)
05-10 22:58:24.872   356   356 D LibBpfLoader: bpf_prog_load lib call for /system/etc/bpf/time_in_state.o (tracepoint_power_cpu_frequency) returned fd: 22 (no error)
05-10 22:58:24.872   356   356 I LibBpfLoader: prog /sys/fs/bpf/prog_time_in_state_tracepoint_power_cpu_frequency id 30
05-10 22:58:24.872   356   356 D LibBpfLoader: cs[2].name:tracepoint_sched_sched_process_free min_kver:0 .max_kver:ffffffff (kvers:50f0029)
05-10 22:58:24.872   356   356 D LibBpfLoader: cs[2].name:tracepoint_sched_sched_process_free requires bpfloader version [0x00000,0x10000)
05-10 22:58:24.873   356   356 D LibBpfLoader: bpf_prog_load lib call for /system/etc/bpf/time_in_state.o (tracepoint_sched_sched_process_free) returned fd: 23 (no error)
05-10 22:58:24.873   356   356 I LibBpfLoader: prog /sys/fs/bpf/prog_time_in_state_tracepoint_sched_sched_process_free id 31
05-10 22:58:24.873   356   356 I bpfloader: Loaded object: /system/etc/bpf/time_in_state.o
05-10 22:58:24.874   356   356 D LibBpfLoader: Loading optional ELF object /system/etc/bpf/gpu_work.o with license Apache 2.0
05-10 22:58:24.874   356   356 I LibBpfLoader: Section bpfloader_min_ver value is 0 [0x0]
05-10 22:58:24.874   356   356 I LibBpfLoader: Section bpfloader_max_ver value is 65536 [0x10000]
05-10 22:58:24.874   356   356 I LibBpfLoader: Section size_of_bpf_map_def value is 116 [0x74]
05-10 22:58:24.874   356   356 I LibBpfLoader: Section size_of_bpf_prog_def value is 92 [0x5c]
05-10 22:58:24.874   356   356 I LibBpfLoader: BpfLoader version 0x00013 processing ELF object /system/etc/bpf/gpu_work.o with ver [0x00000,0x10000)
05-10 22:58:24.874   356   356 D LibBpfLoader: Loaded code section 3 (tracepoint_power_gpu_work_period)
05-10 22:58:24.874   356   356 D LibBpfLoader: Loaded relo section 3 (.reltracepoint/power/gpu_work_period)
05-10 22:58:24.874   356   356 D LibBpfLoader: Adding section 3 to cs list
05-10 22:58:24.874   356   356 D LibBpfLoader: Couldn't find section btf_min_bpfloader_ver (defaulting to 0 [0x0]).
05-10 22:58:24.874   356   356 D LibBpfLoader: Couldn't find section btf_min_kernel_ver (defaulting to 0 [0x0]).
05-10 22:58:24.874   356   356 D LibBpfLoader: bpf_create_map name gpu_work_map, ret: 6
05-10 22:58:24.874   356   356 I LibBpfLoader: map /sys/fs/bpf/map_gpu_work_gpu_work_map id 43
05-10 22:58:24.874   356   356 D LibBpfLoader: bpf_create_map name gpu_work_global_data, ret: 7
05-10 22:58:24.874   356   356 I LibBpfLoader: map /sys/fs/bpf/map_gpu_work_gpu_work_global_data id 44
05-10 22:58:24.874   356   356 D LibBpfLoader: map_fd found at 0 is 6 in /system/etc/bpf/gpu_work.o
05-10 22:58:24.874   356   356 D LibBpfLoader: map_fd found at 1 is 7 in /system/etc/bpf/gpu_work.o
05-10 22:58:24.874   356   356 D LibBpfLoader: applying relo to instruction at byte offset: 56, 	       insn offset 7 , insn 118
05-10 22:58:24.874   356   356 D LibBpfLoader:  
05-10 22:58:24.874   356   356 D LibBpfLoader: applying relo to instruction at byte offset: 160, 	       insn offset 20 , insn 118
05-10 22:58:24.874   356   356 D LibBpfLoader:  
05-10 22:58:24.874   356   356 D LibBpfLoader: applying relo to instruction at byte offset: 240, 	       insn offset 30 , insn 118
05-10 22:58:24.874   356   356 D LibBpfLoader:  
05-10 22:58:24.874   356   356 D LibBpfLoader: applying relo to instruction at byte offset: 304, 	       insn offset 38 , insn 118
05-10 22:58:24.874   356   356 D LibBpfLoader:  
05-10 22:58:24.874   356   356 D LibBpfLoader: cs[0].name:tracepoint_power_gpu_work_period min_kver:0 .max_kver:ffffffff (kvers:50f0029)
05-10 22:58:24.874   356   356 D LibBpfLoader: cs[0].name:tracepoint_power_gpu_work_period requires bpfloader version [0x00000,0x10000)
05-10 22:58:24.875   356   356 D LibBpfLoader: bpf_prog_load lib call for /system/etc/bpf/gpu_work.o (tracepoint_power_gpu_work_period) returned fd: 8 (no error)
05-10 22:58:24.875   356   356 I LibBpfLoader: prog /sys/fs/bpf/prog_gpu_work_tracepoint_power_gpu_work_period id 32
05-10 22:58:24.875   356   356 I bpfloader: Loaded object: /system/etc/bpf/gpu_work.o
05-10 22:58:24.875   356   356 D LibBpfLoader: Loading optional ELF object /system/etc/bpf/gpu_mem.o with license Apache 2.0
05-10 22:58:24.875   356   356 I LibBpfLoader: Section bpfloader_min_ver value is 0 [0x0]
05-10 22:58:24.875   356   356 I LibBpfLoader: Section bpfloader_max_ver value is 65536 [0x10000]
05-10 22:58:24.875   356   356 I LibBpfLoader: Section size_of_bpf_map_def value is 116 [0x74]
05-10 22:58:24.875   356   356 I LibBpfLoader: Section size_of_bpf_prog_def value is 92 [0x5c]
05-10 22:58:24.875   356   356 I LibBpfLoader: BpfLoader version 0x00013 processing ELF object /system/etc/bpf/gpu_mem.o with ver [0x00000,0x10000)
05-10 22:58:24.875   356   356 D LibBpfLoader: Loaded code section 3 (tracepoint_gpu_mem_gpu_mem_total)
05-10 22:58:24.875   356   356 D LibBpfLoader: Loaded relo section 3 (.reltracepoint/gpu_mem/gpu_mem_total)
05-10 22:58:24.875   356   356 D LibBpfLoader: Adding section 3 to cs list
05-10 22:58:24.875   356   356 D LibBpfLoader: Couldn't find section btf_min_bpfloader_ver (defaulting to 0 [0x0]).
05-10 22:58:24.875   356   356 D LibBpfLoader: Couldn't find section btf_min_kernel_ver (defaulting to 0 [0x0]).
05-10 22:58:24.881   356   356 D LibBpfLoader: bpf_create_map name gpu_mem_total_map, ret: 6
05-10 22:58:24.881   356   356 I LibBpfLoader: map /sys/fs/bpf/map_gpu_mem_gpu_mem_total_map id 45
05-10 22:58:24.881   356   356 D LibBpfLoader: map_fd found at 0 is 6 in /system/etc/bpf/gpu_mem.o
05-10 22:58:24.881   356   356 D LibBpfLoader: applying relo to instruction at byte offset: 80, 	       insn offset 10 , insn 118
05-10 22:58:24.881   356   356 D LibBpfLoader:  
05-10 22:58:24.881   356   356 D LibBpfLoader: applying relo to instruction at byte offset: 128, 	       insn offset 16 , insn 118
05-10 22:58:24.881   356   356 D LibBpfLoader:  
05-10 22:58:24.881   356   356 D LibBpfLoader: applying relo to instruction at byte offset: 208, 	       insn offset 26 , insn 118
05-10 22:58:24.881   356   356 D LibBpfLoader:  
05-10 22:58:24.881   356   356 D LibBpfLoader: cs[0].name:tracepoint_gpu_mem_gpu_mem_total min_kver:0 .max_kver:ffffffff (kvers:50f0029)
05-10 22:58:24.881   356   356 D LibBpfLoader: cs[0].name:tracepoint_gpu_mem_gpu_mem_total requires bpfloader version [0x00000,0x10000)
05-10 22:58:24.881   356   356 D LibBpfLoader: bpf_prog_load lib call for /system/etc/bpf/gpu_mem.o (tracepoint_gpu_mem_gpu_mem_total) returned fd: 7 (no error)
05-10 22:58:24.881   356   356 I LibBpfLoader: prog /sys/fs/bpf/prog_gpu_mem_tracepoint_gpu_mem_gpu_mem_total id 33
05-10 22:58:24.881   356   356 I bpfloader: Loaded object: /system/etc/bpf/gpu_mem.o
05-10 22:58:24.883     1     1 I init    : Service 'bpfloader' (pid 356) exited with status 0 waiting took 0.133000 seconds
05-10 22:58:24.883     1     1 I init    : Sending signal 9 to service 'bpfloader' (pid 356) process group...
05-10 22:58:24.883     1     1 I libprocessgroup: Successfully killed process cgroup uid 0 pid 356 in 0ms
05-10 22:58:24.883     1     1 I init    : processing action (ro.crypto.state=encrypted && ro.crypto.type=file && zygote-start) from (/system/etc/init/hw/init.rc:1048)
05-10 22:58:24.883     1     1 I init    : start_waiting_for_property("odsign.verification.done", "1"): already set
05-10 22:58:24.884     1     1 I init    : starting service 'update_verifier_nonencrypted'...
05-10 22:58:24.885     1     1 I init    : SVC_EXEC service 'update_verifier_nonencrypted' pid 365 (uid 0 gid 2001+1 context default) started; waiting...
05-10 22:58:24.895     1     1 I init    : Service 'update_verifier_nonencrypted' (pid 365) exited with status 0 waiting took 0.011000 seconds
05-10 22:58:24.895     1     1 I init    : Sending signal 9 to service 'update_verifier_nonencrypted' (pid 365) process group...
05-10 22:58:24.895     1     1 I libprocessgroup: Successfully killed process cgroup uid 0 pid 365 in 0ms
05-10 22:58:24.896     1     1 I init    : starting service 'statsd'...
05-10 22:58:24.897     1     1 I init    : Created socket '/dev/socket/statsdw', mode 222, user 1066, group 1066
05-10 22:58:24.910     1     1 I init    : starting service 'netd'...
05-10 22:58:24.910     1     1 I init    : Created socket '/dev/socket/dnsproxyd', mode 660, user 0, group 3003
05-10 22:58:24.910     1     1 I init    : Created socket '/dev/socket/mdns', mode 660, user 0, group 1000
05-10 22:58:24.910     1     1 I init    : Created socket '/dev/socket/fwmarkd', mode 660, user 0, group 3003
05-10 22:58:24.935     1     1 I init    : starting service 'zygote'...
05-10 22:58:24.935     1     1 I init    : Created socket '/dev/socket/zygote', mode 660, user 0, group 1000
05-10 22:58:24.935     1     1 I init    : Created socket '/dev/socket/usap_pool_primary', mode 660, user 0, group 1000
05-10 22:58:24.937     1     1 I init    : Command 'start zygote_secondary' action=ro.crypto.state=encrypted && ro.crypto.type=file && zygote-start (/system/etc/init/hw/init.rc:1055) took 0ms and failed: service zygote_secondary not found
05-10 22:58:24.937     1     1 I init    : processing action (zygote-start) from (/vendor/etc/init/hw/init.ranchu.rc:76)
05-10 22:58:24.939     1     1 I init    : processing action (firmware_mounts_complete) from (/system/etc/init/hw/init.rc:512)
05-10 22:58:24.939     1     1 I init    : processing action (early-boot) from (/system/etc/init/installd.rc:5)
05-10 22:58:24.941     1     1 I init    : processing action (boot) from (/system/etc/init/hw/init.rc:1062)
05-10 22:58:24.942     1     1 I init    : Command 'symlink /sys/fs/f2fs/${dev.mnt.dev.data} /dev/sys/fs/by-name/userdata' action=boot (/system/etc/init/hw/init.rc:1085) took 0ms and failed: property 'dev.mnt.dev.data' doesn't exist while expanding '/sys/fs/f2fs/${dev.mnt.dev.data}'
05-10 22:58:24.942     1     1 I init    : Command 'symlink /sys/class/block/${dev.mnt.dev.data} /dev/sys/block/by-name/userdata' action=boot (/system/etc/init/hw/init.rc:1090) took 0ms and failed: property 'dev.mnt.dev.data' doesn't exist while expanding '/sys/class/block/${dev.mnt.dev.data}'
05-10 22:58:24.942     1     1 I init    : Command 'symlink /sys/class/block/${dev.mnt.rootdisk.data} /dev/sys/block/by-name/rootdisk' action=boot (/system/etc/init/hw/init.rc:1091) took 0ms and failed: property 'dev.mnt.rootdisk.data' doesn't exist while expanding '/sys/class/block/${dev.mnt.rootdisk.data}'
05-10 22:58:24.943     1     1 I init    : starting service 'hidl_memory'...
05-10 22:58:24.946     1     1 I init    : starting service 'vendor.audio-hal'...
05-10 22:58:24.947     1     1 I init    : starting service 'vendor.authsecret-1-0'...
05-10 22:58:24.950     1     1 I init    : starting service 'btlinux-1.1'...
05-10 22:58:24.951     1     1 I init    : starting service 'vendor.camera-provider-2-4'...
05-10 22:58:24.954     1     1 I init    : starting service 'vendor.camera-provider-2-7-google'...
05-10 22:58:24.956     1     1 I init    : starting service 'vendor.cas-hal-1-2'...
05-10 22:58:24.957     1     1 I init    : starting service 'vendor.contexthub-hal-1-1-mock'...
05-10 22:58:24.960     1     1 I init    : starting service 'vendor.drm-clearkey-service'...
05-10 22:58:24.962     1     1 I init    : starting service 'vendor.drm-widevine-hal'...
05-10 22:58:24.967     1     1 I init    : starting service 'vendor.drm-hal-1-0'...
05-10 22:58:24.969     1     1 I init    : starting service 'vendor.drm-clearkey-hal-1-4'...
05-10 22:58:24.971     1     1 I init    : starting service 'vendor.gatekeeper-1-0'...
05-10 22:58:24.972     1     1 I init    : starting service 'vendor.gralloc-3-0'...
05-10 22:58:24.975     1     1 I init    : starting service 'vendor.hwcomposer-2-4'...
05-10 22:58:24.977     1     1 I init    : starting service 'health-hal-2-1'...
05-10 22:58:24.978     1     1 I init    : starting service 'android-hardware-media-c2-goldfish-hal-1-0'...
05-10 22:58:24.979     1     1 I init    : starting service 'neuralnetworks_hal_service_sample_all'...
05-10 22:58:24.980     1     1 I init    : starting service 'neuralnetworks_hal_service_sample_limited'...
05-10 22:58:24.981     1     1 I init    : starting service 'vendor.power.stats-hal-1-0-mock'...
05-10 22:58:24.982     1     1 I init    : starting service 'vendor.sensors-hal-2-1-multihal'...
05-10 22:58:24.983     1     1 I init    : starting service 'vendor.thermal-hal-2-0-mock'...
05-10 22:58:24.984     1     1 I init    : starting service 'vendor.usb-hal-1-0'...
05-10 22:58:24.985     1     1 I init    : starting service 'vendor.wifi_hal_legacy'...
05-10 22:58:24.987     1     1 I init    : starting service 'vendor.identity-default'...
05-10 22:58:24.988     1     1 I init    : starting service 'vendor.light-default'...
05-10 22:58:24.990     1     1 I init    : starting service 'vendor.power-default'...
05-10 22:58:25.037     1     1 I init    : starting service 'vendor.rebootescrow-default'...
05-10 22:58:25.038     1     1 I init    : starting service 'vendor.vibrator-default'...
05-10 22:58:25.040     1     1 I init    : Command 'class_start hal' action=boot (/system/etc/init/hw/init.rc:1173) took 96ms and succeeded
05-10 22:58:25.040     1     1 I init    : service 'ueventd' requested start, but it is already running (flags: 2084)
05-10 22:58:25.040     1     1 I init    : starting service 'ranchu-setup'...
05-10 22:58:25.040     1     1 I init    : service 'qemu-props' requested start, but it is already running (flags: 6)
05-10 22:58:25.040     1     1 I init    : service 'apexd' requested start, but it is already running (flags: 134)
05-10 22:58:25.040     1     1 I init    : starting service 'audioserver'...
05-10 22:58:25.042     1     1 I init    : starting service 'credstore'...
05-10 22:58:25.043     1     1 I init    : starting service 'gpu'...
05-10 22:58:25.044     1     1 I init    : service 'lmkd' requested start, but it is already running (flags: 36)
05-10 22:58:25.044     1     1 I init    : service 'servicemanager' requested start, but it is already running (flags: 2084)
05-10 22:58:25.044     1     1 I init    : starting service 'surfaceflinger'...
05-10 22:58:25.044     1     1 I init    : Could not create socket 'pdx/system/vr/display/client': Failed to bind socket 'pdx/system/vr/display/client': No such file or directory
05-10 22:58:25.044     1     1 I init    : Could not create socket 'pdx/system/vr/display/manager': Failed to bind socket 'pdx/system/vr/display/manager': No such file or directory
05-10 22:58:25.044     1     1 I init    : Could not create socket 'pdx/system/vr/display/vsync': Failed to bind socket 'pdx/system/vr/display/vsync': No such file or directory
05-10 22:58:25.047     1     1 I init    : service 'vold' requested start, but it is already running (flags: 2052)
05-10 22:58:25.047     1     1 I init    : processing action (persist.sys.usb.config=* && boot) from (/system/etc/init/hw/init.usb.rc:108)
05-10 22:58:25.047     1     1 I init    : processing action (boot) from (/vendor/etc/init/hw/init.ranchu.rc:82)
05-10 22:58:25.069     1     1 I init    : Command 'setprop debug.stagefright.ccodec ${ro.boot.debug.stagefright.ccodec}' action=boot (/vendor/etc/init/hw/init.ranchu.rc:91) took 0ms and failed: property 'ro.boot.debug.stagefright.ccodec' doesn't exist while expanding '${ro.boot.debug.stagefright.ccodec}'
05-10 22:58:25.069     1     1 I init    : Command 'setprop dalvik.vm.checkjni ${ro.boot.dalvik.vm.checkjni}' action=boot (/vendor/etc/init/hw/init.ranchu.rc:95) took 0ms and failed: property 'ro.boot.dalvik.vm.checkjni' doesn't exist while expanding '${ro.boot.dalvik.vm.checkjni}'
05-10 22:58:25.069     1     1 I init    : processing action (boot) from (/system/etc/init/dumpstate.rc:1)
05-10 22:58:25.069     1     1 I init    : processing action (boot) from (/system/etc/init/gsid.rc:25)
05-10 22:58:25.070     1     1 I init    : starting service 'exec 16 (/system/bin/gsid run-startup-tasks)'...
05-10 22:58:25.070     1     1 I init    : processing action (persist.device_config.profcollect_native_boot.enabled= && boot) from (/system/etc/init/profcollectd.rc:19)
05-10 22:58:25.071     1     1 I init    : starting service 'exec 17 (/system/bin/profcollectctl reset)'...
05-10 22:58:25.072     1     1 I init    : processing action (enable_property_trigger) from (<Builtin Action>:0)
05-10 22:58:25.073     1     1 I init    : processing action (apexd.status=ready && ro.product.cpu.abilist64=*) from (/system/etc/init/hw/init.rc:96)
05-10 22:58:25.073     1     1 I init    : starting service 'boringssl_self_test_apex64'...
05-10 22:58:25.074     1     1 I init    : SVC_EXEC service 'boringssl_self_test_apex64' pid 415 (uid 0 gid 0+0 context default) started; waiting...
05-10 22:58:25.108   388   388 W healthd : batteryCapacityLevelPath not found
05-10 22:58:25.108   388   388 W healthd : batteryChargeTimeToFullNowPath. not found
05-10 22:58:25.108   388   388 W healthd : batteryFullChargeDesignCapacityUahPath. not found
05-10 22:58:25.110   388   388 W healthd : battery l=100 v=5000 t=25.0 h=2 st=4 c=900000 fc=3000000 cc=10 chg=
05-10 22:58:25.111     1     1 I init    : Service 'ranchu-setup' (pid 408) exited with status 0 oneshot service took 0.071000 seconds in background
05-10 22:58:25.111     1     1 I init    : Sending signal 9 to service 'ranchu-setup' (pid 408) process group...
05-10 22:58:25.111     1     1 I libprocessgroup: Successfully killed process cgroup uid 0 pid 408 in 0ms
05-10 22:58:25.141   413   413 I gsid    : no DSU: No such file or directory
05-10 22:58:25.150     1     1 I init    : Service 'boringssl_self_test_apex64' (pid 415) exited with status 0 waiting took 0.076000 seconds
05-10 22:58:25.150     1     1 I init    : Sending signal 9 to service 'boringssl_self_test_apex64' (pid 415) process group...
05-10 22:58:25.151     1     1 I libprocessgroup: Successfully killed process cgroup uid 0 pid 415 in 0ms
05-10 22:58:25.151     1     1 I init    : processing action (bootreceiver.enable=1 && ro.product.cpu.abilist64=*) from (/system/etc/init/hw/init.rc:652)
05-10 22:58:25.241     1     1 I init    : Command 'mkdir /sys/kernel/tracing/instances/bootreceiver 0700 system system' action=bootreceiver.enable=1 && ro.product.cpu.abilist64=* (/system/etc/init/hw/init.rc:656) took 90ms and succeeded
05-10 22:58:25.241     1     1 I init    : Service 'exec 16 (/system/bin/gsid run-startup-tasks)' (pid 413) exited with status 0 oneshot service took 0.171000 seconds in background
05-10 22:58:25.241     1     1 I init    : Sending signal 9 to service 'exec 16 (/system/bin/gsid run-startup-tasks)' (pid 413) process group...
05-10 22:58:25.241     1     1 I libprocessgroup: Successfully killed process cgroup uid 0 pid 413 in 0ms
05-10 22:58:25.252     1     1 I init    : processing action (net.tcp_def_init_rwnd=*) from (/system/etc/init/hw/init.rc:1205)
05-10 22:58:25.252     1     1 I init    : processing action (sys.init.perf_lsm_hooks=1) from (/system/etc/init/hw/init.rc:1216)
05-10 22:58:25.252     1     1 I init    : processing action (security.perf_harden=1) from (/system/etc/init/hw/init.rc:1230)
05-10 22:58:25.252     1     1 I init    : processing action (ro.debuggable=1) from (/system/etc/init/hw/init.rc:1265)
05-10 22:58:25.252     1     1 I init    : processing action (sys.usb.config=adb && sys.usb.configfs=0) from (/system/etc/init/hw/init.usb.rc:40)
05-10 22:58:25.252     1     1 I init    : Command 'write /sys/class/android_usb/android0/enable 0' action=sys.usb.config=adb && sys.usb.configfs=0 (/system/etc/init/hw/init.usb.rc:41) took 0ms and failed: Unable to write to file '/sys/class/android_usb/android0/enable': open() failed: Permission denied
05-10 22:58:25.252     1     1 I init    : Command 'write /sys/class/android_usb/android0/idVendor 18d1' action=sys.usb.config=adb && sys.usb.configfs=0 (/system/etc/init/hw/init.usb.rc:42) took 0ms and failed: Unable to write to file '/sys/class/android_usb/android0/idVendor': open() failed: Permission denied
05-10 22:58:25.252     1     1 I init    : Command 'write /sys/class/android_usb/android0/idProduct 4EE7' action=sys.usb.config=adb && sys.usb.configfs=0 (/system/etc/init/hw/init.usb.rc:43) took 0ms and failed: Unable to write to file '/sys/class/android_usb/android0/idProduct': open() failed: Permission denied
05-10 22:58:25.252     1     1 I init    : Command 'write /sys/class/android_usb/android0/functions ${sys.usb.config}' action=sys.usb.config=adb && sys.usb.configfs=0 (/system/etc/init/hw/init.usb.rc:44) took 0ms and failed: Unable to write to file '/sys/class/android_usb/android0/functions': open() failed: Permission denied
05-10 22:58:25.252     1     1 I init    : Command 'write /sys/class/android_usb/android0/enable 1' action=sys.usb.config=adb && sys.usb.configfs=0 (/system/etc/init/hw/init.usb.rc:45) took 0ms and failed: Unable to write to file '/sys/class/android_usb/android0/enable': open() failed: Permission denied
05-10 22:58:25.252     1     1 I init    : starting service 'adbd'...
05-10 22:58:25.253     1     1 I init    : Created socket '/dev/socket/adbd', mode 660, user 1000, group 1000
05-10 22:58:25.255     1     1 I init    : processing action (vendor.qemu.timezone=*) from (/vendor/etc/init/hw/init.ranchu.rc:122)
05-10 22:58:25.250   396   396 I android.hardware.wifi@1.0-service: Wifi Hal is booting up...
05-10 22:58:25.264     1     1 I init    : processing action (ro.boot.qemu.cpuvulkan.version=*) from (/vendor/etc/init/hw/init.ranchu.rc:135)
05-10 22:58:25.265     1     1 I init    : processing action (vendor.qemu.vport.bluetooth=*) from (/vendor/etc/init/hw/init.ranchu.rc:197)
05-10 22:58:25.265     1     1 I init    : processing action (init.svc.audioserver=running) from (/system/etc/init/audioserver.rc:38)
05-10 22:58:25.265     1     1 I init    : service 'vendor.audio-hal' requested start, but it is already running (flags: 4)
05-10 22:58:25.265     1     1 I init    : Command 'start vendor.audio-hal-4-0-msd' action=init.svc.audioserver=running (/system/etc/init/audioserver.rc:40) took 0ms and failed: service vendor.audio-hal-4-0-msd not found
05-10 22:58:25.265     1     1 I init    : Command 'start audio_proxy_service' action=init.svc.audioserver=running (/system/etc/init/audioserver.rc:41) took 0ms and failed: service audio_proxy_service not found
05-10 22:58:25.265     1     1 I init    : Command 'start vendor.audio-hal-2-0' action=init.svc.audioserver=running (/system/etc/init/audioserver.rc:43) took 0ms and failed: service vendor.audio-hal-2-0 not found
05-10 22:58:25.265     1     1 I init    : Command 'start audio-hal-2-0' action=init.svc.audioserver=running (/system/etc/init/audioserver.rc:44) took 0ms and failed: service audio-hal-2-0 not found
05-10 22:58:25.265     1     1 I init    : processing action (ro.persistent_properties.ready=true) from (/system/etc/init/bootstat.rc:67)
05-10 22:58:25.266     1     1 I init    : processing action (ro.persistent_properties.ready=true) from (/system/etc/init/bootstat.rc:71)
05-10 22:58:25.266     1     1 I init    : starting service 'exec 18 (/system/bin/bootstat --set_system_boot_reason)'...
05-10 22:58:25.267     1     1 I init    : processing action (bootreceiver.enable=1 && ro.product.cpu.abilist64=*) from (/system/etc/init/dmesgd.rc:3)
05-10 22:58:25.267     1     1 I init    : Command 'rm /data/misc/dmesgd/sent_reports.txt' action=bootreceiver.enable=1 && ro.product.cpu.abilist64=* (/system/etc/init/dmesgd.rc:5) took 0ms and failed: unlink() failed: No such file or directory
05-10 22:58:25.267     1     1 I init    : processing action (drm.service.enabled=true) from (/system/etc/init/drmserver.rc:8)
05-10 22:58:25.268     1     1 I init    : starting service 'drm'...
05-10 22:58:25.269     1     1 I init    : processing action (persist.heapprofd.enable= && traced.lazy.heapprofd=) from (/system/etc/init/heapprofd.rc:49)
05-10 22:58:25.269     1     1 I init    : processing action (ro.debuggable=1) from (/system/etc/init/llkd-debuggable.rc:1)
05-10 22:58:25.269     1     1 I init    : processing action (ro.debuggable=*) from (/system/etc/init/llkd.rc:2)
05-10 22:58:25.269     1     1 I init    : processing action (persist.device_config.lmkd_native.thrashing_limit_critical=*) from (/system/etc/init/lmkd.rc:44)
05-10 22:58:25.269     1     1 I init    : processing action (debug.atrace.user_initiated= && persist.traced.enable=1) from (/system/etc/init/perfetto.rc:47)
05-10 22:58:25.269     1     1 I init    : starting service 'traced_probes'...
05-10 22:58:25.272   396   396 I HidlServiceManagement: Registered android.hardware.wifi@1.6::IWifi/default
05-10 22:58:25.290     1     1 I init    : processing action (persist.traced.enable=1) from (/system/etc/init/perfetto.rc:50)
05-10 22:58:25.290     1     1 I init    : starting service 'traced'...
05-10 22:58:25.290     1     1 I init    : Created socket '/dev/socket/traced_consumer', mode 666, user 0, group 0
05-10 22:58:25.290     1     1 I init    : Created socket '/dev/socket/traced_producer', mode 666, user 0, group 0
05-10 22:58:25.292     1     1 I init    : service 'traced_probes' requested start, but it is already running (flags: 132)
05-10 22:58:25.292     1     1 I init    : processing action (ro.persistent_properties.ready=true) from (/system/etc/init/perfetto.rc:116)
05-10 22:58:25.292     1     1 I init    : processing action (persist.traced_perf.enable= && sys.init.perf_lsm_hooks=1 && traced.lazy.traced_perf=) from (/system/etc/init/traced_perf.rc:43)
05-10 22:58:25.292     1     1 I init    : processing action (init.svc.qemu-adb-keys=stopped) from (/system_ext/etc/init/init.system_ext.rc:1)
05-10 22:58:25.292     1     1 I init    : starting service 'qemu-adb-setup'...
05-10 22:58:25.293     1     1 I init    : processing action (nonencrypted) from (/system/etc/init/hw/init.rc:1177)
05-10 22:58:25.293     1     1 I init    : starting service 'goldfish-logcat'...
05-10 22:58:25.294     1     1 I init    : starting service 'bt_vhci_forwarder'...
05-10 22:58:25.296     1     1 I init    : service 'zygote' requested start, but it is already running (flags: 4)
05-10 22:58:25.296     1     1 I init    : starting service 'cameraserver'...
05-10 22:58:25.298     1     1 I init    : service 'drm' requested start, but it is already running (flags: 132)
05-10 22:58:25.298     1     1 I init    : starting service 'idmap2d'...
05-10 22:58:25.302     1     1 I init    : starting service 'incidentd'...
05-10 22:58:25.351   454   454 W qemu-adb-setup: /data/misc/adb/adb_keys exists. Skipping qemu adb setup
05-10 22:58:25.355   227   227 I logd    : logdr: UID=1036 GID=0 PID=455 b tail=0 logMask=99 pid=0 start=0ns deadline=0ns
05-10 22:58:25.394     1     1 I init    : starting service 'installd'...
05-10 22:58:25.402     1     1 I init    : starting service 'mediaextractor'...
05-10 22:58:25.409     1     1 I init    : starting service 'mediametrics'...
05-10 22:58:25.411     1     1 I init    : starting service 'media'...
05-10 22:58:25.411     1     1 I init    : service 'netd' requested start, but it is already running (flags: 4)
05-10 22:58:25.411     1     1 I init    : starting service 'storaged'...
05-10 22:58:25.411     1     1 I init    : Could not open file '/d/mmc0/mmc0:0001/ext_csd': Failed to open file '/d/mmc0/mmc0:0001/ext_csd': No such file or directory
05-10 22:58:25.412     1     1 I init    : starting service 'wificond'...
05-10 22:58:25.428     1     1 I init    : starting service 'vendor.ril-daemon'...
05-10 22:58:25.434     1     1 I init    : starting service 'media.swcodec'...
05-10 22:58:25.436     1     1 I init    : service 'statsd' requested start, but it is already running (flags: 4)
05-10 22:58:25.436     1     1 I init    : Command 'class_start main' action=nonencrypted (/system/etc/init/hw/init.rc:1178) took 142ms and succeeded
05-10 22:58:25.436     1     1 I init    : Service 'exec 18 (/system/bin/bootstat --set_system_boot_reason)' (pid 444) exited with status 0 oneshot service took 0.168000 seconds in background
05-10 22:58:25.436     1     1 I init    : Sending signal 9 to service 'exec 18 (/system/bin/bootstat --set_system_boot_reason)' (pid 444) process group...
05-10 22:58:25.436     1     1 I libprocessgroup: Successfully killed process cgroup uid 1000 pid 444 in 0ms
05-10 22:58:25.436     1     1 I init    : Service 'qemu-adb-setup' (pid 454) exited with status 0 oneshot service took 0.143000 seconds in background
05-10 22:58:25.436     1     1 I init    : Sending signal 9 to service 'qemu-adb-setup' (pid 454) process group...
05-10 22:58:25.436     1     1 I libprocessgroup: Successfully killed process cgroup uid 0 pid 454 in 0ms
05-10 22:58:25.437     1     1 I init    : starting service 'mdnsd'...
05-10 22:58:25.437     1     1 I init    : Created socket '/dev/socket/mdnsd', mode 660, user 1020, group 3003
05-10 22:58:25.440     1     1 I init    : Control message: Processed ctl.start for 'mdnsd' from pid: 440 (/apex/com.android.adbd/bin/adbd --root_seclabel=u:r:su:s0)
05-10 22:58:25.441     1     1 I init    : starting service 'gatekeeperd'...
05-10 22:58:25.446     1     1 I init    : service 'traced' requested start, but it is already running (flags: 132)
05-10 22:58:25.446     1     1 I init    : service 'traced_probes' requested start, but it is already running (flags: 132)
05-10 22:58:25.447     1     1 I init    : starting service 'usbd'...
05-10 22:58:25.448     1     1 I init    : starting service 'vendor.face-hal-1-0-default'...
05-10 22:58:25.449     1     1 I init    : starting service 'vendor.fps_hal'...
05-10 22:58:25.451     1     1 I init    : processing action (load_persist_props_action) from (/system/etc/init/flags_health_check.rc:1)
05-10 22:58:25.452     1     1 I init    : Verified that /data/server_configurable_flags has the encryption policy e420426f235d9760844e0227967cd64a v2 modes 1/4 flags 0x2
05-10 22:58:25.453     1     1 I init    : starting service 'exec 19 (/system/bin/flags_health_check BOOT_FAILURE)'...
05-10 22:58:25.453     1     1 I init    : SVC_EXEC service 'exec 19 (/system/bin/flags_health_check BOOT_FAILURE)' pid 502 (uid 1000 gid 1000+0 context default) started; waiting...
05-10 22:58:25.454   490   490 I storaged: Unable to get AIDL health service, trying HIDL...
05-10 22:58:25.471     1     1 I init    : Service 'exec 19 (/system/bin/flags_health_check BOOT_FAILURE)' (pid 502) exited with status 0 waiting took 0.018000 seconds
05-10 22:58:25.471     1     1 I init    : Sending signal 9 to service 'exec 19 (/system/bin/flags_health_check BOOT_FAILURE)' (pid 502) process group...
05-10 22:58:25.471     1     1 I libprocessgroup: Successfully killed process cgroup uid 1000 pid 502 in 0ms
05-10 22:58:25.471     1     1 I init    : processing action (load_persist_props_action) from (/system/etc/init/logcatd.rc:29)
05-10 22:58:25.472     1     1 I init    : processing action (llk.enable=0) from (/system/etc/init/llkd.rc:12)
05-10 22:58:25.473     1     1 I init    : processing action (khungtask.enable=1) from (/system/etc/init/llkd.rc:18)
05-10 22:58:25.474     1     1 I init    : processing action (llk.enable=0) from (/system/etc/init/llkd.rc:12)
05-10 22:58:25.474     1     1 I init    : processing action (khungtask.enable=0) from (/system/etc/init/llkd.rc:21)
05-10 22:58:25.474     1     1 I init    : processing action (init.svc.media=*) from (/system/etc/init/mediaserver.rc:1)
05-10 22:58:25.475     1     1 I init    : processing action (khungtask.enable=true) from (/system/etc/init/llkd.rc:25)
05-10 22:58:25.476     1     1 I init    : processing action (khungtask.enable=false) from (/system/etc/init/llkd.rc:31)
05-10 22:58:25.476     1     1 I init    : processing action (init.svc.mediadrm=running) from (/vendor/etc/init/android.hardware.drm-service.widevine.rc:1)
05-10 22:58:25.571   485   485 I installd: installd firing up
05-10 22:58:25.574   491   491 I wificond: wificond is starting up...
05-10 22:58:25.588     1     1 I init    : Service 'usbd' (pid 499) exited with status 0 oneshot service took 0.141000 seconds in background
05-10 22:58:25.588     1     1 I init    : Sending signal 9 to service 'usbd' (pid 499) process group...
05-10 22:58:25.589     1     1 I libprocessgroup: Successfully killed process cgroup uid 0 pid 499 in 0ms
05-10 22:58:25.581   491   491 I HidlServiceManagement: Registered android.system.wifi.keystore@1.0::IKeystore/default
05-10 22:58:25.691     1     1 I init    : Service 'exec 17 (/system/bin/profcollectctl reset)' (pid 414) exited with status 0 oneshot service took 0.619000 seconds in background
05-10 22:58:25.691     1     1 I init    : Sending signal 9 to service 'exec 17 (/system/bin/profcollectctl reset)' (pid 414) process group...
05-10 22:58:25.691     1     1 I libprocessgroup: Successfully killed process cgroup uid 0 pid 414 in 0ms
05-10 22:58:25.831     1     1 I init    : starting service 'bootanim'...
05-10 22:58:25.833     1     1 I init    : Control message: Processed ctl.start for 'bootanim' from pid: 412 (/system/bin/surfaceflinger)
05-10 22:58:26.219   539   570 D BootAnimation: BootAnimationShownTiming start time: 10013ms
05-10 22:58:26.671   368   368 V Zygote64Timing: BeginPreload took to complete: 113ms
05-10 22:58:27.667   368   368 V Zygote64Timing: PreloadClasses took to complete: 996ms
05-10 22:58:27.688   368   368 V Zygote64Timing: CacheNonBootClasspathClassLoaders took to complete: 21ms
05-10 22:58:27.715   368   368 V Zygote64Timing: PreloadResources took to complete: 27ms
05-10 22:58:27.736   368   368 V Zygote64Timing: ZygotePreload took to complete: 1178ms
05-10 22:58:27.800   368   368 V Zygote64Timing: PostZygoteInitGC took to complete: 64ms
05-10 22:58:27.800   368   368 V Zygote64Timing: ZygoteInit took to complete: 1254ms
05-10 22:58:28.266   582   582 D SystemServerTiming: InitBeforeStartServices
05-10 22:58:28.276   582   582 I SystemServer: Entered the Android system server!
