05-10 22:58:24.437     1     1 I init    : Not setting encryption policy on: /data/media
05-10 22:58:24.438     1     1 I init    : starting service 'exec 9 (/system/bin/chattr +F /data/media)'...
05-10 22:58:24.439     1     1 I init    : SVC_EXEC service 'exec 9 (/system/bin/chattr +F /data/media)' pid 332 (uid 1023 gid 1023+0 context default) started; waiting...
05-10 22:58:24.454     1     1 I init    : Service 'exec 9 (/system/bin/chattr +F /data/media)' (pid 332) exited with status 0 waiting took 0.015000 seconds
05-10 22:58:24.454     1     1 I init    : Sending signal 9 to service 'exec 9 (/system/bin/chattr +F /data/media)' (pid 332) process group...
05-10 22:58:24.454     1     1 I libprocessgroup: Successfully killed process cgroup uid 1023 pid 332 in 0ms
05-10 22:58:24.456     1     1 I init    : Verified that /data/media/obb has the encryption policy e420426f235d9760844e0227967cd64a v2 modes 1/4 flags 0x2
05-10 22:58:24.456     1     1 W init    : Inferred action different from explicit one, expected 2 but got 3
05-10 22:58:24.456     1     1 I init    : Verified that /data/bootanim has the encryption policy e420426f235d9760844e0227967cd64a v2 modes 1/4 flags 0x2
05-10 22:58:24.457     1     1 I init    : starting service 'derive_sdk'...
05-10 22:58:24.459     1     1 I init    : SVC_EXEC service 'derive_sdk' pid 333 (uid 9999 gid 9999+0 context default) started; waiting...
05-10 22:58:24.471   333   333 I         : derive_sdk (333) used greatest stack depth: 10816 bytes left
05-10 22:58:24.471     1     1 I init    : Service 'derive_sdk' (pid 333) exited with status 0 waiting took 0.014000 seconds
05-10 22:58:24.471     1     1 I init    : Sending signal 9 to service 'derive_sdk' (pid 333) process group...
05-10 22:58:24.471     1     1 I libprocessgroup: Successfully killed process cgroup uid 9999 pid 333 in 0ms
05-10 22:58:24.472     1     1 I init    : starting service 'exec 10 (/system/bin/vdc --wait cryptfs init_user0)'...
05-10 22:58:24.472     1     1 I init    : SVC_EXEC service 'exec 10 (/system/bin/vdc --wait cryptfs init_user0)' pid 334 (uid 0 gid 0+0 context default) started; waiting...
05-10 22:58:24.466   226   226 D vold    : fscrypt_init_user0
05-10 22:58:24.466   226   226 D vold    : Preparing: /data/misc/vold/user_keys
05-10 22:58:24.467   226   226 D vold    : Preparing: /data/misc/vold/user_keys/ce
05-10 22:58:24.467   226   226 D vold    : Preparing: /data/misc/vold/user_keys/de
05-10 22:58:24.478   334   334 D vdc     : Waited 0ms for vold
05-10 22:58:24.473   226   226 D vold    : Installed fscrypt key with ref b1f09d0eb3cdadf840a8cfb88e168a0c to /data
05-10 22:58:24.473   226   226 D vold    : Added fscrypt-provisioning key for b1f09d0eb3cdadf840a8cfb88e168a0c to session keyring
05-10 22:58:24.473   226   226 D vold    : Installed de key for user 0
05-10 22:58:24.473   226   226 D vold    : fscrypt_prepare_user_storage for volume null, user 0, serial 0, flags 1
05-10 22:58:24.473   226   226 D vold    : Preparing: /data/system/users/0
05-10 22:58:24.473   226   226 D vold    : Preparing: /data/misc/profiles/cur/0
05-10 22:58:24.474   226   226 D vold    : Preparing: /data/system_de/0
05-10 22:58:24.475   226   226 D vold    : Preparing: /data/vendor_de/0
05-10 22:58:24.475   226   226 D vold    : Preparing: /data/misc_de/0
05-10 22:58:24.476   226   226 D vold    : Preparing: /data/user_de/0
05-10 22:58:24.476   226   226 I vold    : Verified that /data/system_de/0 has the encryption policy b1f09d0eb3cdadf840a8cfb88e168a0c v2 modes 1/4 flags 0x2
05-10 22:58:24.477   226   226 I vold    : Verified that /data/vendor_de/0 has the encryption policy b1f09d0eb3cdadf840a8cfb88e168a0c v2 modes 1/4 flags 0x2
05-10 22:58:24.477   226   226 I vold    : Verified that /data/misc_de/0 has the encryption policy b1f09d0eb3cdadf840a8cfb88e168a0c v2 modes 1/4 flags 0x2
05-10 22:58:24.477   226   226 I vold    : Verified that /data/user_de/0 has the encryption policy b1f09d0eb3cdadf840a8cfb88e168a0c v2 modes 1/4 flags 0x2
05-10 22:58:24.477   226   226 D vold    : /system/bin/vold_prepare_subdirs
05-10 22:58:24.477   226   226 D vold    :     prepare
05-10 22:58:24.477   226   226 D vold    :     
05-10 22:58:24.477   226   226 D vold    :     0
05-10 22:58:24.477   226   226 D vold    :     1
05-10 22:58:24.496   226   226 D vold    : Detected support for FS_IOC_ADD_ENCRYPTION_KEY
05-10 22:58:24.510     1     1 I init    : Service 'exec 10 (/system/bin/vdc --wait cryptfs init_user0)' (pid 334) exited with status 0 waiting took 0.038000 seconds
05-10 22:58:24.510     1     1 I init    : Sending signal 9 to service 'exec 10 (/system/bin/vdc --wait cryptfs init_user0)' (pid 334) process group...
05-10 22:58:24.510     1     1 I libprocessgroup: Successfully killed process cgroup uid 0 pid 334 in 0ms
05-10 22:58:24.511     1     1 I selinux : SELinux: Skipping restorecon on directory(/data)
05-10 22:58:24.511     1     1 I selinux :  
05-10 22:58:24.511     1     1 I init    : starting service 'derive_classpath'...
05-10 22:58:24.513     1     1 I init    : SVC_EXEC service 'derive_classpath' pid 336 (uid 1000 gid 1000+1 context default) started; waiting...
05-10 22:58:24.538   336   336 I         : derive_classpat (336) used greatest stack depth: 10752 bytes left
05-10 22:58:24.539     1     1 I init    : Service 'derive_classpath' (pid 336) exited with status 0 waiting took 0.027000 seconds
05-10 22:58:24.539     1     1 I init    : Sending signal 9 to service 'derive_classpath' (pid 336) process group...
05-10 22:58:24.539     1     1 I libprocessgroup: Successfully killed process cgroup uid 1000 pid 336 in 0ms
05-10 22:58:24.540     1     1 I init    : starting service 'odsign'...
05-10 22:58:24.544   338   338 I odsign  : Trying to retrieve existing HMAC key...
05-10 22:58:24.545   338   338 I odsign  : Trying to retrieve existing keystore key...
05-10 22:58:24.550   338   338 I odsign  : Verified public key signature.
05-10 22:58:24.550   338   338 I odsign  : Initialized Keystore key.
05-10 22:58:24.551   338   338 I odsign  : Found and verified existing public key certificate: /data/misc/odsign/key.cert
05-10 22:58:24.651   340   340 I odrefresh: ART APEX version 331012010
05-10 22:58:24.651   340   340 I odrefresh: Factory ART APEX mounted.
05-10 22:58:24.651   340   340 I odrefresh: System properties are set to default values.
05-10 22:58:24.652   340   340 I odrefresh: Factory APEXes mounted.
05-10 22:58:24.652   340   340 I odrefresh: System properties are set to default values.
05-10 22:58:24.659   338   338 I odsign  : Metrics report is empty
05-10 22:58:24.659   338   338 I odsign  : /data/misc/odsign/odsign.info not found.
05-10 22:58:24.660   338   338 I odsign  : odrefresh said artifacts are VALID
05-10 22:58:24.660   338   338 I odsign  : On-device signing done.
05-10 22:58:24.672   169   169 I init    : Wait for property 'odsign.key.done=1' took 130ms
05-10 22:58:24.673     1     1 I init    : starting service 'exec 11 (/system/bin/fsverity_init --lock)'...
05-10 22:58:24.674     1     1 I init    : SVC_EXEC service 'exec 11 (/system/bin/fsverity_init --lock)' pid 341 (uid 0 gid 0+0 context default) started; waiting...
05-10 22:58:24.674     1     1 I init    : Sending signal 9 to service 'odsign' (pid 338) process group...
05-10 22:58:24.679     1     1 I libprocessgroup: Successfully killed process cgroup uid 0 pid 338 in 5ms
05-10 22:58:24.680     1     1 I init    : Control message: Processed ctl.stop for 'odsign' from pid: 338 (/system/bin/odsign)
05-10 22:58:24.680     1     1 I init    : Service 'odsign' (pid 338) received signal 9
05-10 22:58:24.680     1     1 I init    : Service 'exec 11 (/system/bin/fsverity_init --lock)' (pid 341) exited with status 0 waiting took 0.007000 seconds
05-10 22:58:24.680     1     1 I init    : Sending signal 9 to service 'exec 11 (/system/bin/fsverity_init --lock)' (pid 341) process group...
05-10 22:58:24.681     1     1 I libprocessgroup: Successfully killed process cgroup uid 0 pid 341 in 0ms
05-10 22:58:24.668   239   274 I keystore2: keystore2::super_key: keystore.boot_level 1000000000 hits maximum 1000000000, finishing.
05-10 22:58:24.681     1     1 I init    : starting service 'apexd-snapshotde'...
05-10 22:58:24.683     1     1 I init    : SVC_EXEC service 'apexd-snapshotde' pid 342 (uid 0 gid 1000+0 context default) started; waiting...
05-10 22:58:24.692   342   342 I apexd   : Snapshot DE subcommand detected
05-10 22:58:24.693   342   342 I apexd   : Marking APEXd as ready
05-10 22:58:24.695     1     1 I init    : Service 'apexd-snapshotde' (pid 342) exited with status 0 waiting took 0.013000 seconds
05-10 22:58:24.695     1     1 I init    : Sending signal 9 to service 'apexd-snapshotde' (pid 342) process group...
05-10 22:58:24.695     1     1 I libprocessgroup: Successfully killed process cgroup uid 0 pid 342 in 0ms
05-10 22:58:24.695     1     1 I init    : starting service 'exec 12 (/system/bin/tzdatacheck /apex/com.android.tzdata/etc/tz /data/misc/zoneinfo)'...
05-10 22:58:24.696     1     1 I init    : SVC_EXEC service 'exec 12 (/system/bin/tzdatacheck /apex/com.android.tzdata/etc/tz /data/misc/zoneinfo)' pid 343 (uid 1000 gid 1000+0 context default) started; waiting...
05-10 22:58:24.701     1     1 I init    : Service 'exec 12 (/system/bin/tzdatacheck /apex/com.android.tzdata/etc/tz /data/misc/zoneinfo)' (pid 343) exited with status 0 waiting took 0.005000 seconds
05-10 22:58:24.701     1     1 I init    : Sending signal 9 to service 'exec 12 (/system/bin/tzdatacheck /apex/com.android.tzdata/etc/tz /data/misc/zoneinfo)' (pid 343) process group...
05-10 22:58:24.701     1     1 I libprocessgroup: Successfully killed process cgroup uid 1000 pid 343 in 0ms
05-10 22:58:24.706     1     1 I init    : processing action (post-fs-data) from (/system/etc/init/hw/init.usb.rc:6)
05-10 22:58:24.707     1     1 I init    : Verified that /data/adb has the encryption policy e420426f235d9760844e0227967cd64a v2 modes 1/4 flags 0x2
05-10 22:58:24.707     1     1 I init    : processing action (post-fs-data) from (/vendor/etc/init/hw/init.ranchu.rc:66)
05-10 22:58:24.709     1     1 I init    : starting service 'qemu-adb-keys'...
05-10 22:58:24.711     1     1 I init    : starting service 'qemu-device-state'...
05-10 22:58:24.712     1     1 I init    : processing action (ro.boot.qemu.virtiowifi=1 && post-fs-data) from (/vendor/etc/init/hw/init.ranchu.rc:132)
05-10 22:58:24.713     1     1 I init    : starting service 'ranchu-net'...
05-10 22:58:24.715     1     1 I init    : processing action (post-fs-data) from (/system/etc/init/bootstat.rc:9)
05-10 22:58:24.715     1     1 I init    : processing action (ro.debuggable=1 && post-fs-data) from (/system/etc/init/clean_scratch_files.rc:1)
05-10 22:58:24.716     1     1 I init    : starting service 'exec 13 (/system/bin/clean_scratch_files)'...
05-10 22:58:24.717     1     1 I init    : processing action (post-fs-data) from (/system/etc/init/gsid.rc:17)
05-10 22:58:24.717     1     1 I init    : Not setting encryption policy on: /data/gsi
05-10 22:58:24.718     1     1 I init    : processing action (post-fs-data) from (/system/etc/init/incidentd.rc:21)
05-10 22:58:24.718     1     1 I init    : processing action (post-fs-data) from (/system/etc/init/logtagd.rc:4)
05-10 22:58:24.719     1     1 I init    : processing action (post-fs-data) from (/system/etc/init/otapreopt.rc:3)
05-10 22:58:24.719     1     1 I init    : starting service 'exec 14 (/system/bin/otapreopt_slot)'...
05-10 22:58:24.719     1     1 I init    : SVC_EXEC service 'exec 14 (/system/bin/otapreopt_slot)' pid 348 (uid 0 gid 0+0 context default) started; waiting...
05-10 22:58:24.720     1     1 I init    : Service 'qemu-adb-keys' (pid 344) exited with status 0 oneshot service took 0.010000 seconds in background
05-10 22:58:24.720     1     1 I init    : Sending signal 9 to service 'qemu-adb-keys' (pid 344) process group...
05-10 22:58:24.720     1     1 I libprocessgroup: Successfully killed process cgroup uid 0 pid 344 in 0ms
05-10 22:58:24.721     1     1 I init    : Service 'qemu-device-state' (pid 345) exited with status 0 oneshot service took 0.009000 seconds in background
05-10 22:58:24.721     1     1 I init    : Sending signal 9 to service 'qemu-device-state' (pid 345) process group...
05-10 22:58:24.721     1     1 I libprocessgroup: Successfully killed process cgroup uid 0 pid 345 in 0ms
05-10 22:58:24.737     1     1 I init    : Service 'exec 13 (/system/bin/clean_scratch_files)' (pid 347) exited with status 0 oneshot service took 0.021000 seconds in background
05-10 22:58:24.737     1     1 I init    : Sending signal 9 to service 'exec 13 (/system/bin/clean_scratch_files)' (pid 347) process group...
05-10 22:58:24.738     1     1 I libprocessgroup: Successfully killed process cgroup uid 0 pid 347 in 0ms
05-10 22:58:24.742     1     1 I init    : Service 'exec 14 (/system/bin/otapreopt_slot)' (pid 348) exited with status 1 waiting took 0.022000 seconds
05-10 22:58:24.742     1     1 I init    : Sending signal 9 to service 'exec 14 (/system/bin/otapreopt_slot)' (pid 348) process group...
05-10 22:58:24.742     1     1 I libprocessgroup: Successfully killed process cgroup uid 0 pid 348 in 0ms
05-10 22:58:24.743     1     1 E selinux : SELinux:  Could not stat /data/dalvik-cache/arm: No such file or directory.
05-10 22:58:24.743     1     1 E selinux :  
05-10 22:58:24.743     1     1 I selinux : SELinux: Skipping restorecon on directory(/data/dalvik-cache/arm64)
05-10 22:58:24.743     1     1 I selinux :  
05-10 22:58:24.743     1     1 E selinux : SELinux:  Could not stat /data/dalvik-cache/mips: No such file or directory.
05-10 22:58:24.743     1     1 E selinux :  
05-10 22:58:24.743     1     1 E selinux : SELinux:  Could not stat /data/dalvik-cache/mips64: No such file or directory.
05-10 22:58:24.743     1     1 E selinux :  
05-10 22:58:24.744     1     1 E selinux : SELinux:  Could not stat /data/dalvik-cache/x86: No such file or directory.
05-10 22:58:24.744     1     1 E selinux :  
05-10 22:58:24.744     1     1 E selinux : SELinux:  Could not stat /data/dalvik-cache/x86_64: No such file or directory.
05-10 22:58:24.744     1     1 E selinux :  
05-10 22:58:24.744     1     1 I init    : processing action (post-fs-data) from (/system/etc/init/perfetto.rc:73)
05-10 22:58:24.744     1     1 I init    : Command 'rm /data/misc/perfetto-traces/.guardraildata' action=post-fs-data (/system/etc/init/perfetto.rc:74) took 0ms and failed: unlink() failed: No such file or directory
05-10 22:58:24.744     1     1 I init    : processing action (post-fs-data) from (/system/etc/init/profcollectd.rc:9)
05-10 22:58:24.744     1     1 I init    : processing action (post-fs-data) from (/system/etc/init/recovery-persist.rc:1)
05-10 22:58:24.744     1     1 I init    : starting service 'exec 15 (/system/bin/recovery-persist)'...
05-10 22:58:24.745     1     1 I init    : processing action (post-fs-data) from (/system/etc/init/wifi.rc:18)
05-10 22:58:24.746     1     1 I selinux : SELinux: Skipping restorecon on directory(/data/misc/apexdata/com.android.wifi)
05-10 22:58:24.746     1     1 I selinux :  
05-10 22:58:24.746     1     1 I init    : processing action (post-fs-data) from (/vendor/etc/init/hostapd.android.rc:9)
05-10 22:58:24.746   353   353 D ieee80211 phy1: Selected rate control algorithm 'minstrel_ht'
05-10 22:58:24.748     1     1 I init    : processing action (load_bpf_programs) from (/system/etc/init/bpfloader.rc:17)
05-10 22:58:24.748     1     1 I init    : starting service 'bpfloader'...
05-10 22:58:24.749     1     1 I init    : SVC_EXEC service 'bpfloader' pid 356 (uid 0 gid 0+0 context default) started; waiting...
05-10 22:58:24.753     1     1 I init    : Service 'exec 15 (/system/bin/recovery-persist)' (pid 354) exited with status 0 oneshot service took 0.008000 seconds in background
05-10 22:58:24.753     1     1 I init    : Sending signal 9 to service 'exec 15 (/system/bin/recovery-persist)' (pid 354) process group...
05-10 22:58:24.754     1     1 I libprocessgroup: Successfully killed process cgroup uid 1000 pid 354 in 0ms
05-10 22:58:24.756     1     1 I init    : starting service 'dhcpclient_wifi'...
05-10 22:58:24.758     1     1 I init    : Control message: Processed ctl.start for 'dhcpclient_wifi' from pid: 355 (setprop ctl.start dhcpclient_wifi)
05-10 22:58:24.763   356   356 D LibBpfLoader: Loading optional ELF object /apex/com.android.tethering/etc/bpf/test.o with license Apache 2.0
05-10 22:58:24.763   356   356 I LibBpfLoader: Section bpfloader_min_ver value is 2 [0x2]
05-10 22:58:24.763   356   356 I LibBpfLoader: Section bpfloader_max_ver value is 25 [0x19]
05-10 22:58:24.763   356   356 I LibBpfLoader: Section size_of_bpf_map_def value is 120 [0x78]
05-10 22:58:24.763   356   356 I LibBpfLoader: Section size_of_bpf_prog_def value is 92 [0x5c]
05-10 22:58:24.763   356   356 I LibBpfLoader: BpfLoader version 0x00013 processing ELF object /apex/com.android.tethering/etc/bpf/test.o with ver [0x00002,0x00019)
05-10 22:58:24.763   356   356 D LibBpfLoader: Loaded code section 3 (xdp_drop_ipv4_udp_ether)
05-10 22:58:24.763   356   356 D LibBpfLoader: Adding section 3 to cs list
05-10 22:58:24.763   356   356 D LibBpfLoader: Couldn't find section btf_min_bpfloader_ver (defaulting to 0 [0x0]).
05-10 22:58:24.763   356   356 D LibBpfLoader: Couldn't find section btf_min_kernel_ver (defaulting to 0 [0x0]).
05-10 22:58:24.763   356   356 D LibBpfLoader: bpf_create_map name tether_downstream6_map, ret: 6
05-10 22:58:24.763   356   356 I LibBpfLoader: map /sys/fs/bpf/tethering/map_test_tether_downstream6_map id 1
05-10 22:58:24.763   356   356 D LibBpfLoader: bpf_create_map name bitmap, ret: 7
05-10 22:58:24.763   356   356 I LibBpfLoader: map /sys/fs/bpf/tethering/map_test_bitmap id 2
05-10 22:58:24.763   356   356 D LibBpfLoader: map_fd found at 0 is 6 in /apex/com.android.tethering/etc/bpf/test.o
05-10 22:58:24.763   356   356 D LibBpfLoader: map_fd found at 1 is 7 in /apex/com.android.tethering/etc/bpf/test.o
05-10 22:58:24.763   356   356 D LibBpfLoader: cs[0].name:xdp_drop_ipv4_udp_ether min_kver:5090000 .max_kver:ffffffff (kvers:50f0029)
05-10 22:58:24.763   356   356 D LibBpfLoader: cs[0].name:xdp_drop_ipv4_udp_ether requires bpfloader version [0x00000,0x10000)
05-10 22:58:24.764   356   356 D LibBpfLoader: bpf_prog_load lib call for /apex/com.android.tethering/etc/bpf/test.o (xdp_drop_ipv4_udp_ether) returned fd: 8 (no error)
05-10 22:58:24.764   356   356 I LibBpfLoader: prog /sys/fs/bpf/tethering/prog_test_xdp_drop_ipv4_udp_ether id 1
05-10 22:58:24.764   356   356 I bpfloader: Loaded object: /apex/com.android.tethering/etc/bpf/test.o
05-10 22:58:24.766     1     1 I init    : Service 'ranchu-net' (pid 346) exited with status 0 oneshot service took 0.051000 seconds in background
05-10 22:58:24.766     1     1 I init    : Sending signal 9 to service 'ranchu-net' (pid 346) process group...
05-10 22:58:24.766     1     1 I libprocessgroup: Successfully killed process cgroup uid 0 pid 346 in 0ms
05-10 22:58:24.768   356   356 D LibBpfLoader: Loading critical for Connectivity (Tethering) ELF object /apex/com.android.tethering/etc/bpf/offload.o with license Apache 2.0
05-10 22:58:24.768   356   356 I LibBpfLoader: Section bpfloader_min_ver value is 2 [0x2]
05-10 22:58:24.768   356   356 I LibBpfLoader: Section bpfloader_max_ver value is 25 [0x19]
05-10 22:58:24.768   356   356 I LibBpfLoader: Section size_of_bpf_map_def value is 120 [0x78]
05-10 22:58:24.768   356   356 I LibBpfLoader: Section size_of_bpf_prog_def value is 92 [0x5c]
05-10 22:58:24.768   356   356 I LibBpfLoader: BpfLoader version 0x00013 processing ELF object /apex/com.android.tethering/etc/bpf/offload.o with ver [0x00002,0x00019)
05-10 22:58:24.774   356   356 D LibBpfLoader: Loaded code section 3 (schedcls_tether_downstream6_ether)
05-10 22:58:24.774   356   356 D LibBpfLoader: Loaded relo section 3 (.relschedcls/tether_downstream6_ether)
05-10 22:58:24.774   356   356 D LibBpfLoader: Adding section 3 to cs list
05-10 22:58:24.774   356   356 D LibBpfLoader: Loaded code section 5 (schedcls_tether_upstream6_ether)
05-10 22:58:24.774   356   356 D LibBpfLoader: Loaded relo section 5 (.relschedcls/tether_upstream6_ether)
05-10 22:58:24.774   356   356 D LibBpfLoader: Adding section 5 to cs list
05-10 22:58:24.774   356   356 D LibBpfLoader: Loaded code section 7 (schedcls_tether_downstream6_rawip$4_14)
05-10 22:58:24.775   356   356 D LibBpfLoader: Loaded relo section 7 (.relschedcls/tether_downstream6_rawip$4_14)
05-10 22:58:24.775   356   356 D LibBpfLoader: Adding section 7 to cs list
05-10 22:58:24.775   356   356 D LibBpfLoader: Loaded code section 9 (schedcls_tether_upstream6_rawip$4_14)
05-10 22:58:24.775   356   356 D LibBpfLoader: Loaded relo section 9 (.relschedcls/tether_upstream6_rawip$4_14)
05-10 22:58:24.775   356   356 D LibBpfLoader: Adding section 9 to cs list
05-10 22:58:24.775   356   356 D LibBpfLoader: Loaded code section 11 (schedcls_tether_downstream6_rawip$stub)
05-10 22:58:24.775   356   356 D LibBpfLoader: Adding section 11 to cs list
05-10 22:58:24.775   356   356 D LibBpfLoader: Loaded code section 12 (schedcls_tether_upstream6_rawip$stub)
05-10 22:58:24.775   356   356 D LibBpfLoader: Adding section 12 to cs list
05-10 22:58:24.775   356   356 D LibBpfLoader: Loaded code section 13 (schedcls_tether_downstream4_rawip$5_8)
05-10 22:58:24.775   356   356 D LibBpfLoader: Loaded relo section 13 (.relschedcls/tether_downstream4_rawip$5_8)
05-10 22:58:24.775   356   356 D LibBpfLoader: Adding section 13 to cs list
05-10 22:58:24.775   356   356 D LibBpfLoader: Loaded code section 15 (schedcls_tether_upstream4_rawip$5_8)
05-10 22:58:24.775   356   356 D LibBpfLoader: Loaded relo section 15 (.relschedcls/tether_upstream4_rawip$5_8)
05-10 22:58:24.775   356   356 D LibBpfLoader: Adding section 15 to cs list
05-10 22:58:24.775   356   356 D LibBpfLoader: Loaded code section 17 (schedcls_tether_downstream4_ether$5_8)
05-10 22:58:24.775   356   356 D LibBpfLoader: Loaded relo section 17 (.relschedcls/tether_downstream4_ether$5_8)
05-10 22:58:24.775   356   356 D LibBpfLoader: Adding section 17 to cs list
05-10 22:58:24.775   356   356 D LibBpfLoader: Loaded code section 19 (schedcls_tether_upstream4_ether$5_8)
05-10 22:58:24.775   356   356 D LibBpfLoader: Loaded relo section 19 (.relschedcls/tether_upstream4_ether$5_8)
05-10 22:58:24.775   356   356 D LibBpfLoader: Adding section 19 to cs list
05-10 22:58:24.775   356   356 D LibBpfLoader: Loaded code section 21 (schedcls_tether_downstream4_rawip$opt)
05-10 22:58:24.776   356   356 D LibBpfLoader: Loaded relo section 21 (.relschedcls/tether_downstream4_rawip$opt)
05-10 22:58:24.776   356   356 D LibBpfLoader: Adding section 21 to cs list
05-10 22:58:24.776   356   356 D LibBpfLoader: Loaded code section 23 (schedcls_tether_upstream4_rawip$opt)
05-10 22:58:24.776   356   356 D LibBpfLoader: Loaded relo section 23 (.relschedcls/tether_upstream4_rawip$opt)
05-10 22:58:24.776   356   356 D LibBpfLoader: Adding section 23 to cs list
05-10 22:58:24.776   356   356 D LibBpfLoader: Loaded code section 25 (schedcls_tether_downstream4_ether$opt)
05-10 22:58:24.776   356   356 D LibBpfLoader: Loaded relo section 25 (.relschedcls/tether_downstream4_ether$opt)
05-10 22:58:24.776   356   356 D LibBpfLoader: Adding section 25 to cs list
05-10 22:58:24.776   356   356 D LibBpfLoader: Loaded code section 27 (schedcls_tether_upstream4_ether$opt)
05-10 22:58:24.777   356   356 D LibBpfLoader: Loaded relo section 27 (.relschedcls/tether_upstream4_ether$opt)
05-10 22:58:24.777   356   356 D LibBpfLoader: Adding section 27 to cs list
05-10 22:58:24.777   356   356 D LibBpfLoader: Loaded code section 29 (schedcls_tether_downstream4_rawip$5_4)
05-10 22:58:24.777   356   356 D LibBpfLoader: Loaded relo section 29 (.relschedcls/tether_downstream4_rawip$5_4)
05-10 22:58:24.777   356   356 D LibBpfLoader: Adding section 29 to cs list
05-10 22:58:24.777   356   356 D LibBpfLoader: Loaded code section 31 (schedcls_tether_upstream4_rawip$5_4)
05-10 22:58:24.777   356   356 D LibBpfLoader: Loaded relo section 31 (.relschedcls/tether_upstream4_rawip$5_4)
05-10 22:58:24.777   356   356 D LibBpfLoader: Adding section 31 to cs list
05-10 22:58:24.777   356   356 D LibBpfLoader: Loaded code section 33 (schedcls_tether_downstream4_rawip$4_14)
05-10 22:58:24.777   356   356 D LibBpfLoader: Loaded relo section 33 (.relschedcls/tether_downstream4_rawip$4_14)
05-10 22:58:24.777   356   356 D LibBpfLoader: Adding section 33 to cs list
05-10 22:58:24.777   356   356 D LibBpfLoader: Loaded code section 35 (schedcls_tether_upstream4_rawip$4_14)
05-10 22:58:24.777   356   356 D LibBpfLoader: Loaded relo section 35 (.relschedcls/tether_upstream4_rawip$4_14)
05-10 22:58:24.777   356   356 D LibBpfLoader: Adding section 35 to cs list
05-10 22:58:24.777   356   356 D LibBpfLoader: Loaded code section 37 (schedcls_tether_downstream4_ether$4_14)
05-10 22:58:24.778   356   356 D LibBpfLoader: Loaded relo section 37 (.relschedcls/tether_downstream4_ether$4_14)
05-10 22:58:24.778   356   356 D LibBpfLoader: Adding section 37 to cs list
05-10 22:58:24.778   356   356 D LibBpfLoader: Loaded code section 39 (schedcls_tether_upstream4_ether$4_14)
05-10 22:58:24.778   356   356 D LibBpfLoader: Loaded relo section 39 (.relschedcls/tether_upstream4_ether$4_14)
05-10 22:58:24.778   356   356 D LibBpfLoader: Adding section 39 to cs list
05-10 22:58:24.778   356   356 D LibBpfLoader: Loaded code section 41 (schedcls_tether_downstream4_rawip$stub)
05-10 22:58:24.778   356   356 D LibBpfLoader: Adding section 41 to cs list
05-10 22:58:24.778   356   356 D LibBpfLoader: Loaded code section 42 (schedcls_tether_upstream4_rawip$stub)
05-10 22:58:24.779   356   356 D LibBpfLoader: Adding section 42 to cs list
05-10 22:58:24.779   356   356 D LibBpfLoader: Loaded code section 43 (schedcls_tether_downstream4_ether$stub)
05-10 22:58:24.779   356   356 D LibBpfLoader: Adding section 43 to cs list
05-10 22:58:24.779   356   356 D LibBpfLoader: Loaded code section 44 (schedcls_tether_upstream4_ether$stub)
05-10 22:58:24.779   356   356 D LibBpfLoader: Adding section 44 to cs list
05-10 22:58:24.779   356   356 D LibBpfLoader: Loaded code section 45 (xdp_tether_downstream_ether)
05-10 22:58:24.780   356   356 D LibBpfLoader: Adding section 45 to cs list
05-10 22:58:24.780   356   356 D LibBpfLoader: Loaded code section 46 (xdp_tether_downstream_rawip)
05-10 22:58:24.780   356   356 D LibBpfLoader: Adding section 46 to cs list
05-10 22:58:24.780   356   356 D LibBpfLoader: Loaded code section 47 (xdp_tether_upstream_ether)
05-10 22:58:24.781   356   356 D LibBpfLoader: Adding section 47 to cs list
05-10 22:58:24.781   356   356 D LibBpfLoader: Loaded code section 48 (xdp_tether_upstream_rawip)
05-10 22:58:24.782   356   356 D LibBpfLoader: Adding section 48 to cs list
05-10 22:58:24.782   356   356 D LibBpfLoader: Couldn't find section btf_min_bpfloader_ver (defaulting to 0 [0x0]).
05-10 22:58:24.783   356   356 D LibBpfLoader: Couldn't find section btf_min_kernel_ver (defaulting to 0 [0x0]).
05-10 22:58:24.783   356   356 D LibBpfLoader: bpf_create_map name tether_error_map, ret: 6
05-10 22:58:24.783   356   356 I LibBpfLoader: map /sys/fs/bpf/tethering/map_offload_tether_error_map id 3
05-10 22:58:24.783   356   356 D LibBpfLoader: bpf_create_map name tether_stats_map, ret: 7
05-10 22:58:24.783   356   356 I LibBpfLoader: map /sys/fs/bpf/tethering/map_offload_tether_stats_map id 4
05-10 22:58:24.783   356   356 D LibBpfLoader: bpf_create_map name tether_limit_map, ret: 8
05-10 22:58:24.783   356   356 I LibBpfLoader: map /sys/fs/bpf/tethering/map_offload_tether_limit_map id 5
05-10 22:58:24.783   356   356 D LibBpfLoader: bpf_create_map name tether_downstream6_map, ret: 9
05-10 22:58:24.783   356   356 I LibBpfLoader: map /sys/fs/bpf/tethering/map_offload_tether_downstream6_map id 6
05-10 22:58:24.783   356   356 D LibBpfLoader: bpf_create_map name tether_downstream64_map, ret: 10
05-10 22:58:24.783   356   356 I LibBpfLoader: map /sys/fs/bpf/tethering/map_offload_tether_downstream64_map id 7
05-10 22:58:24.783   356   356 D LibBpfLoader: bpf_create_map name tether_upstream6_map, ret: 11
05-10 22:58:24.783   356   356 I LibBpfLoader: map /sys/fs/bpf/tethering/map_offload_tether_upstream6_map id 8
05-10 22:58:24.783   356   356 D LibBpfLoader: bpf_create_map name tether_downstream4_map, ret: 12
05-10 22:58:24.783   356   356 I LibBpfLoader: map /sys/fs/bpf/tethering/map_offload_tether_downstream4_map id 9
05-10 22:58:24.783   356   356 D LibBpfLoader: bpf_create_map name tether_upstream4_map, ret: 13
05-10 22:58:24.783   356   356 I LibBpfLoader: map /sys/fs/bpf/tethering/map_offload_tether_upstream4_map id 10
05-10 22:58:24.783   356   356 D LibBpfLoader: bpf_create_map name tether_dev_map, ret: 14
05-10 22:58:24.783   356   356 I LibBpfLoader: map /sys/fs/bpf/tethering/map_offload_tether_dev_map id 11
05-10 22:58:24.783   356   356 D LibBpfLoader: map_fd found at 0 is 6 in /apex/com.android.tethering/etc/bpf/offload.o
05-10 22:58:24.783   356   356 D LibBpfLoader: map_fd found at 1 is 7 in /apex/com.android.tethering/etc/bpf/offload.o
05-10 22:58:24.783   356   356 D LibBpfLoader: map_fd found at 2 is 8 in /apex/com.android.tethering/etc/bpf/offload.o
05-10 22:58:24.783   356   356 D LibBpfLoader: map_fd found at 3 is 9 in /apex/com.android.tethering/etc/bpf/offload.o
05-10 22:58:24.783   356   356 D LibBpfLoader: map_fd found at 4 is 10 in /apex/com.android.tethering/etc/bpf/offload.o
05-10 22:58:24.783   356   356 D LibBpfLoader: map_fd found at 5 is 11 in /apex/com.android.tethering/etc/bpf/offload.o
05-10 22:58:24.783   356   356 D LibBpfLoader: map_fd found at 6 is 12 in /apex/com.android.tethering/etc/bpf/offload.o
05-10 22:58:24.783   356   356 D LibBpfLoader: map_fd found at 7 is 13 in /apex/com.android.tethering/etc/bpf/offload.o
05-10 22:58:24.783   356   356 D LibBpfLoader: map_fd found at 8 is 14 in /apex/com.android.tethering/etc/bpf/offload.o
05-10 22:58:24.784   356   356 D LibBpfLoader: applying relo to instruction at byte offset: 296, 	       insn offset 37 , insn 118
05-10 22:58:24.784   356   356 D LibBpfLoader:  
05-10 22:58:24.784   356   356 D LibBpfLoader: applying relo to instruction at byte offset: 400, 	       insn offset 50 , insn 118
05-10 22:58:24.784   356   356 D LibBpfLoader:  
05-10 22:58:24.784   356   356 D LibBpfLoader: applying relo to instruction at byte offset: 528, 	       insn offset 66 , insn 118
05-10 22:58:24.784   356   356 D LibBpfLoader:  
05-10 22:58:24.784   356   356 D LibBpfLoader: applying relo to instruction at byte offset: 624, 	       insn offset 78 , insn 118
05-10 22:58:24.784   356   356 D LibBpfLoader:  
05-10 22:58:24.784   356   356 D LibBpfLoader: applying relo to instruction at byte offset: 744, 	       insn offset 93 , insn 118
05-10 22:58:24.784   356   356 D LibBpfLoader:  
05-10 22:58:24.784   356   356 D LibBpfLoader: applying relo to instruction at byte offset: 848, 	       insn offset 106 , insn 118
05-10 22:58:24.784   356   356 D LibBpfLoader:  
05-10 22:58:24.784   356   356 D LibBpfLoader: applying relo to instruction at byte offset: 1144, 	       insn offset 143 , insn 118
05-10 22:58:24.784   356   356 D LibBpfLoader:  
05-10 22:58:24.784   356   356 D LibBpfLoader: applying relo to instruction at byte offset: 1224, 	       insn offset 153 , insn 118
05-10 22:58:24.784   356   356 D LibBpfLoader:  
05-10 22:58:24.784   356   356 D LibBpfLoader: applying relo to instruction at byte offset: 1296, 	       insn offset 162 , insn 118
05-10 22:58:24.784   356   356 D LibBpfLoader:  
05-10 22:58:24.784   356   356 D LibBpfLoader: applying relo to instruction at byte offset: 1376, 	       insn offset 172 , insn 118
05-10 22:58:24.784   356   356 D LibBpfLoader:  
05-10 22:58:24.784   356   356 D LibBpfLoader: applying relo to instruction at byte offset: 1440, 	       insn offset 180 , insn 118
05-10 22:58:24.784   356   356 D LibBpfLoader:  
05-10 22:58:24.784   356   356 D LibBpfLoader: applying relo to instruction at byte offset: 1528, 	       insn offset 191 , insn 118
05-10 22:58:24.784   356   356 D LibBpfLoader:  
05-10 22:58:24.784   356   356 D LibBpfLoader: applying relo to instruction at byte offset: 1800, 	       insn offset 225 , insn 118
05-10 22:58:24.784   356   356 D LibBpfLoader:  
05-10 22:58:24.784   356   356 D LibBpfLoader: applying relo to instruction at byte offset: 296, 	       insn offset 37 , insn 118
05-10 22:58:24.784   356   356 D LibBpfLoader:  
05-10 22:58:24.784   356   356 D LibBpfLoader: applying relo to instruction at byte offset: 400, 	       insn offset 50 , insn 118
05-10 22:58:24.784   356   356 D LibBpfLoader:  
05-10 22:58:24.784   356   356 D LibBpfLoader: applying relo to instruction at byte offset: 528, 	       insn offset 66 , insn 118
05-10 22:58:24.784   356   356 D LibBpfLoader:  
05-10 22:58:24.784   356   356 D LibBpfLoader: applying relo to instruction at byte offset: 624, 	       insn offset 78 , insn 118
05-10 22:58:24.784   356   356 D LibBpfLoader:  
05-10 22:58:24.784   356   356 D LibBpfLoader: applying relo to instruction at byte offset: 752, 	       insn offset 94 , insn 118
05-10 22:58:24.784   356   356 D LibBpfLoader:  
05-10 22:58:24.784   356   356 D LibBpfLoader: applying relo to instruction at byte offset: 864, 	       insn offset 108 , insn 118
05-10 22:58:24.784   356   356 D LibBpfLoader:  
05-10 22:58:24.784   356   356 D LibBpfLoader: applying relo to instruction at byte offset: 968, 	       insn offset 121 , insn 118
05-10 22:58:24.784   356   356 D LibBpfLoader:  
05-10 22:58:24.784   356   356 D LibBpfLoader: applying relo to instruction at byte offset: 1184, 	       insn offset 148 , insn 118
05-10 22:58:24.784   356   356 D LibBpfLoader:  
05-10 22:58:24.784   356   356 D LibBpfLoader: applying relo to instruction at byte offset: 1264, 	       insn offset 158 , insn 118
05-10 22:58:24.784   356   356 D LibBpfLoader:  
05-10 22:58:24.784   356   356 D LibBpfLoader: applying relo to instruction at byte offset: 1336, 	       insn offset 167 , insn 118
05-10 22:58:24.784   356   356 D LibBpfLoader:  
05-10 22:58:24.784   356   356 D LibBpfLoader: applying relo to instruction at byte offset: 1416, 	       insn offset 177 , insn 118
05-10 22:58:24.784   356   356 D LibBpfLoader:  
05-10 22:58:24.784   356   356 D LibBpfLoader: applying relo to instruction at byte offset: 1480, 	       insn offset 185 , insn 118
05-10 22:58:24.784   356   356 D LibBpfLoader:  
05-10 22:58:24.784   356   356 D LibBpfLoader: applying relo to instruction at byte offset: 1568, 	       insn offset 196 , insn 118
05-10 22:58:24.784   356   356 D LibBpfLoader:  
05-10 22:58:24.784   356   356 D LibBpfLoader: applying relo to instruction at byte offset: 1840, 	       insn offset 230 , insn 118
05-10 22:58:24.784   356   356 D LibBpfLoader:  
05-10 22:58:24.784   356   356 D LibBpfLoader: applying relo to instruction at byte offset: 240, 	       insn offset 30 , insn 118
05-10 22:58:24.784   356   356 D LibBpfLoader:  
05-10 22:58:24.784   356   356 D LibBpfLoader: applying relo to instruction at byte offset: 344, 	       insn offset 43 , insn 118
05-10 22:58:24.784   356   356 D LibBpfLoader:  
05-10 22:58:24.784   356   356 D LibBpfLoader: applying relo to instruction at byte offset: 472, 	       insn offset 59 , insn 118
05-10 22:58:24.784   356   356 D LibBpfLoader:  
05-10 22:58:24.785   356   356 D LibBpfLoader: applying relo to instruction at byte offset: 568, 	       insn offset 71 , insn 118
05-10 22:58:24.785   356   356 D LibBpfLoader:  
05-10 22:58:24.785   356   356 D LibBpfLoader: applying relo to instruction at byte offset: 688, 	       insn offset 86 , insn 118
05-10 22:58:24.785   356   356 D LibBpfLoader:  
05-10 22:58:24.785   356   356 D LibBpfLoader: applying relo to instruction at byte offset: 792, 	       insn offset 99 , insn 118
05-10 22:58:24.785   356   356 D LibBpfLoader:  
05-10 22:58:24.785   356   356 D LibBpfLoader: applying relo to instruction at byte offset: 960, 	       insn offset 120 , insn 118
05-10 22:58:24.785   356   356 D LibBpfLoader:  
05-10 22:58:24.785   356   356 D LibBpfLoader: applying relo to instruction at byte offset: 1040, 	       insn offset 130 , insn 118
05-10 22:58:24.785   356   356 D LibBpfLoader:  
05-10 22:58:24.785   356   356 D LibBpfLoader: applying relo to instruction at byte offset: 1112, 	       insn offset 139 , insn 118
05-10 22:58:24.785   356   356 D LibBpfLoader:  
05-10 22:58:24.785   356   356 D LibBpfLoader: applying relo to instruction at byte offset: 1192, 	       insn offset 149 , insn 118
05-10 22:58:24.785   356   356 D LibBpfLoader:  
05-10 22:58:24.785   356   356 D LibBpfLoader: applying relo to instruction at byte offset: 1256, 	       insn offset 157 , insn 118
05-10 22:58:24.785   356   356 D LibBpfLoader:  
05-10 22:58:24.785   356   356 D LibBpfLoader: applying relo to instruction at byte offset: 1344, 	       insn offset 168 , insn 118
05-10 22:58:24.785   356   356 D LibBpfLoader:  
05-10 22:58:24.785   356   356 D LibBpfLoader: applying relo to instruction at byte offset: 1600, 	       insn offset 200 , insn 118
05-10 22:58:24.785   356   356 D LibBpfLoader:  
05-10 22:58:24.785   356   356 D LibBpfLoader: applying relo to instruction at byte offset: 1760, 	       insn offset 220 , insn 118
05-10 22:58:24.785   356   356 D LibBpfLoader:  
05-10 22:58:24.785   356   356 D LibBpfLoader: applying relo to instruction at byte offset: 1904, 	       insn offset 238 , insn 118
05-10 22:58:24.785   356   356 D LibBpfLoader:  
05-10 22:58:24.785   356   356 D LibBpfLoader: applying relo to instruction at byte offset: 240, 	       insn offset 30 , insn 118
05-10 22:58:24.785   356   356 D LibBpfLoader:  
05-10 22:58:24.785   356   356 D LibBpfLoader: applying relo to instruction at byte offset: 344, 	       insn offset 43 , insn 118
05-10 22:58:24.785   356   356 D LibBpfLoader:  
05-10 22:58:24.785   356   356 D LibBpfLoader: applying relo to instruction at byte offset: 472, 	       insn offset 59 , insn 118
05-10 22:58:24.785   356   356 D LibBpfLoader:  
05-10 22:58:24.785   356   356 D LibBpfLoader: applying relo to instruction at byte offset: 568, 	       insn offset 71 , insn 118
05-10 22:58:24.785   356   356 D LibBpfLoader:  
05-10 22:58:24.785   356   356 D LibBpfLoader: applying relo to instruction at byte offset: 696, 	       insn offset 87 , insn 118
05-10 22:58:24.785   356   356 D LibBpfLoader:  
05-10 22:58:24.785   356   356 D LibBpfLoader: applying relo to instruction at byte offset: 808, 	       insn offset 101 , insn 118
05-10 22:58:24.785   356   356 D LibBpfLoader:  
05-10 22:58:24.785   356   356 D LibBpfLoader: applying relo to instruction at byte offset: 912, 	       insn offset 114 , insn 118
05-10 22:58:24.785   356   356 D LibBpfLoader:  
05-10 22:58:24.785   356   356 D LibBpfLoader: applying relo to instruction at byte offset: 1008, 	       insn offset 126 , insn 118
05-10 22:58:24.785   356   356 D LibBpfLoader:  
05-10 22:58:24.785   356   356 D LibBpfLoader: applying relo to instruction at byte offset: 1088, 	       insn offset 136 , insn 118
05-10 22:58:24.785   356   356 D LibBpfLoader:  
05-10 22:58:24.785   356   356 D LibBpfLoader: applying relo to instruction at byte offset: 1160, 	       insn offset 145 , insn 118
05-10 22:58:24.785   356   356 D LibBpfLoader:  
05-10 22:58:24.785   356   356 D LibBpfLoader: applying relo to instruction at byte offset: 1240, 	       insn offset 155 , insn 118
05-10 22:58:24.785   356   356 D LibBpfLoader:  
05-10 22:58:24.785   356   356 D LibBpfLoader: applying relo to instruction at byte offset: 1304, 	       insn offset 163 , insn 118
05-10 22:58:24.785   356   356 D LibBpfLoader:  
05-10 22:58:24.785   356   356 D LibBpfLoader: applying relo to instruction at byte offset: 1392, 	       insn offset 174 , insn 118
05-10 22:58:24.785   356   356 D LibBpfLoader:  
05-10 22:58:24.785   356   356 D LibBpfLoader: applying relo to instruction at byte offset: 1648, 	       insn offset 206 , insn 118
05-10 22:58:24.785   356   356 D LibBpfLoader:  
05-10 22:58:24.785   356   356 D LibBpfLoader: applying relo to instruction at byte offset: 1808, 	       insn offset 226 , insn 118
05-10 22:58:24.785   356   356 D LibBpfLoader:  
05-10 22:58:24.785   356   356 D LibBpfLoader: applying relo to instruction at byte offset: 1952, 	       insn offset 244 , insn 118
05-10 22:58:24.785   356   356 D LibBpfLoader:  
05-10 22:58:24.785   356   356 D LibBpfLoader: applying relo to instruction at byte offset: 248, 	       insn offset 31 , insn 118
05-10 22:58:24.785   356   356 D LibBpfLoader:  
05-10 22:58:24.785   356   356 D LibBpfLoader: applying relo to instruction at byte offset: 632, 	       insn offset 79 , insn 118
05-10 22:58:24.785   356   356 D LibBpfLoader:  
05-10 22:58:24.785   356   356 D LibBpfLoader: applying relo to instruction at byte offset: 704, 	       insn offset 88 , insn 118
05-10 22:58:24.785   356   356 D LibBpfLoader:  
05-10 22:58:24.785   356   356 D LibBpfLoader: applying relo to instruction at byte offset: 776, 	       insn offset 97 , insn 118
05-10 22:58:24.785   356   356 D LibBpfLoader:  
05-10 22:58:24.785   356   356 D LibBpfLoader: applying relo to instruction at byte offset: 864, 	       insn offset 108 , insn 118
05-10 22:58:24.785   356   356 D LibBpfLoader:  
05-10 22:58:24.785   356   356 D LibBpfLoader: applying relo to instruction at byte offset: 960, 	       insn offset 120 , insn 118
05-10 22:58:24.785   356   356 D LibBpfLoader:  
05-10 22:58:24.785   356   356 D LibBpfLoader: applying relo to instruction at byte offset: 1064, 	       insn offset 133 , insn 118
05-10 22:58:24.785   356   356 D LibBpfLoader:  
05-10 22:58:24.785   356   356 D LibBpfLoader: applying relo to instruction at byte offset: 1160, 	       insn offset 145 , insn 118
05-10 22:58:24.785   356   356 D LibBpfLoader:  
05-10 22:58:24.785   356   356 D LibBpfLoader: applying relo to instruction at byte offset: 1264, 	       insn offset 158 , insn 118
05-10 22:58:24.785   356   356 D LibBpfLoader:  
05-10 22:58:24.785   356   356 D LibBpfLoader: applying relo to instruction at byte offset: 1392, 	       insn offset 174 , insn 118
05-10 22:58:24.785   356   356 D LibBpfLoader:  
05-10 22:58:24.785   356   356 D LibBpfLoader: applying relo to instruction at byte offset: 1568, 	       insn offset 196 , insn 118
05-10 22:58:24.785   356   356 D LibBpfLoader:  
05-10 22:58:24.785   356   356 D LibBpfLoader: applying relo to instruction at byte offset: 1648, 	       insn offset 206 , insn 118
05-10 22:58:24.785   356   356 D LibBpfLoader:  
05-10 22:58:24.785   356   356 D LibBpfLoader: applying relo to instruction at byte offset: 1720, 	       insn offset 215 , insn 118
05-10 22:58:24.785   356   356 D LibBpfLoader:  
05-10 22:58:24.785   356   356 D LibBpfLoader: applying relo to instruction at byte offset: 1816, 	       insn offset 227 , insn 118
05-10 22:58:24.786   356   356 D LibBpfLoader:  
05-10 22:58:24.786   356   356 D LibBpfLoader: applying relo to instruction at byte offset: 1872, 	       insn offset 234 , insn 118
05-10 22:58:24.786   356   356 D LibBpfLoader:  
05-10 22:58:24.786   356   356 D LibBpfLoader: applying relo to instruction at byte offset: 1936, 	       insn offset 242 , insn 118
05-10 22:58:24.786   356   356 D LibBpfLoader:  
05-10 22:58:24.786   356   356 D LibBpfLoader: applying relo to instruction at byte offset: 2024, 	       insn offset 253 , insn 118
05-10 22:58:24.786   356   356 D LibBpfLoader:  
05-10 22:58:24.786   356   356 D LibBpfLoader: applying relo to instruction at byte offset: 2296, 	       insn offset 287 , insn 118
05-10 22:58:24.786   356   356 D LibBpfLoader:  
05-10 22:58:24.786   356   356 D LibBpfLoader: applying relo to instruction at byte offset: 2472, 	       insn offset 309 , insn 118
05-10 22:58:24.786   356   356 D LibBpfLoader:  
05-10 22:58:24.786   356   356 D LibBpfLoader: applying relo to instruction at byte offset: 2552, 	       insn offset 319 , insn 118
05-10 22:58:24.786   356   356 D LibBpfLoader:  
05-10 22:58:24.786   356   356 D LibBpfLoader: applying relo to instruction at byte offset: 2624, 	       insn offset 328 , insn 118
05-10 22:58:24.786   356   356 D LibBpfLoader:  
05-10 22:58:24.786   356   356 D LibBpfLoader: applying relo to instruction at byte offset: 2704, 	       insn offset 338 , insn 118
05-10 22:58:24.786   356   356 D LibBpfLoader:  
05-10 22:58:24.786   356   356 D LibBpfLoader: applying relo to instruction at byte offset: 2768, 	       insn offset 346 , insn 118
05-10 22:58:24.786   356   356 D LibBpfLoader:  
05-10 22:58:24.786   356   356 D LibBpfLoader: applying relo to instruction at byte offset: 2856, 	       insn offset 357 , insn 118
05-10 22:58:24.786   356   356 D LibBpfLoader:  
05-10 22:58:24.786   356   356 D LibBpfLoader: applying relo to instruction at byte offset: 3128, 	       insn offset 391 , insn 118
05-10 22:58:24.786   356   356 D LibBpfLoader:  
05-10 22:58:24.786   356   356 D LibBpfLoader: applying relo to instruction at byte offset: 3280, 	       insn offset 410 , insn 118
05-10 22:58:24.786   356   356 D LibBpfLoader:  
05-10 22:58:24.786   356   356 D LibBpfLoader: applying relo to instruction at byte offset: 3432, 	       insn offset 429 , insn 118
05-10 22:58:24.786   356   356 D LibBpfLoader:  
05-10 22:58:24.786   356   356 D LibBpfLoader: applying relo to instruction at byte offset: 3576, 	       insn offset 447 , insn 118
05-10 22:58:24.786   356   356 D LibBpfLoader:  
05-10 22:58:24.786   356   356 D LibBpfLoader: applying relo to instruction at byte offset: 4720, 	       insn offset 590 , insn 118
05-10 22:58:24.786   356   356 D LibBpfLoader:  
05-10 22:58:24.786   356   356 D LibBpfLoader: applying relo to instruction at byte offset: 248, 	       insn offset 31 , insn 118
05-10 22:58:24.786   356   356 D LibBpfLoader:  
05-10 22:58:24.786   356   356 D LibBpfLoader: applying relo to instruction at byte offset: 632, 	       insn offset 79 , insn 118
05-10 22:58:24.786   356   356 D LibBpfLoader:  
05-10 22:58:24.786   356   356 D LibBpfLoader: applying relo to instruction at byte offset: 704, 	       insn offset 88 , insn 118
05-10 22:58:24.786   356   356 D LibBpfLoader:  
05-10 22:58:24.787   356   356 D LibBpfLoader: applying relo to instruction at byte offset: 776, 	       insn offset 97 , insn 118
05-10 22:58:24.787   356   356 D LibBpfLoader:  
05-10 22:58:24.787   356   356 D LibBpfLoader: applying relo to instruction at byte offset: 864, 	       insn offset 108 , insn 118
05-10 22:58:24.787   356   356 D LibBpfLoader:  
05-10 22:58:24.787   356   356 D LibBpfLoader: applying relo to instruction at byte offset: 960, 	       insn offset 120 , insn 118
05-10 22:58:24.787   356   356 D LibBpfLoader:  
05-10 22:58:24.787   356   356 D LibBpfLoader: applying relo to instruction at byte offset: 1064, 	       insn offset 133 , insn 118
05-10 22:58:24.787   356   356 D LibBpfLoader:  
05-10 22:58:24.787   356   356 D LibBpfLoader: applying relo to instruction at byte offset: 1160, 	       insn offset 145 , insn 118
05-10 22:58:24.787   356   356 D LibBpfLoader:  
05-10 22:58:24.787   356   356 D LibBpfLoader: applying relo to instruction at byte offset: 1264, 	       insn offset 158 , insn 118
05-10 22:58:24.787   356   356 D LibBpfLoader:  
05-10 22:58:24.787   356   356 D LibBpfLoader: applying relo to instruction at byte offset: 1392, 	       insn offset 174 , insn 118
05-10 22:58:24.787   356   356 D LibBpfLoader:  
05-10 22:58:24.787   356   356 D LibBpfLoader: applying relo to instruction at byte offset: 1568, 	       insn offset 196 , insn 118
05-10 22:58:24.787   356   356 D LibBpfLoader:  
05-10 22:58:24.787   356   356 D LibBpfLoader: applying relo to instruction at byte offset: 1648, 	       insn offset 206 , insn 118
05-10 22:58:24.787   356   356 D LibBpfLoader:  
05-10 22:58:24.787   356   356 D LibBpfLoader: applying relo to instruction at byte offset: 1720, 	       insn offset 215 , insn 118
05-10 22:58:24.787   356   356 D LibBpfLoader:  
05-10 22:58:24.787   356   356 D LibBpfLoader: applying relo to instruction at byte offset: 1816, 	       insn offset 227 , insn 118
05-10 22:58:24.787   356   356 D LibBpfLoader:  
05-10 22:58:24.787   356   356 D LibBpfLoader: applying relo to instruction at byte offset: 1872, 	       insn offset 234 , insn 118
05-10 22:58:24.787   356   356 D LibBpfLoader:  
05-10 22:58:24.787   356   356 D LibBpfLoader: applying relo to instruction at byte offset: 1936, 	       insn offset 242 , insn 118
05-10 22:58:24.787   356   356 D LibBpfLoader:  
05-10 22:58:24.787   356   356 D LibBpfLoader: applying relo to instruction at byte offset: 2024, 	       insn offset 253 , insn 118
05-10 22:58:24.787   356   356 D LibBpfLoader:  
05-10 22:58:24.787   356   356 D LibBpfLoader: applying relo to instruction at byte offset: 2296, 	       insn offset 287 , insn 118
05-10 22:58:24.787   356   356 D LibBpfLoader:  
05-10 22:58:24.787   356   356 D LibBpfLoader: applying relo to instruction at byte offset: 2472, 	       insn offset 309 , insn 118
05-10 22:58:24.787   356   356 D LibBpfLoader:  
05-10 22:58:24.787   356   356 D LibBpfLoader: applying relo to instruction at byte offset: 2552, 	       insn offset 319 , insn 118
05-10 22:58:24.787   356   356 D LibBpfLoader:  
05-10 22:58:24.787   356   356 D LibBpfLoader: applying relo to instruction at byte offset: 2624, 	       insn offset 328 , insn 118
05-10 22:58:24.787   356   356 D LibBpfLoader:  
05-10 22:58:24.787   356   356 D LibBpfLoader: applying relo to instruction at byte offset: 2704, 	       insn offset 338 , insn 118
05-10 22:58:24.787   356   356 D LibBpfLoader:  
