05-10 22:58:22.225     1     1 I init    : processing action (fs) from (/system/etc/init/logd.rc:29)
05-10 22:58:22.226   217   217 I logd    : Loaded bug_map file: /system/etc/selinux/bug_map
05-10 22:58:22.226     1     1 I init    : processing action (fs) from (/system/etc/init/wifi.rc:25)
05-10 22:58:22.226   169   169 E init    : Unable to set property 'vendor.monodroid.avdname' from uid:0 gid:0 pid:225: SELinux permission check failed
05-10 22:58:22.226   169   169 E init    : Unable to set property 'vendor.emu.uuid' from uid:0 gid:0 pid:225: SELinux permission check failed
05-10 22:58:22.227     1     1 I init    : processing action (post-fs) from (/system/etc/init/hw/init.rc:553)
05-10 22:58:22.227     1     1 I init    : starting service 'exec 2 (/system/bin/vdc checkpoint markBootAttempt)'...
05-10 22:58:22.229     1     1 I init    : SVC_EXEC service 'exec 2 (/system/bin/vdc checkpoint markBootAttempt)' pid 230 (uid 1000 gid 1000+0 context default) started; waiting...
--------- beginning of system
05-10 22:58:22.242   226   226 I vold    : Vold 3.0 (the awakening) firing up
05-10 22:58:22.242   226   226 D vold    : Detected support for: ext4 f2fs vfat
05-10 22:58:22.247   226   226 D vold    : VoldNativeService::start() completed OK
05-10 22:58:22.271     1     1 I init    : Service 'exec 2 (/system/bin/vdc checkpoint markBootAttempt)' (pid 230) exited with status 0 waiting took 0.043000 seconds
05-10 22:58:22.271     1     1 I init    : Sending signal 9 to service 'exec 2 (/system/bin/vdc checkpoint markBootAttempt)' (pid 230) process group...
05-10 22:58:22.271     1     1 I libprocessgroup: Successfully killed process cgroup uid 1000 pid 230 in 0ms
05-10 22:58:22.275     1     1 I init    : Command 'chown system cache /cache' action=post-fs (/system/etc/init/hw/init.rc:569) took 0ms and failed: lchown() failed: Read-only file system
05-10 22:58:22.275     1     1 I init    : Command 'chmod 0770 /cache' action=post-fs (/system/etc/init/hw/init.rc:570) took 0ms and failed: fchmodat() failed: Read-only file system
05-10 22:58:22.275     1     1 E selinux : SELinux:  setxattr failed: /cache:  Read-only file system
05-10 22:58:22.275     1     1 E selinux :  
05-10 22:58:22.275     1     1 I init    : Command 'mkdir /cache/recovery 0770 system cache' action=post-fs (/system/etc/init/hw/init.rc:576) took 0ms and failed: mkdir() failed on /cache/recovery: Read-only file system
05-10 22:58:22.275     1     1 I init    : Command 'mkdir /cache/backup_stage 0700 system system' action=post-fs (/system/etc/init/hw/init.rc:579) took 0ms and failed: mkdir() failed on /cache/backup_stage: Read-only file system
05-10 22:58:22.276     1     1 I init    : Command 'mkdir /cache/backup 0700 system system' action=post-fs (/system/etc/init/hw/init.rc:580) took 0ms and failed: mkdir() failed on /cache/backup: Read-only file system
05-10 22:58:22.276     1     1 I init    : Command 'mkdir /cache/lost+found 0770 root root' action=post-fs (/system/etc/init/hw/init.rc:604) took 0ms and failed: mkdir() failed on /cache/lost+found: Read-only file system
05-10 22:58:22.277     1     1 I selinux : SELinux: Skipping restorecon on directory(/metadata)
05-10 22:58:22.277     1     1 I selinux :  
05-10 22:58:22.278     1     1 I selinux : SELinux: Skipping restorecon on directory(/metadata/apex)
05-10 22:58:22.278     1     1 I selinux :  
05-10 22:58:22.278     1     1 I init    : processing action (post-fs) from (/system/etc/init/atrace_userdebug.rc:7)
05-10 22:58:22.278     1     1 I init    : processing action (post-fs) from (/system/etc/init/gsid.rc:8)
05-10 22:58:22.278     1     1 I init    : processing action (post-fs) from (/system/etc/init/recovery-refresh.rc:1)
05-10 22:58:22.278     1     1 I init    : starting service 'exec 3 (/system/bin/recovery-refresh)'...
05-10 22:58:22.280     1     1 I init    : processing action (late-fs) from (/system/etc/init/hw/init.rc:627)
05-10 22:58:22.281     1     1 I init    : starting service 'system_suspend'...
05-10 22:58:22.282     1     1 I init    : starting service 'keystore2'...
05-10 22:58:22.284     1     1 I init    : starting service 'vendor.atrace-hal-1-0'...
05-10 22:58:22.286     1     1 I init    : starting service 'vendor.keymint-default'...
05-10 22:58:22.300     1     1 I init    : Service 'exec 3 (/system/bin/recovery-refresh)' (pid 237) exited with status 254 oneshot service took 0.020000 seconds in background
05-10 22:58:22.300     1     1 I init    : Sending signal 9 to service 'exec 3 (/system/bin/recovery-refresh)' (pid 237) process group...
05-10 22:58:22.300     1     1 I libprocessgroup: Successfully killed process cgroup uid 1000 pid 237 in 0ms
05-10 22:58:22.300     1     1 I init    : starting service 'exec 4 (/system/bin/fsverity_init --load-verified-keys)'...
05-10 22:58:22.301     1     1 I init    : SVC_EXEC service 'exec 4 (/system/bin/fsverity_init --load-verified-keys)' pid 245 (uid 0 gid 0+0 context default) started; waiting...
05-10 22:58:22.313     1     1 I init    : Service 'exec 4 (/system/bin/fsverity_init --load-verified-keys)' (pid 245) exited with status 0 waiting took 0.012000 seconds
05-10 22:58:22.313     1     1 I init    : Sending signal 9 to service 'exec 4 (/system/bin/fsverity_init --load-verified-keys)' (pid 245) process group...
05-10 22:58:22.313     1     1 I libprocessgroup: Successfully killed process cgroup uid 0 pid 245 in 0ms
05-10 22:58:22.313     1     1 I init    : processing action (late-fs) from (/system/etc/init/hw/init.rc:648)
05-10 22:58:22.313     1     1 I init    : processing action (late-fs) from (/vendor/etc/init/hw/init.ranchu.rc:7)
05-10 22:58:22.314     1     1 I init    : [libfs_mgr]Invalid ext4 superblock on '/dev/block/vdc'
05-10 22:58:22.315     1     1 E init    : [libfs_mgr]mount_with_alternatives(): skipping mount due to invalid magic, mountpoint=/data blk_dev=/dev/block/vdc rec[4].fs_type=ext4
05-10 22:58:22.315     1     1 I init    : Calling: /system/bin/vdc cryptfs mountFstab /dev/block/vdc /data
05-10 22:58:22.310   226   226 D vold    : fscrypt_mount_metadata_encrypted: /data encrypt: 0 format: 0 with null
05-10 22:58:22.310   226   226 D vold    : metadata_key_dir/key: /metadata/vold/metadata_encryption/key
05-10 22:58:22.323   246   246 D vdc     : Waited 0ms for vold
05-10 22:58:22.311   226   226 D vold    : Key exists, using: /metadata/vold/metadata_encryption/key
05-10 22:58:22.356   239   239 I keystore2: keystore2_main: Keystore2 is starting.
05-10 22:58:22.356   239   239 I keystore2: keystore2_main: Setting up sqlite logging for keystore2
05-10 22:58:22.358   239   239 W keystore2: keystore2::metrics_store: In update_keystore_crash_sysprop: Failed to read the existing system property due to: In read_keystore_crash_count: Property not set..Therefore, keystore crashes will not be logged.
05-10 22:58:22.360   239   239 I keystore2: keystore2_main: Starting thread pool now.
05-10 22:58:22.364   239   239 I keystore2: keystore2::globals: KeyMint device is current version (Some(200)) for security level: SecurityLevel(1)
05-10 22:58:22.366   239   248 I keystore2: keystore2::shared_secret_negotiation: Shared secret negotiation concluded successfully.
05-10 22:58:22.368   239   248 I keystore2: keystore2::shared_secret_negotiation: No StrongBox Keymint available, so no RoT transfer
05-10 22:58:22.371   239   239 I keystore2: keystore2_main: Successfully registered Keystore 2.0 service.
05-10 22:58:22.371   239   239 I keystore2: keystore2_main: Joining thread pool now.
05-10 22:58:22.395   226   226 D vold    : Mounting metadata-encrypted filesystem:/data
05-10 22:58:22.396   226   226 I vold    : [libfs_mgr]superblock s_max_mnt_count:65535,/dev/block/dm-32
05-10 22:58:22.398   226   226 I vold    : [libfs_mgr]Filesystem on /dev/block/dm-32 was not cleanly shutdown; state flags: 0x1, incompat feature flags: 0x30046
05-10 22:58:22.412   226   226 W EXT4-fs (dm-32): Ignoring removed nomblk_io_submit option
05-10 22:58:22.412   226   226 I EXT4-fs (dm-32): Using encoding defined by superblock: utf8-12.1.0 with flags 0x0
05-10 22:58:22.579   226   226 I vold    : [libfs_mgr]check_fs(): mount(/dev/block/dm-32,/data,ext4)=0: Success
05-10 22:58:22.592   226   226 I EXT4-fs (dm-32): recovery complete
05-10 22:58:22.592   226   226 I EXT4-fs (dm-32): mounted filesystem with ordered data mode. Opts: errors=remount-ro,nomblk_io_submit. Quota mode: journalled.
05-10 22:58:22.607   226   226 I vold    : [libfs_mgr]umount_retry(): unmount(/data) succeeded
05-10 22:58:22.608   226   226 I vold    : [libfs_mgr]Running /system/bin/e2fsck on /dev/block/dm-32
05-10 22:58:22.633   226   226 I e2fsck  : e2fsck 1.46.2 (28-Feb-2021)
05-10 22:58:22.641   226   226 I e2fsck  : Pass 1: Checking inodes, blocks, and sizes
05-10 22:58:22.876   226   226 I e2fsck  : Pass 2: Checking directory structure
05-10 22:58:22.945   226   226 I e2fsck  : Pass 3: Checking directory connectivity
05-10 22:58:22.948   226   226 I e2fsck  : Pass 4: Checking reference counts
05-10 22:58:22.951   226   226 I e2fsck  : Pass 5: Checking group summary information
05-10 22:58:22.973   226   226 I e2fsck  : /dev/block/dm-32: 7835/393216 files (3.8% non-contiguous), 310596/1572864 blocks
05-10 22:58:22.963   226   226 I vold    : [libfs_mgr]superblock s_max_mnt_count:65535,/dev/block/dm-32
05-10 22:58:22.963   226   226 W vold    : [libfs_mgr]Reserved blocks 32768 is too large; capping to 31457
05-10 22:58:22.975   262   262 I         : e2fsck (262) used greatest stack depth: 11280 bytes left
05-10 22:58:22.976   226   226 W vold    : [libfs_mgr]Reserved blocks 32768 is too large; capping to 31457
05-10 22:58:22.977   226   226 W EXT4-fs (dm-32): Ignoring removed nomblk_io_submit option
05-10 22:58:22.977   226   226 I EXT4-fs (dm-32): Using encoding defined by superblock: utf8-12.1.0 with flags 0x0
05-10 22:58:22.967   226   226 I vold    : [libfs_mgr]__mount(source=/dev/block/dm-32,target=/data,type=ext4)=0: Success
05-10 22:58:22.967   226   226 D vold    : Mounted /data
05-10 22:58:22.980   226   226 I EXT4-fs (dm-32): mounted filesystem with ordered data mode. Opts: nomblk_io_submit,errors=panic. Quota mode: journalled.
05-10 22:58:22.985     1     1 I init    : Userdata mounted using /vendor/etc/fstab.ranchu result : 7
05-10 22:58:22.985     1     1 I init    : Keyring created with id 1045496651 in process 1
05-10 22:58:22.985     1     1 I init    : Command 'mount_all /vendor/etc/fstab.ranchu --late' action=late-fs (/vendor/etc/init/hw/init.ranchu.rc:9) took 672ms and succeeded
05-10 22:58:22.987     1     1 E init    : Control message: Could not find 'aidl/android.system.keystore2.IKeystoreService/default' for ctl.interface_start from pid: 219 (/system/bin/servicemanager)
05-10 22:58:22.987     1     1 I init    : processing action (post-fs-data) from (/system/etc/init/hw/init.rc:662)
05-10 22:58:22.987     1     1 I init    : starting service 'exec 5 (/system/bin/vdc checkpoint prepareCheckpoint)'...
05-10 22:58:22.988     1     1 I init    : SVC_EXEC service 'exec 5 (/system/bin/vdc checkpoint prepareCheckpoint)' pid 266 (uid 1000 gid 1000+0 context default) started; waiting...
05-10 22:58:22.983   226   226 I Checkpoint: cp_prepareCheckpoint called
05-10 22:58:22.996     1     1 I init    : Service 'exec 5 (/system/bin/vdc checkpoint prepareCheckpoint)' (pid 266) exited with status 0 waiting took 0.008000 seconds
05-10 22:58:22.996     1     1 I init    : Sending signal 9 to service 'exec 5 (/system/bin/vdc checkpoint prepareCheckpoint)' (pid 266) process group...
05-10 22:58:22.997     1     1 I libprocessgroup: Successfully killed process cgroup uid 1000 pid 266 in 0ms
05-10 22:58:22.998     1     1 I init    : starting service 'exec 6 (/system/bin/vdc --wait cryptfs enablefilecrypto)'...
05-10 22:58:22.999     1     1 I init    : SVC_EXEC service 'exec 6 (/system/bin/vdc --wait cryptfs enablefilecrypto)' pid 267 (uid 0 gid 0+0 context default) started; waiting...
05-10 22:58:22.993   226   226 I vold    : fscrypt_initialize_systemwide_keys
05-10 22:58:23.006   267   267 D vdc     : Waited 0ms for vold
05-10 22:58:22.994   226   226 D vold    : Key exists, using: /data/unencrypted/key
05-10 22:58:23.000   226   226 D vold    : Installed fscrypt key with ref e420426f235d9760844e0227967cd64a to /data
05-10 22:58:23.000   226   226 D vold    : Added fscrypt-provisioning key for e420426f235d9760844e0227967cd64a to session keyring
05-10 22:58:23.019   226   226 I vold    : Wrote system DE key reference to:/data/unencrypted/ref
05-10 22:58:23.019   226   226 D vold    : Generating standard storage key
05-10 22:58:23.019   226   226 D vold    : Installed fscrypt key with ref c18fb256740429214f0e609f6202b1e4 to /data
05-10 22:58:23.019   226   226 D vold    : Added fscrypt-provisioning key for c18fb256740429214f0e609f6202b1e4 to session keyring
05-10 22:58:23.021   226   226 I vold    : Wrote per boot key reference to:/data/unencrypted/per_boot_ref
05-10 22:58:23.035     1     1 I init    : Service 'exec 6 (/system/bin/vdc --wait cryptfs enablefilecrypto)' (pid 267) exited with status 0 waiting took 0.036000 seconds
05-10 22:58:23.035     1     1 I init    : Sending signal 9 to service 'exec 6 (/system/bin/vdc --wait cryptfs enablefilecrypto)' (pid 267) process group...
05-10 22:58:23.035     1     1 I libprocessgroup: Successfully killed process cgroup uid 0 pid 267 in 0ms
05-10 22:58:23.036     1     1 I init    : Verified that /data/bootchart has the encryption policy e420426f235d9760844e0227967cd64a v2 modes 1/4 flags 0x2
05-10 22:58:23.036     1     1 I fscrypt : AES-256-CTS-CBC using implementation "cts-cbc-aes-ce"
05-10 22:58:23.038     1     1 I fscrypt : AES-256-XTS using implementation "xts-aes-ce"
05-10 22:58:23.039     1     1 I init    : Verified that /data/vendor has the encryption policy e420426f235d9760844e0227967cd64a v2 modes 1/4 flags 0x2
05-10 22:58:23.039     1     1 I init    : Not setting encryption policy on: /data/vendor_ce
05-10 22:58:23.039     1     1 I init    : Not setting encryption policy on: /data/vendor_de
05-10 22:58:23.041     1     1 I init    : Verified that /data/anr has the encryption policy e420426f235d9760844e0227967cd64a v2 modes 1/4 flags 0x2
05-10 22:58:23.041     1     1 I init    : Verified that /data/tombstones has the encryption policy e420426f235d9760844e0227967cd64a v2 modes 1/4 flags 0x2
05-10 22:58:23.042     1     1 I init    : starting service 'tombstoned'...
05-10 22:58:23.042     1     1 I init    : Created socket '/dev/socket/tombstoned_crash', mode 666, user 1000, group 1000
05-10 22:58:23.042     1     1 I init    : Created socket '/dev/socket/tombstoned_intercept', mode 666, user 1000, group 1000
05-10 22:58:23.042     1     1 I init    : Created socket '/dev/socket/tombstoned_java_trace', mode 666, user 1000, group 1000
05-10 22:58:23.044     1     1 I init    : Switched to default mount namespace
05-10 22:58:23.045     1     1 E init    : Failed to set encryption policy of /data/misc to e420426f235d9760844e0227967cd64a v2 modes 1/4 flags 0x2: Directory not empty
05-10 22:58:23.067     1     1 I ls      : executing ls failed: Permission denied
05-10 22:58:23.067   271   271 E logwrapper: executing ls failed: Permission denied
05-10 22:58:23.067   271   271 E logwrapper:  
05-10 22:58:23.067     1     1 I ls      : ls terminated by exit(255)
05-10 22:58:23.067     1     1 I ls      :  
05-10 22:58:23.067     1     1 E init    : ls -laZ /data/misc returned failure: 255
05-10 22:58:23.067     1     1 E init    : Setting e420426f235d9760844e0227967cd64a policy on /data/misc failed!
05-10 22:58:23.067     1     1 E init    : Rebooting into recovery
05-10 22:58:23.068     1     1 I init    : Command 'mkdir /data/misc 01771 system misc encryption=Require' action=post-fs-data (/system/etc/init/hw/init.rc:703) took 23ms and failed: Failed to set bootloader message: failed to find /misc partition
05-10 22:58:23.069     1     1 I init    : starting service 'exec 7 (/system/bin/vdc keymaster earlyBootEnded)'...
05-10 22:58:23.070     1     1 I init    : SVC_EXEC service 'exec 7 (/system/bin/vdc keymaster earlyBootEnded)' pid 272 (uid 1000 gid 1000+0 context default) started; waiting...
05-10 22:58:23.065   226   226 I incfs   : Initial API level of the device: 33
05-10 22:58:23.065   226   226 I incfs   : ro.incremental.enable: yes
05-10 22:58:23.065   226   226 I incfs   : isFsAvailable: true
05-10 22:58:23.065   226   226 I incfs   : isFsAvailable: true
05-10 22:58:23.065   226   226 I incfs   : IncFs_Features: v2
05-10 22:58:23.066   239   239 I keystore2: keystore2::maintenance: In early_boot_ended.
05-10 22:58:23.074   239   239 I keystore2: keystore2::globals: Touching Keystore 2.0 database for this first time since boot.
05-10 22:58:23.074   239   239 I keystore2: keystore2::globals: Calling cleanup leftovers.
05-10 22:58:23.076   239   239 I keystore2: keystore2::super_key: Starting boot level watcher.
05-10 22:58:23.076   239   274 I keystore2: keystore2::super_key: Read keystore.boot_level value 30
05-10 22:58:23.076   239   239 I keystore2: keystore2::maintenance: Call to earlyBootEnded succeeded for security level TRUSTED_ENVIRONMENT.
05-10 22:58:23.076   239   274 I keystore2: keystore2::super_key: Read keystore.boot_level value 30
05-10 22:58:23.078   239   239 E keystore2: keystore2::maintenance: Call to earlyBootEnded failed for security level STRONGBOX: In call_with_watchdog: getting keymint device.
05-10 22:58:23.078   239   239 E keystore2: keystore2::error: In call_with_watchdog: getting keymint device
05-10 22:58:23.078   239   239 E keystore2: 
05-10 22:58:23.078   239   239 E keystore2: Caused by:
05-10 22:58:23.078   239   239 E keystore2:     0: In get_keymint_device.
05-10 22:58:23.078   239   239 E keystore2:     1: In connect_keymint: Trying to get Legacy wrapper.
05-10 22:58:23.078   239   239 E keystore2:     2: Error::Km(ErrorCode(-68))
05-10 22:58:23.078   226   226 E vold    : keystore2 Keystore earlyBootEnded returned service specific error: -68
05-10 22:58:23.091   226   226 E vold    : keystore2 Keystore earlyBootEnded returned service specific error: -68
05-10 22:58:23.092     1     1 I init    : Service 'exec 7 (/system/bin/vdc keymaster earlyBootEnded)' (pid 272) exited with status 0 waiting took 0.022000 seconds
05-10 22:58:23.092     1     1 I init    : Sending signal 9 to service 'exec 7 (/system/bin/vdc keymaster earlyBootEnded)' (pid 272) process group...
05-10 22:58:23.092     1     1 I libprocessgroup: Successfully killed process cgroup uid 1000 pid 272 in 0ms
05-10 22:58:23.092     1     1 I init    : Verified that /data/property has the encryption policy e420426f235d9760844e0227967cd64a v2 modes 1/4 flags 0x2
05-10 22:58:23.093   169   169 E init    : Could not set 'ro.logd.size' to '2M' in /data/local.prop: Read-only property was already set
05-10 22:58:23.095   169   169 I init    : Wait for property 'ro.persistent_properties.ready=true' took 2ms
05-10 22:58:23.095     1     1 I init    : service 'logd' requested start, but it is already running (flags: 4)
05-10 22:58:23.095     1     1 I init    : starting service 'logd-reinit'...
05-10 22:58:23.097     1     1 I init    : Not setting encryption policy on: /data/apex
05-10 22:58:23.098     1     1 W init    : Inferred action different from explicit one, expected 0 but got 2
05-10 22:58:23.098     1     1 I init    : Verified that /data/apex/decompressed has the encryption policy e420426f235d9760844e0227967cd64a v2 modes 1/4 flags 0x2
05-10 22:58:23.098     1     1 W init    : Inferred action different from explicit one, expected 0 but got 3
05-10 22:58:23.099     1     1 I init    : Verified that /data/app-staging has the encryption policy e420426f235d9760844e0227967cd64a v2 modes 1/4 flags 0x2
05-10 22:58:23.099     1     1 W init    : Inferred action different from explicit one, expected 0 but got 2
05-10 22:58:23.099     1     1 I init    : Verified that /data/apex/ota_reserved has the encryption policy e420426f235d9760844e0227967cd64a v2 modes 1/4 flags 0x2
05-10 22:58:23.099     1     1 I init    : starting service 'apexd'...
05-10 22:58:23.106   229   229 I logd    : logd reinit
05-10 22:58:23.108   229   229 E logd    : FrameworkListener: read() failed (Connection reset by peer)
05-10 22:58:23.108     1     1 I init    : Service 'logd-reinit' (pid 275) exited with status 0 oneshot service took 0.011000 seconds in background
05-10 22:58:23.108     1     1 I init    : Sending signal 9 to service 'logd-reinit' (pid 275) process group...
05-10 22:58:23.108     1     1 I libprocessgroup: Successfully killed process cgroup uid 1036 pid 275 in 0ms
05-10 22:58:23.109     1     1 I init    : Verified that /data/local has the encryption policy e420426f235d9760844e0227967cd64a v2 modes 1/4 flags 0x2
05-10 22:58:23.112     1     1 I init    : starting service 'exec 8 (/bin/rm -rf /data/misc/virtualizationservice)'...
05-10 22:58:23.113   276   276 I apexd   : Scanning /system/apex for pre-installed ApexFiles
05-10 22:58:23.113   276   276 I apexd   : Found pre-installed APEX /system/apex/com.google.android.neuralnetworks.apex
05-10 22:58:23.113   276   276 I apexd   : Found pre-installed APEX /system/apex/com.google.android.permission.apex
05-10 22:58:23.113   276   276 I apexd   : Found pre-installed APEX /system/apex/com.android.i18n.apex
05-10 22:58:23.113     1     1 I init    : SVC_EXEC service 'exec 8 (/bin/rm -rf /data/misc/virtualizationservice)' pid 277 (uid 1081 gid 1000+0 context default) started; waiting...
05-10 22:58:23.113   276   276 I apexd   : Found pre-installed APEX /system/apex/com.google.android.tethering.apex
05-10 22:58:23.114   276   276 I apexd   : Found pre-installed APEX /system/apex/com.google.android.uwb.apex
05-10 22:58:23.114   276   276 I apexd   : Found pre-installed APEX /system/apex/com.google.android.conscrypt.apex
05-10 22:58:23.114   276   276 I apexd   : Found pre-installed APEX /system/apex/com.google.android.adservices.apex
05-10 22:58:23.114   276   276 I apexd   : Found pre-installed APEX /system/apex/com.google.mainline.primary.libs.apex
05-10 22:58:23.114   276   276 I apexd   : Found pre-installed APEX /system/apex/com.google.android.scheduling.apex
05-10 22:58:23.114   276   276 I apexd   : Found pre-installed APEX /system/apex/com.google.android.bluetooth.apex
05-10 22:58:23.114   276   276 I apexd   : Found pre-installed APEX /system/apex/com.google.android.media.apex
05-10 22:58:23.115   276   276 I apexd   : Found pre-installed APEX /system/apex/com.google.android.adbd.apex
05-10 22:58:23.115   276   276 I apexd   : Found pre-installed APEX /system/apex/com.google.android.art.apex
05-10 22:58:23.115   276   276 I apexd   : Found pre-installed APEX /system/apex/com.google.android.media.swcodec.apex
05-10 22:58:23.115   276   276 I apexd   : Found pre-installed APEX /system/apex/com.google.android.ipsec.apex
05-10 22:58:23.115   276   276 I apexd   : Found pre-installed APEX /system/apex/com.google.android.sdkext.apex
05-10 22:58:23.115   276   276 I apexd   : Found pre-installed APEX /system/apex/com.google.android.mediaprovider.apex
05-10 22:58:23.115   276   276 I apexd   : Found pre-installed APEX /system/apex/com.google.android.ondevicepersonalization.apex
05-10 22:58:23.115   276   276 I apexd   : Found pre-installed APEX /system/apex/com.google.android.wifi.apex
05-10 22:58:23.116   276   276 I apexd   : Found pre-installed APEX /system/apex/com.google.android.tzdata4.apex
05-10 22:58:23.116   276   276 I apexd   : Found pre-installed APEX /system/apex/com.google.android.cellbroadcast.apex
05-10 22:58:23.116   276   276 I apexd   : Found pre-installed APEX /system/apex/com.google.android.appsearch.apex
05-10 22:58:23.116   276   276 I apexd   : Found pre-installed APEX /system/apex/com.google.android.os.statsd.apex
05-10 22:58:23.116   276   276 I apexd   : Found pre-installed APEX /system/apex/com.android.vndk.current.apex
05-10 22:58:23.116   276   276 I apexd   : Found pre-installed APEX /system/apex/com.google.android.resolv.apex
05-10 22:58:23.116   276   276 I apexd   : Found pre-installed APEX /system/apex/com.android.apex.cts.shim.apex
05-10 22:58:23.116   276   276 I apexd   : Found pre-installed APEX /system/apex/com.android.runtime.apex
05-10 22:58:23.116   276   276 I apexd   : Found pre-installed APEX /system/apex/com.google.android.extservices.apex
05-10 22:58:23.117   276   276 I apexd   : Scanning /system_ext/apex for pre-installed ApexFiles
05-10 22:58:23.117   276   276 W apexd   : /system_ext/apex does not exist. Skipping
05-10 22:58:23.117   276   276 I apexd   : Scanning /product/apex for pre-installed ApexFiles
05-10 22:58:23.117   276   276 W apexd   : /product/apex does not exist. Skipping
05-10 22:58:23.117   276   276 I apexd   : Scanning /vendor/apex for pre-installed ApexFiles
05-10 22:58:23.117   276   276 W apexd   : /vendor/apex does not exist. Skipping
05-10 22:58:23.117   276   276 I apexd   : No block apex metadata partition found, not adding block apexes
05-10 22:58:23.117   276   276 I apexd   : Populating APEX database from mounts...
05-10 22:58:23.117   276   276 I apexd   : 0 packages restored.
05-10 22:58:23.117   276   276 I apexd   : Marking APEXd as starting
05-10 22:58:23.118   276   276 I apexd   : Scanning /metadata/apex/sessions looking for sessions to be activated.
05-10 22:58:23.118   276   276 I apexd   : Scanning /data/apex/active for data ApexFiles
05-10 22:58:23.118   276   276 I apexd   : Selecting APEX for activation
05-10 22:58:23.118   276   276 I apexd   : Processing compressed APEX
05-10 22:58:23.118   276   276 I apexd   : Processing compressed APEX /system/apex/com.google.android.adservices.apex
05-10 22:58:23.122     1     1 I init    : Service 'exec 8 (/bin/rm -rf /data/misc/virtualizationservice)' (pid 277) exited with status 1 waiting took 0.009000 seconds
05-10 22:58:23.122     1     1 I init    : Sending signal 9 to service 'exec 8 (/bin/rm -rf /data/misc/virtualizationservice)' (pid 277) process group...
05-10 22:58:23.122     1     1 I libprocessgroup: Successfully killed process cgroup uid 1081 pid 277 in 0ms
05-10 22:58:23.122     1     1 I init    : Not setting encryption policy on: /data/preloads
05-10 22:58:23.123   276   276 I apexd   : Skipping decompression for /system/apex/com.google.android.adservices.apex
05-10 22:58:23.123   276   276 I apexd   : Processing compressed APEX /system/apex/com.google.android.cellbroadcast.apex
05-10 22:58:23.123     1     1 I init    : Not setting encryption policy on: /data/data
05-10 22:58:23.127     1     1 I init    : Verified that /data/app-private has the encryption policy e420426f235d9760844e0227967cd64a v2 modes 1/4 flags 0x2
05-10 22:58:23.128     1     1 I init    : Verified that /data/app-ephemeral has the encryption policy e420426f235d9760844e0227967cd64a v2 modes 1/4 flags 0x2
05-10 22:58:23.129     1     1 I init    : Verified that /data/app-asec has the encryption policy e420426f235d9760844e0227967cd64a v2 modes 1/4 flags 0x2
05-10 22:58:23.129   276   276 I apexd   : Skipping decompression for /system/apex/com.google.android.cellbroadcast.apex
05-10 22:58:23.129   276   276 I apexd   : Processing compressed APEX /system/apex/com.google.android.neuralnetworks.apex
05-10 22:58:23.129     1     1 I init    : Verified that /data/app-lib has the encryption policy e420426f235d9760844e0227967cd64a v2 modes 1/4 flags 0x2
05-10 22:58:23.130     1     1 I init    : Verified that /data/app has the encryption policy e420426f235d9760844e0227967cd64a v2 modes 1/4 flags 0x2
05-10 22:58:23.130     1     1 W init    : Inferred action different from explicit one, expected 0 but got 2
05-10 22:58:23.131     1     1 I init    : Verified that /data/fonts/ has the encryption policy e420426f235d9760844e0227967cd64a v2 modes 1/4 flags 0x2
05-10 22:58:23.133   276   276 I apexd   : Skipping decompression for /system/apex/com.google.android.neuralnetworks.apex
05-10 22:58:23.133   276   276 I apexd   : Processing compressed APEX /system/apex/com.google.android.tethering.apex
05-10 22:58:23.133     1     1 I init    : Verified that /data/dalvik-cache has the encryption policy e420426f235d9760844e0227967cd64a v2 modes 1/4 flags 0x2
05-10 22:58:23.134     1     1 I init    : Verified that /data/ota has the encryption policy e420426f235d9760844e0227967cd64a v2 modes 1/4 flags 0x2
05-10 22:58:23.135     1     1 I init    : Verified that /data/ota_package has the encryption policy e420426f235d9760844e0227967cd64a v2 modes 1/4 flags 0x2
05-10 22:58:23.137     1     1 I init    : Verified that /data/resource-cache has the encryption policy e420426f235d9760844e0227967cd64a v2 modes 1/4 flags 0x2
05-10 22:58:23.137     1     1 I init    : Not setting encryption policy on: /data/lost+found
05-10 22:58:23.139   276   276 I apexd   : Skipping decompression for /system/apex/com.google.android.tethering.apex
05-10 22:58:23.139   276   276 I apexd   : Processing compressed APEX /system/apex/com.google.android.media.apex
05-10 22:58:23.140     1     1 I init    : Verified that /data/drm has the encryption policy e420426f235d9760844e0227967cd64a v2 modes 1/4 flags 0x2
05-10 22:58:23.141     1     1 I init    : Verified that /data/mediadrm has the encryption policy e420426f235d9760844e0227967cd64a v2 modes 1/4 flags 0x2
05-10 22:58:23.142     1     1 I init    : Verified that /data/nfc has the encryption policy e420426f235d9760844e0227967cd64a v2 modes 1/4 flags 0x2
05-10 22:58:23.144     1     1 I init    : Verified that /data/backup has the encryption policy e420426f235d9760844e0227967cd64a v2 modes 1/4 flags 0x2
05-10 22:58:23.145     1     1 I init    : Verified that /data/ss has the encryption policy e420426f235d9760844e0227967cd64a v2 modes 1/4 flags 0x2
05-10 22:58:23.145     1     1 I init    : Verified that /data/system has the encryption policy e420426f235d9760844e0227967cd64a v2 modes 1/4 flags 0x2
05-10 22:58:23.146   276   276 I apexd   : Skipping decompression for /system/apex/com.google.android.media.apex
05-10 22:58:23.146   276   276 I apexd   : Processing compressed APEX /system/apex/com.google.android.os.statsd.apex
05-10 22:58:23.147     1     1 I init    : Not setting encryption policy on: /data/system_de
05-10 22:58:23.148     1     1 I init    : Not setting encryption policy on: /data/system_ce
05-10 22:58:23.148     1     1 I init    : Not setting encryption policy on: /data/misc_de
05-10 22:58:23.149     1     1 I init    : Not setting encryption policy on: /data/misc_ce
05-10 22:58:23.150     1     1 I init    : Not setting encryption policy on: /data/user
05-10 22:58:23.150     1     1 I init    : Not setting encryption policy on: /data/user_de
05-10 22:58:23.151     1     1 I init    : Command 'rm /data/user/0' action=post-fs-data (/system/etc/init/hw/init.rc:918) took 0ms and failed: unlink() failed: Is a directory
05-10 22:58:23.152   276   276 I apexd   : Skipping decompression for /system/apex/com.google.android.os.statsd.apex
05-10 22:58:23.152   276   276 I apexd   : Processing compressed APEX /system/apex/com.google.android.extservices.apex
05-10 22:58:23.155   276   276 I apexd   : Skipping decompression for /system/apex/com.google.android.extservices.apex
05-10 22:58:23.155   276   276 I apexd   : Processing compressed APEX /system/apex/com.google.android.uwb.apex
05-10 22:58:23.158     1     1 I init    : Verified that /data/cache has the encryption policy e420426f235d9760844e0227967cd64a v2 modes 1/4 flags 0x2
05-10 22:58:23.160     1     1 I init    : Verified that /data/rollback has the encryption policy e420426f235d9760844e0227967cd64a v2 modes 1/4 flags 0x2
05-10 22:58:23.161     1     1 I init    : Verified that /data/rollback-observer has the encryption policy e420426f235d9760844e0227967cd64a v2 modes 1/4 flags 0x2
05-10 22:58:23.161     1     1 W init    : Inferred action different from explicit one, expected 2 but got 3
05-10 22:58:23.161   276   276 I apexd   : Skipping decompression for /system/apex/com.google.android.uwb.apex
05-10 22:58:23.161   276   276 I apexd   : Processing compressed APEX /system/apex/com.google.android.mediaprovider.apex
05-10 22:58:23.161     1     1 I init    : Verified that /data/rollback-history has the encryption policy e420426f235d9760844e0227967cd64a v2 modes 1/4 flags 0x2
05-10 22:58:23.162     1     1 I init    : Verified that /data/incremental has the encryption policy e420426f235d9760844e0227967cd64a v2 modes 1/4 flags 0x2
05-10 22:58:23.166   276   276 I apexd   : Skipping decompression for /system/apex/com.google.android.mediaprovider.apex
05-10 22:58:23.166   276   276 I apexd   : Processing compressed APEX /system/apex/com.google.android.permission.apex
05-10 22:58:23.170   276   276 I apexd   : Skipping decompression for /system/apex/com.google.android.permission.apex
05-10 22:58:23.170   276   276 I apexd   : Processing compressed APEX /system/apex/com.google.android.art.apex
05-10 22:58:23.174   276   276 I apexd   : Skipping decompression for /system/apex/com.google.android.art.apex
05-10 22:58:23.174   276   276 I apexd   : Processing compressed APEX /system/apex/com.google.android.conscrypt.apex
05-10 22:58:23.178   276   276 I apexd   : Skipping decompression for /system/apex/com.google.android.conscrypt.apex
05-10 22:58:23.178   276   276 I apexd   : Processing compressed APEX /system/apex/com.google.android.scheduling.apex
05-10 22:58:23.181   276   276 I apexd   : Skipping decompression for /system/apex/com.google.android.scheduling.apex
05-10 22:58:23.181   276   276 I apexd   : Processing compressed APEX /system/apex/com.google.android.sdkext.apex
05-10 22:58:23.185   276   276 I apexd   : Skipping decompression for /system/apex/com.google.android.sdkext.apex
05-10 22:58:23.185   276   276 I apexd   : Processing compressed APEX /system/apex/com.google.android.wifi.apex
05-10 22:58:23.188   276   276 I apexd   : Skipping decompression for /system/apex/com.google.android.wifi.apex
05-10 22:58:23.188   276   276 I apexd   : Processing compressed APEX /system/apex/com.google.android.appsearch.apex
05-10 22:58:23.192   276   276 I apexd   : Skipping decompression for /system/apex/com.google.android.appsearch.apex
05-10 22:58:23.192   276   276 I apexd   : Processing compressed APEX /system/apex/com.google.android.resolv.apex
05-10 22:58:23.195   276   276 I apexd   : Skipping decompression for /system/apex/com.google.android.resolv.apex
05-10 22:58:23.196   276   276 I apexd   : Processing compressed APEX /system/apex/com.google.android.ipsec.apex
05-10 22:58:23.198   276   276 I apexd   : Skipping decompression for /system/apex/com.google.android.ipsec.apex
05-10 22:58:23.198   276   276 I apexd   : Processing compressed APEX /system/apex/com.google.android.ondevicepersonalization.apex
05-10 22:58:23.201   276   276 I apexd   : Skipping decompression for /system/apex/com.google.android.ondevicepersonalization.apex
05-10 22:58:23.201   276   276 I apexd   : Processing compressed APEX /system/apex/com.google.android.adbd.apex
05-10 22:58:23.205   276   276 I apexd   : Skipping decompression for /system/apex/com.google.android.adbd.apex
05-10 22:58:23.205   276   276 I apexd   : Processing compressed APEX /system/apex/com.google.android.media.swcodec.apex
05-10 22:58:23.209   276   276 I apexd   : Skipping decompression for /system/apex/com.google.android.media.swcodec.apex
05-10 22:58:23.209   278   278 I loop4   : detected capacity change from 0 to 67520
05-10 22:58:23.210   279   279 I loop5   : detected capacity change from 0 to 55856
05-10 22:58:23.277   279   279 I EXT4-fs (loop5): mounted filesystem without journal. Opts: (null). Quota mode: none.
05-10 22:58:23.277   278   278 I EXT4-fs (loop4): mounted filesystem without journal. Opts: (null). Quota mode: none.
05-10 22:58:23.277   279   279 I apexd   : Successfully mounted package /system/apex/com.android.vndk.current.apex on /apex/com.android.vndk.v33@1 duration=68
05-10 22:58:23.277   278   278 I apexd   : Successfully mounted package /system/apex/com.android.i18n.apex on /apex/com.android.i18n@1 duration=68
05-10 22:58:23.279   279   279 I loop6   : detected capacity change from 0 to 1728
05-10 22:58:23.279   278   278 I loop7   : detected capacity change from 0 to 40560
05-10 22:58:23.338   279   279 I EXT4-fs (loop6): mounted filesystem without journal. Opts: (null). Quota mode: none.
05-10 22:58:23.338   279   279 I apexd   : Successfully mounted package /system/apex/com.google.android.tzdata4.apex on /apex/com.android.tzdata@331012000 duration=59
05-10 22:58:23.339   279   279 I loop8   : detected capacity change from 0 to 3352
05-10 22:58:23.339   278   278 I EXT4-fs (loop7): mounted filesystem without journal. Opts: (null). Quota mode: none.
05-10 22:58:23.339   278   278 I apexd   : Successfully mounted package /system/apex/com.google.android.bluetooth.apex on /apex/com.android.btservices@339990000 duration=60
05-10 22:58:23.340   278   278 I loop9   : detected capacity change from 0 to 10384
05-10 22:58:23.404   278   278 I EXT4-fs (loop9): mounted filesystem without journal. Opts: (null). Quota mode: none.
05-10 22:58:23.405   278   278 I apexd   : Successfully mounted package /system/apex/com.android.runtime.apex on /apex/com.android.runtime@1 duration=64
05-10 22:58:23.405   279   279 I EXT4-fs (loop8): mounted filesystem without journal. Opts: (null). Quota mode: none.
05-10 22:58:23.405   279   279 I apexd   : Successfully mounted package /system/apex/com.google.mainline.primary.libs.apex on /apex/com.google.mainline.primary.libs@331031000 duration=66
05-10 22:58:23.405   278   278 I loop10  : detected capacity change from 0 to 536
05-10 22:58:23.411   279   279 I loop11  : detected capacity change from 0 to 544
05-10 22:58:23.449   278   278 I EXT4-fs (loop10): mounted filesystem without journal. Opts: (null). Quota mode: none.
05-10 22:58:23.449   278   278 I apexd   : Successfully mounted package /system/apex/com.android.apex.cts.shim.apex on /apex/com.android.apex.cts.shim@1 duration=43
05-10 22:58:23.452   278   278 I loop12  : detected capacity change from 0 to 28200
05-10 22:58:23.480   279   279 I device-mapper: verity: sha256 using implementation "sha256-ce"
05-10 22:58:23.507   278   278 I device-mapper: verity: sha256 using implementation "sha256-ce"
05-10 22:58:23.508   279   279 I EXT4-fs (dm-31): mounted filesystem without journal. Opts: (null). Quota mode: none.
05-10 22:58:23.508   279   279 I apexd   : Successfully mounted package /data/apex/decompressed/com.android.adservices@330442000.decompressed.apex on /apex/com.android.adservices@330442000 duration=99
05-10 22:58:23.510   279   279 I loop13  : detected capacity change from 0 to 14952
05-10 22:58:23.531   278   278 I EXT4-fs (dm-30): mounted filesystem without journal. Opts: (null). Quota mode: none.
05-10 22:58:23.531   278   278 I apexd   : Successfully mounted package /data/apex/decompressed/com.android.cellbroadcast@331013000.decompressed.apex on /apex/com.android.cellbroadcast@331013000 duration=79
05-10 22:58:23.532   278   278 I loop14  : detected capacity change from 0 to 16624
05-10 22:58:23.561   279   279 I device-mapper: verity: sha256 using implementation "sha256-ce"
05-10 22:58:23.587   279   279 I EXT4-fs (dm-29): mounted filesystem without journal. Opts: (null). Quota mode: none.
05-10 22:58:23.587   279   279 I apexd   : Successfully mounted package /data/apex/decompressed/com.android.neuralnetworks@330443000.decompressed.apex on /apex/com.android.neuralnetworks@330443000 duration=77
05-10 22:58:23.589   279   279 I loop15  : detected capacity change from 0 to 11864
05-10 22:58:23.593   278   278 I device-mapper: verity: sha256 using implementation "sha256-ce"
05-10 22:58:23.621   278   278 I EXT4-fs (dm-28): mounted filesystem without journal. Opts: (null). Quota mode: none.
05-10 22:58:23.621   278   278 I apexd   : Successfully mounted package /data/apex/decompressed/com.android.tethering@331012010.decompressed.apex on /apex/com.android.tethering@331012010 duration=89
05-10 22:58:23.626   278   278 I loop16  : detected capacity change from 0 to 3848
05-10 22:58:23.628   279   279 I device-mapper: verity: sha256 using implementation "sha256-ce"
05-10 22:58:23.652   279   279 I EXT4-fs (dm-20): mounted filesystem without journal. Opts: (null). Quota mode: none.
05-10 22:58:23.652   279   279 I apexd   : Successfully mounted package /data/apex/decompressed/com.android.media@331012010.decompressed.apex on /apex/com.android.media@331012010 duration=62
05-10 22:58:23.654   279   279 I loop17  : detected capacity change from 0 to 11728
05-10 22:58:23.673   278   278 I device-mapper: verity: sha256 using implementation "sha256-ce"
05-10 22:58:23.698   278   278 I EXT4-fs (dm-19): mounted filesystem without journal. Opts: (null). Quota mode: none.
05-10 22:58:23.698   278   278 I apexd   : Successfully mounted package /data/apex/decompressed/com.android.os.statsd@331010000.decompressed.apex on /apex/com.android.os.statsd@331010000 duration=73
05-10 22:58:23.701   278   278 I loop18  : detected capacity change from 0 to 6768
05-10 22:58:23.741   279   279 I device-mapper: verity: sha256 using implementation "sha256-ce"
05-10 22:58:23.768   279   279 I EXT4-fs (dm-21): mounted filesystem without journal. Opts: (null). Quota mode: none.
05-10 22:58:23.768   279   279 I apexd   : Successfully mounted package /data/apex/decompressed/com.android.extservices@331012000.decompressed.apex on /apex/com.android.extservices@331012000 duration=114
05-10 22:58:23.769   278   278 I device-mapper: verity: sha256 using implementation "sha256-ce"
05-10 22:58:23.770   279   279 I loop19  : detected capacity change from 0 to 17264
05-10 22:58:23.795   278   278 I EXT4-fs (dm-22): mounted filesystem without journal. Opts: (null). Quota mode: none.
05-10 22:58:23.795   278   278 I apexd   : Successfully mounted package /data/apex/decompressed/com.android.uwb@331015010.decompressed.apex on /apex/com.android.uwb@331015010 duration=94
05-10 22:58:23.797   278   278 I loop20  : detected capacity change from 0 to 32784
05-10 22:58:23.851   279   279 I device-mapper: verity: sha256 using implementation "sha256-ce"
05-10 22:58:23.881   278   278 I device-mapper: verity: sha256 using implementation "sha256-ce"
05-10 22:58:23.887   279   279 I EXT4-fs (dm-17): mounted filesystem without journal. Opts: (null). Quota mode: none.
05-10 22:58:23.887   279   279 I apexd   : Successfully mounted package /data/apex/decompressed/com.android.mediaprovider@331011020.decompressed.apex on /apex/com.android.mediaprovider@331011020 duration=117
05-10 22:58:23.890   279   279 I loop21  : detected capacity change from 0 to 102720
05-10 22:58:23.910   278   278 I EXT4-fs (dm-25): mounted filesystem without journal. Opts: (null). Quota mode: none.
05-10 22:58:23.910   278   278 I apexd   : Successfully mounted package /data/apex/decompressed/com.android.permission@331019000.decompressed.apex on /apex/com.android.permission@331019000 duration=113
05-10 22:58:23.911   278   278 I loop22  : detected capacity change from 0 to 9744
05-10 22:58:23.949   279   279 I device-mapper: verity: sha256 using implementation "sha256-ce"
05-10 22:58:23.979   278   278 I device-mapper: verity: sha256 using implementation "sha256-ce"
05-10 22:58:23.980   279   279 I EXT4-fs (dm-24): mounted filesystem without journal. Opts: (null). Quota mode: none.
05-10 22:58:23.980   279   279 I apexd   : Successfully mounted package /data/apex/decompressed/com.android.art@331012010.decompressed.apex on /apex/com.android.art@331012010 duration=91
05-10 22:58:23.984   279   279 I loop23  : detected capacity change from 0 to 536
05-10 22:58:24.005   278   278 I EXT4-fs (dm-16): mounted filesystem without journal. Opts: (null). Quota mode: none.
05-10 22:58:24.005   278   278 I apexd   : Successfully mounted package /data/apex/decompressed/com.android.conscrypt@331011000.decompressed.apex on /apex/com.android.conscrypt@331011000 duration=94
05-10 22:58:24.009   278   278 I loop24  : detected capacity change from 0 to 1496
05-10 22:58:24.026   279   279 I device-mapper: verity: sha256 using implementation "sha256-ce"
05-10 22:58:24.054   278   278 I device-mapper: verity: sha256 using implementation "sha256-ce"
05-10 22:58:24.054   279   279 I EXT4-fs (dm-14): mounted filesystem without journal. Opts: (null). Quota mode: none.
05-10 22:58:24.054   279   279 I apexd   : Successfully mounted package /data/apex/decompressed/com.android.scheduling@330443010.decompressed.apex on /apex/com.android.scheduling@330443010 duration=71
05-10 22:58:24.056   279   279 I loop25  : detected capacity change from 0 to 14232
05-10 22:58:24.080   278   278 I EXT4-fs (dm-11): mounted filesystem without journal. Opts: (null). Quota mode: none.
05-10 22:58:24.080   278   278 I apexd   : Successfully mounted package /data/apex/decompressed/com.android.sdkext@330810010.decompressed.apex on /apex/com.android.sdkext@330810010 duration=72
05-10 22:58:24.083   278   278 I loop26  : detected capacity change from 0 to 6912
05-10 22:58:24.119   279   279 I device-mapper: verity: sha256 using implementation "sha256-ce"
05-10 22:58:24.138   278   278 I device-mapper: verity: sha256 using implementation "sha256-ce"
05-10 22:58:24.145   279   279 I EXT4-fs (dm-9): mounted filesystem without journal. Opts: (null). Quota mode: none.
05-10 22:58:24.145   279   279 I apexd   : Successfully mounted package /data/apex/decompressed/com.android.wifi@331016010.decompressed.apex on /apex/com.android.wifi@331016010 duration=89
05-10 22:58:24.147   279   279 I loop27  : detected capacity change from 0 to 7928
05-10 22:58:24.166   278   278 I EXT4-fs (dm-7): mounted filesystem without journal. Opts: (null). Quota mode: none.
05-10 22:58:24.166   278   278 I apexd   : Successfully mounted package /data/apex/decompressed/com.android.appsearch@331010000.decompressed.apex on /apex/com.android.appsearch@331010000 duration=83
05-10 22:58:24.169   278   278 I loop28  : detected capacity change from 0 to 1592
05-10 22:58:24.187   279   279 I device-mapper: verity: sha256 using implementation "sha256-ce"
05-10 22:58:24.214   279   279 I EXT4-fs (dm-6): mounted filesystem without journal. Opts: (null). Quota mode: none.
05-10 22:58:24.214   279   279 I apexd   : Successfully mounted package /data/apex/decompressed/com.android.resolv@331011000.decompressed.apex on /apex/com.android.resolv@331011000 duration=67
05-10 22:58:24.216   279   279 I loop29  : detected capacity change from 0 to 536
05-10 22:58:24.234   278   278 I device-mapper: verity: sha256 using implementation "sha256-ce"
05-10 22:58:24.260   278   278 I EXT4-fs (dm-12): mounted filesystem without journal. Opts: (null). Quota mode: none.
05-10 22:58:24.260   278   278 I apexd   : Successfully mounted package /data/apex/decompressed/com.android.ipsec@331014010.decompressed.apex on /apex/com.android.ipsec@331014010 duration=91
05-10 22:58:24.262   279   279 I device-mapper: verity: sha256 using implementation "sha256-ce"
05-10 22:58:24.263   278   278 I loop30  : detected capacity change from 0 to 13168
05-10 22:58:24.269   279   279 I EXT4-fs (dm-10): mounted filesystem without journal. Opts: (null). Quota mode: none.
05-10 22:58:24.269   279   279 I apexd   : Successfully mounted package /data/apex/decompressed/com.android.ondevicepersonalization@330442000.decompressed.apex on /apex/com.android.ondevicepersonalization@330442000 duration=53
05-10 22:58:24.271   279   279 I loop31  : detected capacity change from 0 to 38752
05-10 22:58:24.330   278   278 I device-mapper: verity: sha256 using implementation "sha256-ce"
05-10 22:58:24.357   279   279 I device-mapper: verity: sha256 using implementation "sha256-ce"
05-10 22:58:24.361   278   278 I EXT4-fs (dm-27): mounted filesystem without journal. Opts: (null). Quota mode: none.
05-10 22:58:24.361   278   278 I apexd   : Successfully mounted package /data/apex/decompressed/com.android.adbd@331010002.decompressed.apex on /apex/com.android.adbd@331010002 duration=98
05-10 22:58:24.382   279   279 I EXT4-fs (dm-26): mounted filesystem without journal. Opts: (null). Quota mode: none.
05-10 22:58:24.383   279   279 I apexd   : Successfully mounted package /data/apex/decompressed/com.android.media.swcodec@331012010.decompressed.apex on /apex/com.android.media.swcodec@331012010 duration=112
05-10 22:58:24.385   276   276 I apexd   : Activated 28 packages.
05-10 22:58:24.385   276   276 I apexd   : OnStart done, duration=1268
05-10 22:58:24.386   276   276 I AidlLazyServiceRegistrar: Registering service apexservice
05-10 22:58:24.396   276   276 E apexd   : Can't open /system_ext/apex for reading : No such file or directory
05-10 22:58:24.396   276   276 E apexd   : Can't open /product/apex for reading : No such file or directory
05-10 22:58:24.396   276   276 E apexd   : Can't open /vendor/apex for reading : No such file or directory
05-10 22:58:24.399   276   276 I apexd   : Marking APEXd as activated
05-10 22:58:24.400   169   169 I init    : Wait for property 'apexd.status=activated' took 1238ms
05-10 22:58:24.413     1     1 I init    : Parsing file /apex/com.android.adbd/etc/init.rc...
05-10 22:58:24.414     1     1 I init    : Parsing file /apex/com.android.art/etc/init.rc...
05-10 22:58:24.414     1     1 I init    : Parsing file /apex/com.android.media.swcodec/etc/mediaswcodec.32rc...
05-10 22:58:24.415     1     1 I init    : Parsing file /apex/com.android.media/etc/mediatranscoding.32rc...
05-10 22:58:24.415     1     1 I init    : Parsing file /apex/com.android.os.statsd/etc/init.rc...
05-10 22:58:24.416     1     1 I init    : Parsing file /apex/com.android.sdkext/etc/derive_classpath.rc...
05-10 22:58:24.416     1     1 I init    : Parsing file /apex/com.android.sdkext/etc/derive_sdk.rc...
05-10 22:58:24.437     1     1 I init    : linkerconfig generated /linkerconfig with mounted APEX modules info
