05-10 22:58:29.438   582   582 V SystemServerTiming: OnBootPhase_100_com.android.server.powerstats.PowerStatsService took to complete: 0ms
05-10 22:58:29.438   582   582 D SystemServerTiming: OnBootPhase_100_com.android.server.wm.ActivityTaskManagerService$Lifecycle
05-10 22:58:29.438   582   582 V SystemServerTiming: OnBootPhase_100_com.android.server.wm.ActivityTaskManagerService$Lifecycle took to complete: 0ms
05-10 22:58:29.438   582   582 D SystemServerTiming: OnBootPhase_100_com.android.server.am.ActivityManagerService$Lifecycle
05-10 22:58:29.438   582   582 V SystemServerTiming: OnBootPhase_100_com.android.server.am.ActivityManagerService$Lifecycle took to complete: 0ms
05-10 22:58:29.438   582   582 D SystemServerTiming: OnBootPhase_100_com.android.server.pm.DataLoaderManagerService
05-10 22:58:29.438   582   582 V SystemServerTiming: OnBootPhase_100_com.android.server.pm.DataLoaderManagerService took to complete: 0ms
05-10 22:58:29.438   582   582 D SystemServerTiming: OnBootPhase_100_com.android.server.power.PowerManagerService
05-10 22:58:29.438   582   582 V SystemServerTiming: OnBootPhase_100_com.android.server.power.PowerManagerService took to complete: 0ms
05-10 22:58:29.438   582   582 D SystemServerTiming: OnBootPhase_100_com.android.server.power.ThermalManagerService
05-10 22:58:29.438   582   582 V SystemServerTiming: OnBootPhase_100_com.android.server.power.ThermalManagerService took to complete: 0ms
05-10 22:58:29.438   582   582 D SystemServerTiming: OnBootPhase_100_com.android.server.power.hint.HintManagerService
05-10 22:58:29.438   582   582 V SystemServerTiming: OnBootPhase_100_com.android.server.power.hint.HintManagerService took to complete: 0ms
05-10 22:58:29.438   582   582 D SystemServerTiming: OnBootPhase_100_com.android.server.recoverysystem.RecoverySystemService$Lifecycle
05-10 22:58:29.438   582   582 V SystemServerTiming: OnBootPhase_100_com.android.server.recoverysystem.RecoverySystemService$Lifecycle took to complete: 0ms
05-10 22:58:29.438   582   582 D SystemServerTiming: OnBootPhase_100_com.android.server.lights.LightsService
05-10 22:58:29.438   582   582 V SystemServerTiming: OnBootPhase_100_com.android.server.lights.LightsService took to complete: 0ms
05-10 22:58:29.438   582   582 D SystemServerTiming: OnBootPhase_100_com.android.server.display.DisplayManagerService
05-10 22:58:29.457   582   602 E LocalDisplayAdapter: Can't find display mode with id -1
05-10 22:58:29.457   582   602 W LocalDisplayAdapter: DisplayModeSpecs base mode no longer available, using currently active mode.
05-10 22:58:29.462   582   602 I DisplayDeviceRepository: Display device added: DisplayDeviceInfo{"Built-in Screen": uniqueId="local:4619827259835644672", 1080 x 2340, modeId 1, defaultModeId 1, supportedModes [{id=1, width=1080, height=2340, fps=60.000004, alternativeRefreshRates=[]}], colorMode 0, supportedColorModes [0], hdrCapabilities HdrCapabilities{mSupportedHdrTypes=[], mMaxLuminance=500.0, mMaxAverageLuminance=500.0, mMinLuminance=0.0}, allmSupported false, gameContentTypeSupported false, density 440, 440.0 x 440.0 dpi, appVsyncOff 1000000, presDeadline 16666666, touch INTERNAL, rotation 0, type INTERNAL, address {port=0, model=0x401cec6a7a2b7b}, deviceProductInfo DeviceProductInfo{name=EMU_display_0, manufacturerPnpId=GGL, productId=1, modelYear=null, manufactureDate=ManufactureDate{week=27, year=2006}, connectionToSinkType=0}, state UNKNOWN, frameRateOverride , brightnessMinimum 0.0, brightnessMaximum 1.0, brightnessDefault 0.39763778, FLAG_ALLOWED_TO_BE_DEFAULT_DISPLAY, FLAG_ROTATES_WITH_CONTENT, FLAG_SECURE, FLAG_SUPPORTS_PROTECTED_BUFFERS, installOrientation 0}
05-10 22:58:29.464   582   602 I LogicalDisplayMapper: Applying layout: [{addr: {port=0, model=0x401cec6a7a2b7b}, dispId: 0(ON)}], Previous layout: null
05-10 22:58:29.466   582   602 I LogicalDisplayMapper: Adding new display: 0: DisplayInfo{"Built-in Screen", displayId 0", displayGroupId -1, FLAG_SECURE, FLAG_SUPPORTS_PROTECTED_BUFFERS, FLAG_TRUSTED, real 1080 x 2340, largest app 1080 x 2340, smallest app 1080 x 2340, appVsyncOff 1000000, presDeadline 16666666, mode 1, defaultMode 1, modes [{id=1, width=1080, height=2340, fps=60.000004, alternativeRefreshRates=[]}], hdrCapabilities HdrCapabilities{mSupportedHdrTypes=[], mMaxLuminance=500.0, mMaxAverageLuminance=500.0, mMinLuminance=0.0}, userDisabledHdrTypes [], minimalPostProcessingSupported false, rotation 0, state UNKNOWN, type INTERNAL, uniqueId "local:4619827259835644672", app 1080 x 2340, density 440 (440.0 x 440.0) dpi, layerStack 0, colorMode 0, supportedColorModes [0], address {port=0, model=0x401cec6a7a2b7b}, deviceProductInfo DeviceProductInfo{name=EMU_display_0, manufacturerPnpId=GGL, productId=1, modelYear=null, manufactureDate=ManufactureDate{week=27, year=2006}, connectionToSinkType=0}, removeMode 0, refreshRateOverride 0.0, brightnessMinimum 0.0, brightnessMaximum 1.0, brightnessDefault 0.39763778, installOrientation ROTATION_0}
05-10 22:58:29.467   582   602 I LogicalDisplayMapper: Setting new display group 0 for display 0, from previous group: null
05-10 22:58:29.468   582   582 V SystemServerTiming: OnBootPhase_100_com.android.server.display.DisplayManagerService took to complete: 30ms
05-10 22:58:29.468   582   582 V SystemServerTiming: OnBootPhase_100 took to complete: 30ms
05-10 22:58:29.468   582   582 V SystemServerTiming: WaitForDisplay took to complete: 30ms
05-10 22:58:29.468   582   582 D SystemServerTiming: StartDomainVerificationService
05-10 22:58:29.470   582   582 V SystemServerTiming: StartDomainVerificationService took to complete: 2ms
05-10 22:58:29.470   582   582 D SystemServerTiming: StartPackageManagerService
05-10 22:58:29.470   582   582 I Watchdog: Pausing HandlerChecker: main thread for reason: packagemanagermain. Pause count: 1
05-10 22:58:29.473   582   582 D PackageManagerTiming: create package manager
05-10 22:58:29.478   582   582 D PackageManagerTiming: createSubComponents
05-10 22:58:29.494   582   582 V PackageManagerTiming: createSubComponents took to complete: 16ms
05-10 22:58:29.494   582   582 D PackageManagerTiming: addSharedUsers
05-10 22:58:29.495   582   582 V PackageManagerTiming: addSharedUsers took to complete: 1ms
05-10 22:58:29.496   582   582 W BackgroundDexOptService: SysProp pm.dexopt.downgrade_after_inactive_days not set
05-10 22:58:29.497   582   582 D PackageManagerTiming: get system config
05-10 22:58:29.497   582   582 V PackageManagerTiming: get system config took to complete: 0ms
05-10 22:58:29.500   582   582 D SELinuxMMAC: Using policy file /system/etc/selinux/plat_mac_permissions.xml
05-10 22:58:29.501   582   582 D SELinuxMMAC: Using policy file /system_ext/etc/selinux/system_ext_mac_permissions.xml
05-10 22:58:29.502   582   582 D SELinuxMMAC: Using policy file /vendor/etc/selinux/vendor_mac_permissions.xml
05-10 22:58:29.502   582   582 D PackageManagerTiming: loadFallbacks
05-10 22:58:29.504   582   582 V PackageManagerTiming: loadFallbacks took to complete: 1ms
05-10 22:58:29.504   582   582 D PackageManagerTiming: read user settings
05-10 22:58:29.541   582   582 E PackageManager: Package com.google.android.networkstack.tethering was user id 0 but is now user SharedUserSetting{aa26344 android.uid.networkstack/1073} with id 1073; I am not changing its files so it will probably fail!
05-10 22:58:29.543   582   582 E PackageManager: Package com.android.providers.telephony was user id 0 but is now user SharedUserSetting{4ee46f3 android.uid.phone/1001} with id 1001; I am not changing its files so it will probably fail!
05-10 22:58:29.543   582   582 E PackageManager: Package com.android.dynsystem was user id 0 but is now user SharedUserSetting{43dc5ae android.uid.system/1000} with id 1000; I am not changing its files so it will probably fail!
05-10 22:58:29.543   582   582 E PackageManager: Package com.google.android.cellbroadcastservice was user id 0 but is now user SharedUserSetting{aa26344 android.uid.networkstack/1073} with id 1073; I am not changing its files so it will probably fail!
05-10 22:58:29.544   582   582 E PackageManager: Package com.android.providers.calendar was user id 0 but is now user SharedUserSetting{c69a16b android.uid.calendar/10064} with id 10064; I am not changing its files so it will probably fail!
05-10 22:58:29.544   582   582 E PackageManager: Package com.android.providers.media was user id 0 but is now user SharedUserSetting{17cdc86 android.media/10058} with id 10058; I am not changing its files so it will probably fail!
05-10 22:58:29.544   582   582 E PackageManager: Package com.android.mms.service was user id 0 but is now user SharedUserSetting{4ee46f3 android.uid.phone/1001} with id 1001; I am not changing its files so it will probably fail!
05-10 22:58:29.544   582   582 E PackageManager: Package com.android.providers.downloads was user id 0 but is now user SharedUserSetting{17cdc86 android.media/10058} with id 10058; I am not changing its files so it will probably fail!
05-10 22:58:29.544   582   582 E PackageManager: Package com.android.providers.downloads.ui was user id 0 but is now user SharedUserSetting{17cdc86 android.media/10058} with id 10058; I am not changing its files so it will probably fail!
05-10 22:58:29.544   582   582 E PackageManager: Package android was user id 0 but is now user SharedUserSetting{43dc5ae android.uid.system/1000} with id 1000; I am not changing its files so it will probably fail!
05-10 22:58:29.545   582   582 E PackageManager: Package com.android.mtp was user id 0 but is now user SharedUserSetting{17cdc86 android.media/10058} with id 10058; I am not changing its files so it will probably fail!
05-10 22:58:29.545   582   582 E PackageManager: Package com.android.nfc was user id 0 but is now user SharedUserSetting{959bb5b android.uid.nfc/1027} with id 1027; I am not changing its files so it will probably fail!
05-10 22:58:29.545   582   582 E PackageManager: Package com.android.ons was user id 0 but is now user SharedUserSetting{4ee46f3 android.uid.phone/1001} with id 1001; I am not changing its files so it will probably fail!
05-10 22:58:29.545   582   582 E PackageManager: Package com.android.stk was user id 0 but is now user SharedUserSetting{4ee46f3 android.uid.phone/1001} with id 1001; I am not changing its files so it will probably fail!
05-10 22:58:29.545   582   582 E PackageManager: Package com.android.providers.settings was user id 0 but is now user SharedUserSetting{43dc5ae android.uid.system/1000} with id 1000; I am not changing its files so it will probably fail!
05-10 22:58:29.546   582   582 E PackageManager: Package com.android.se was user id 0 but is now user SharedUserSetting{6c18610 android.uid.se/1068} with id 1068; I am not changing its files so it will probably fail!
05-10 22:58:29.546   582   582 E PackageManager: Package com.android.inputdevices was user id 0 but is now user SharedUserSetting{43dc5ae android.uid.system/1000} with id 1000; I am not changing its files so it will probably fail!
05-10 22:58:29.546   582   582 E PackageManager: Package com.google.android.apps.maps was user id 0 but is now user SharedUserSetting{78c08c5 com.google.android.apps.maps/10125} with id 10125; I am not changing its files so it will probably fail!
05-10 22:58:29.546   582   582 E PackageManager: Package com.google.android.bluetooth.services was user id 0 but is now user SharedUserSetting{ba80728 android.uid.bluetooth/1002} with id 1002; I am not changing its files so it will probably fail!
05-10 22:58:29.546   582   582 E PackageManager: Package com.google.android.networkstack was user id 0 but is now user SharedUserSetting{aa26344 android.uid.networkstack/1073} with id 1073; I am not changing its files so it will probably fail!
05-10 22:58:29.547   582   582 E PackageManager: Package com.android.server.telecom was user id 0 but is now user SharedUserSetting{43dc5ae android.uid.system/1000} with id 1000; I am not changing its files so it will probably fail!
05-10 22:58:29.547   582   582 E PackageManager: Package com.android.keychain was user id 0 but is now user SharedUserSetting{43dc5ae android.uid.system/1000} with id 1000; I am not changing its files so it will probably fail!
05-10 22:58:29.547   582   582 E PackageManager: Package com.google.android.gms was user id 0 but is now user SharedUserSetting{45e6279 com.google.uid.shared/10108} with id 10108; I am not changing its files so it will probably fail!
05-10 22:58:29.548   582   582 E PackageManager: Package com.google.android.gsf was user id 0 but is now user SharedUserSetting{45e6279 com.google.uid.shared/10108} with id 10108; I am not changing its files so it will probably fail!
05-10 22:58:29.548   582   582 E PackageManager: Package com.android.calllogbackup was user id 0 but is now user SharedUserSetting{4f315ca android.uid.shared/10063} with id 10063; I am not changing its files so it will probably fail!
05-10 22:58:29.548   582   582 E PackageManager: Package com.android.localtransport was user id 0 but is now user SharedUserSetting{43dc5ae android.uid.system/1000} with id 1000; I am not changing its files so it will probably fail!
05-10 22:58:29.548   582   582 E PackageManager: Package com.google.android.calendar was user id 0 but is now user SharedUserSetting{bc19817 com.google.android.calendar.uid.shared/10133} with id 10133; I am not changing its files so it will probably fail!
05-10 22:58:29.548   582   582 E PackageManager: Package com.android.soundpicker was user id 0 but is now user SharedUserSetting{17cdc86 android.media/10058} with id 10058; I am not changing its files so it will probably fail!
05-10 22:58:29.548   582   582 E PackageManager: Package com.android.emulator.multidisplay was user id 0 but is now user SharedUserSetting{43dc5ae android.uid.system/1000} with id 1000; I am not changing its files so it will probably fail!
05-10 22:58:29.548   582   582 E PackageManager: Package com.android.settings was user id 0 but is now user SharedUserSetting{43dc5ae android.uid.system/1000} with id 1000; I am not changing its files so it will probably fail!
05-10 22:58:29.548   582   582 E PackageManager: Package com.google.android.projection.gearhead was user id 0 but is now user SharedUserSetting{f8ebf9c com.google.android.projection.gearhead/10106} with id 10106; I am not changing its files so it will probably fail!
05-10 22:58:29.548   582   582 E PackageManager: Package com.android.cts.ctsshim was user id 0 but is now user SharedUserSetting{ad4312b com.android.cts.ctsshim/10150} with id 10150; I am not changing its files so it will probably fail!
05-10 22:58:29.548   582   582 E PackageManager: Package com.android.phone was user id 0 but is now user SharedUserSetting{4ee46f3 android.uid.phone/1001} with id 1001; I am not changing its files so it will probably fail!
05-10 22:58:29.548   582   582 E PackageManager: Package com.android.shell was user id 0 but is now user SharedUserSetting{5196634 android.uid.shell/2000} with id 2000; I am not changing its files so it will probably fail!
05-10 22:58:29.548   582   582 E PackageManager: Package com.android.wallpaperbackup was user id 0 but is now user SharedUserSetting{43dc5ae android.uid.system/1000} with id 1000; I am not changing its files so it will probably fail!
05-10 22:58:29.548   582   582 E PackageManager: Package com.android.providers.blockednumber was user id 0 but is now user SharedUserSetting{4f315ca android.uid.shared/10063} with id 10063; I am not changing its files so it will probably fail!
05-10 22:58:29.549   582   582 E PackageManager: Package com.android.providers.userdictionary was user id 0 but is now user SharedUserSetting{4f315ca android.uid.shared/10063} with id 10063; I am not changing its files so it will probably fail!
05-10 22:58:29.549   582   582 E PackageManager: Package com.android.emergency was user id 0 but is now user SharedUserSetting{969ea15 com.android.emergency.uid/10139} with id 10139; I am not changing its files so it will probably fail!
05-10 22:58:29.549   582   582 E PackageManager: Package com.android.location.fused was user id 0 but is now user SharedUserSetting{43dc5ae android.uid.system/1000} with id 1000; I am not changing its files so it will probably fail!
05-10 22:58:29.549   582   582 E PackageManager: Package com.android.systemui was user id 0 but is now user SharedUserSetting{3f245f6 android.uid.systemui/10145} with id 10145; I am not changing its files so it will probably fail!
05-10 22:58:29.549   582   582 E PackageManager: Package com.android.bluetooth was user id 0 but is now user SharedUserSetting{ba80728 android.uid.bluetooth/1002} with id 1002; I am not changing its files so it will probably fail!
05-10 22:58:29.557   582   582 E PackageManager: Package com.android.providers.contacts was user id 0 but is now user SharedUserSetting{4f315ca android.uid.shared/10063} with id 10063; I am not changing its files so it will probably fail!
05-10 22:58:29.562   582   582 W android.permission.PermissionManager: Missing ActivityManager; assuming 1000 holds android.permission.SET_PREFERRED_APPLICATIONS
05-10 22:58:29.634   582   582 V SLog    : static_init took to complete: 2ms
05-10 22:58:29.634   582   582 W PackageSettings: Missing permission state for package com.android.uwb.resources on user 0
05-10 22:58:29.634   582   582 W PackageSettings: Missing permission state for package com.android.internal.display.cutout.emulation.corner on user 0
05-10 22:58:29.634   582   582 W PackageSettings: Missing permission state for package com.android.internal.display.cutout.emulation.double on user 0
05-10 22:58:29.634   582   582 W PackageSettings: Missing permission state for package com.google.android.ext.shared on user 0
05-10 22:58:29.635   582   582 W PackageSettings: Missing permission state for package com.android.internal.systemui.navbar.gestural_wide_back on user 0
05-10 22:58:29.635   582   582 W PackageSettings: Missing permission state for package com.android.managedprovisioning.auto_generated_rro_product__ on user 0
05-10 22:58:29.635   582   582 W PackageSettings: Missing permission state for package com.android.carrierconfig.auto_generated_rro_vendor__ on user 0
05-10 22:58:29.635   582   582 W PackageSettings: Missing permission state for package com.android.systemui.emulation.pixel_3_xl on user 0
05-10 22:58:29.635   582   582 W PackageSettings: Missing permission state for package com.android.systemui.emulation.pixel_4_xl on user 0
05-10 22:58:29.635   582   582 W PackageSettings: Missing permission state for package com.android.simappdialog.auto_generated_rro_product__ on user 0
05-10 22:58:29.635   582   582 W PackageSettings: Missing permission state for package com.android.htmlviewer on user 0
05-10 22:58:29.636   582   582 W PackageSettings: Missing permission state for package com.android.systemui.auto_generated_rro_product__ on user 0
05-10 22:58:29.636   582   582 W PackageSettings: Missing permission state for package com.android.internal.emulation.pixel_3a_xl on user 0
05-10 22:58:29.636   582   582 W PackageSettings: Missing permission state for package com.android.internal.emulation.pixel_3a on user 0
05-10 22:58:29.636   582   582 W PackageSettings: Missing permission state for package com.android.internal.emulation.pixel_4a on user 0
05-10 22:58:29.636   582   582 W PackageSettings: Missing permission state for package com.google.android.overlay.googlewebview on user 0
05-10 22:58:29.636   582   582 W PackageSettings: Missing permission state for package com.android.internal.display.cutout.emulation.hole on user 0
05-10 22:58:29.636   582   582 W PackageSettings: Missing permission state for package com.android.internal.display.cutout.emulation.tall on user 0
05-10 22:58:29.636   582   582 W PackageSettings: Missing permission state for package com.android.internal.systemui.navbar.threebutton on user 0
05-10 22:58:29.637   582   582 W PackageSettings: Missing permission state for package com.android.systemui.auto_generated_rro_vendor__ on user 0
05-10 22:58:29.637   582   582 W PackageSettings: Missing permission state for package com.android.internal.systemui.navbar.twobutton on user 0
05-10 22:58:29.638   582   582 W PackageSettings: Missing permission state for package com.android.internal.systemui.navbar.gestural_extra_wide_back on user 0
05-10 22:58:29.638   582   582 W PackageSettings: Missing permission state for package com.android.systemui.emulation.pixel_3 on user 0
05-10 22:58:29.638   582   582 W PackageSettings: Missing permission state for package com.android.systemui.emulation.pixel_4 on user 0
05-10 22:58:29.638   582   582 W PackageSettings: Missing permission state for package com.android.systemui.emulation.pixel_5 on user 0
05-10 22:58:29.638   582   582 W PackageSettings: Missing permission state for package com.android.nfc.auto_generated_rro_product__ on user 0
05-10 22:58:29.638   582   582 W PackageSettings: Missing permission state for package com.android.emergency.auto_generated_rro_product__ on user 0
05-10 22:58:29.638   582   582 W PackageSettings: Missing permission state for package com.google.android.connectivity.resources.goldfish.overlay on user 0
05-10 22:58:29.638   582   582 W PackageSettings: Missing permission state for package com.android.dreams.basic on user 0
05-10 22:58:29.638   582   582 W PackageSettings: Missing permission state for package com.google.android.networkstack.tethering.emulator on user 0
05-10 22:58:29.638   582   582 W PackageSettings: Missing permission state for package com.android.providers.settings.auto_generated_rro_product__ on user 0
05-10 22:58:29.638   582   582 W PackageSettings: Missing permission state for package com.android.traceur.auto_generated_rro_product__ on user 0
05-10 22:58:29.638   582   582 W PackageSettings: Missing permission state for package com.android.internal.emulation.pixel_3 on user 0
05-10 22:58:29.638   582   582 W PackageSettings: Missing permission state for package com.android.internal.emulation.pixel_4 on user 0
05-10 22:58:29.638   582   582 W PackageSettings: Missing permission state for package com.android.internal.emulation.pixel_5 on user 0
05-10 22:58:29.638   582   582 W PackageSettings: Missing permission state for package com.google.android.modulemetadata on user 0
05-10 22:58:29.638   582   582 W PackageSettings: Missing permission state for package com.android.internal.display.cutout.emulation.emu01 on user 0
05-10 22:58:29.638   582   582 W PackageSettings: Missing permission state for package com.google.android.markup on user 0
05-10 22:58:29.638   582   582 W PackageSettings: Missing permission state for package com.android.providers.settings.auto_generated_rro_vendor__ on user 0
05-10 22:58:29.638   582   582 W PackageSettings: Missing permission state for package com.android.server.telecom.auto_generated_rro_product__ on user 0
05-10 22:58:29.638   582   582 W PackageSettings: Missing permission state for package com.google.android.overlay.googleconfig on user 0
05-10 22:58:29.638   582   582 W PackageSettings: Missing permission state for package com.android.bips.auto_generated_rro_product__ on user 0
05-10 22:58:29.638   582   582 W PackageSettings: Missing permission state for package com.google.android.overlay.permissioncontroller on user 0
05-10 22:58:29.638   582   582 W PackageSettings: Missing permission state for package com.android.cameraextensions on user 0
05-10 22:58:29.639   582   582 W PackageSettings: Missing permission state for package com.android.theme.font.notoserifsource on user 0
05-10 22:58:29.639   582   582 W PackageSettings: Missing permission state for package com.google.android.safetycenter.resources on user 0
05-10 22:58:29.639   582   582 W PackageSettings: Missing permission state for package com.android.internal.display.cutout.emulation.waterfall on user 0
05-10 22:58:29.639   582   582 W PackageSettings: Missing permission state for package com.google.android.connectivity.resources on user 0
05-10 22:58:29.639   582   582 W PackageSettings: Missing permission state for package com.android.providers.contacts.auto_generated_rro_product__ on user 0
05-10 22:58:29.639   582   582 W PackageSettings: Missing permission state for package com.android.systemui.emulation.pixel_3a_xl on user 0
05-10 22:58:29.639   582   582 W PackageSettings: Missing permission state for package com.google.mainline.telemetry on user 0
05-10 22:58:29.639   582   582 W PackageSettings: Missing permission state for package com.google.android.systemui.gxoverlay on user 0
05-10 22:58:29.639   582   582 W PackageSettings: Missing permission state for package com.android.carrierconfig.auto_generated_rro_product__ on user 0
05-10 22:58:29.639   582   582 W PackageSettings: Missing permission state for package com.android.providers.partnerbookmarks on user 0
05-10 22:58:29.639   582   582 W PackageSettings: Missing permission state for package com.android.providers.telephony.auto_generated_rro_product__ on user 0
05-10 22:58:29.639   582   582 W PackageSettings: Missing permission state for package com.android.phone.auto_generated_rro_vendor__ on user 0
05-10 22:58:29.639   582   582 W PackageSettings: Missing permission state for package com.google.mainline.adservices on user 0
05-10 22:58:29.639   582   582 W PackageSettings: Missing permission state for package com.android.internal.emulation.pixel_2_xl on user 0
05-10 22:58:29.639   582   582 W PackageSettings: Missing permission state for package com.android.internal.emulation.pixel_3_xl on user 0
05-10 22:58:29.639   582   582 W PackageSettings: Missing permission state for package com.android.internal.emulation.pixel_4_xl on user 0
05-10 22:58:29.639   582   582 W PackageSettings: Missing permission state for package com.android.bookmarkprovider on user 0
05-10 22:58:29.639   582   582 W PackageSettings: Missing permission state for package com.google.android.overlay.pixelconfigcommon on user 0
05-10 22:58:29.639   582   582 W PackageSettings: Missing permission state for package com.android.systemui.emulation.pixel_3a on user 0
05-10 22:58:29.639   582   582 W PackageSettings: Missing permission state for package com.android.systemui.emulation.pixel_4a on user 0
05-10 22:58:29.639   582   582 W PackageSettings: Missing permission state for package com.google.android.wifi.resources on user 0
05-10 22:58:29.639   582   582 W PackageSettings: Missing permission state for package com.android.settings.auto_generated_rro_product__ on user 0
05-10 22:58:29.639   582   582 W PackageSettings: Missing permission state for package com.android.internal.systemui.navbar.gestural on user 0
05-10 22:58:29.639   582   582 W PackageSettings: Missing permission state for package com.android.storagemanager.auto_generated_rro_product__ on user 0
05-10 22:58:29.639   582   582 W PackageSettings: Missing permission state for package com.android.phone.auto_generated_rro_product__ on user 0
05-10 22:58:29.639   582   582 W PackageSettings: Missing permission state for package android.auto_generated_rro_product__ on user 0
05-10 22:58:29.639   582   582 W PackageSettings: Missing permission state for package com.android.internal.systemui.navbar.gestural_narrow_back on user 0
05-10 22:58:29.639   582   582 W PackageSettings: Missing permission state for package android.auto_generated_rro_vendor__ on user 0
05-10 22:58:29.640   582   582 W PackageSettings: Missing permission state for shared user: android.uid.log
05-10 22:58:29.640   582   582 W PackageSettings: Missing permission state for shared user: android.uid.uwb
05-10 22:58:29.644   582   582 V PackageManagerTiming: read user settings took to complete: 140ms
05-10 22:58:29.652   582   582 D PackageManager: Directories scanned as system partitions: [/system:0, /vendor:524288, /odm:4194304, /oem:262144, /product:1048576, /system_ext:2097152, /apex/com.android.permission:8388608, /apex/com.android.tzdata:8388608, /apex/com.android.ondevicepersonalization:8388608, /apex/com.android.resolv:8388608, /apex/com.android.cellbroadcast:8388608, /apex/com.android.wifi:8388608, /apex/com.android.apex.cts.shim:8388608, /apex/com.android.scheduling:8388608, /apex/com.android.media:8388608, /apex/com.android.i18n:8388608, /apex/com.android.adservices:8388608, /apex/com.android.conscrypt:8388608, /apex/com.android.appsearch:8388608, /apex/com.android.ipsec:8388608, /apex/com.android.sdkext:8388608, /apex/com.android.adbd:8388608, /apex/com.android.runtime:8388608, /apex/com.android.uwb:8388608, /apex/com.android.mediaprovider:8388608, /apex/com.android.extservices:8388608, /apex/com.android.neuralnetworks:8388608, /apex/com.android.tethering:8388608, /apex/com.google.mainline.primary.libs:8388608, /apex/com.android.vndk.v33:8388608, /apex/com.android.art:8388608, /apex/com.android.os.statsd:8388608, /apex/com.android.media.swcodec:8388608, /apex/com.android.btservices:8388608]
05-10 22:58:29.653   582   582 D PackageManager: Keeping known cache 705b73c629e03ff5709d2946b7073b13975d6278
05-10 22:58:29.674   330   330 E apexd   : Can't open /system_ext/apex for reading : No such file or directory
05-10 22:58:29.674   330   330 E apexd   : Can't open /product/apex for reading : No such file or directory
05-10 22:58:29.674   330   330 E apexd   : Can't open /vendor/apex for reading : No such file or directory
05-10 22:58:29.692   582   582 D CompatibilityChangeReporter: Compat change id reported: 143539591; UID -1; state: DISABLED
05-10 22:58:29.692   582   582 D CompatibilityChangeReporter: Compat change id reported: 168782947; UID -1; state: ENABLED
05-10 22:58:29.713   582   582 W PackageManager: Failed to parse /system/framework/arm64: Missing base APK in /system/framework/arm64
05-10 22:58:29.713   582   582 W PackageManager: Failed to parse /system/framework/oat: Missing base APK in /system/framework/oat/arm64
05-10 22:58:29.847   582   582 W PackageManager: Skipping provider name com.google.android.settings.intelligence (in package com.google.android.settings.intelligence): name already used by com.google.android.settings.intelligence
05-10 22:58:29.866   582   582 I PackageManager: getCompressedFiles[/product/app/WebViewGoogle-Stub]: [/product/app/WebViewGoogle/WebViewGoogle.apk.gz]
05-10 22:58:29.870   582   582 W PackageManager: Failed to scan /product/app/WebViewGoogle-Stub: Package com.google.android.webview at /product/app/WebViewGoogle-Stub ignored: updated version 506007134 better than this 506007134
05-10 22:58:29.874   582   582 I PackageManager: getCompressedFiles[/product/app/TrichromeLibrary-Stub]: [/product/app/TrichromeLibrary/TrichromeLibrary.apk.gz]
05-10 22:58:29.883   582   582 W PackageManager: Failed to scan /product/app/TrichromeLibrary-Stub: Package com.google.android.trichromelibrary_506007134 at /product/app/TrichromeLibrary-Stub ignored: updated version 506007134 better than this 506007134
05-10 22:58:29.883   582   582 W PackageManager: Failed to parse /product/app/WebViewGoogle: Missing base APK in /product/app/WebViewGoogle
05-10 22:58:29.891   582   582 D CompatibilityChangeReporter: Compat change id reported: 168782947; UID -1; state: DISABLED
05-10 22:58:29.895   582   582 I PackageManager: getCompressedFiles[/product/app/Chrome-Stub]: [/product/app/Chrome/Chrome.apk.gz]
05-10 22:58:29.896   582   582 W PackageManager: Failed to scan /product/app/Chrome-Stub: Package com.android.chrome at /product/app/Chrome-Stub ignored: updated version 506007134 better than this 506007134
05-10 22:58:29.899   582   582 W PackageManager: Failed to parse /product/app/Chrome: Missing base APK in /product/app/Chrome
05-10 22:58:29.899   582   582 W PackageManager: Failed to parse /product/app/TrichromeLibrary: Missing base APK in /product/app/TrichromeLibrary
05-10 22:58:29.963   582   582 I ApexManager: Registering com.google.android.safetycenter.resources as apk-in-apex of com.android.permission
05-10 22:58:29.964   582   582 I ApexManager: Registering com.google.android.permissioncontroller as apk-in-apex of com.android.permission
05-10 22:58:29.967   582   582 I ApexManager: Registering com.google.android.ondevicepersonalization.services as apk-in-apex of com.android.ondevicepersonalization
05-10 22:58:29.972   582   582 I ApexManager: Registering com.google.android.cellbroadcastservice as apk-in-apex of com.android.cellbroadcast
05-10 22:58:29.973   582   582 I ApexManager: Registering com.google.android.cellbroadcastreceiver as apk-in-apex of com.android.cellbroadcast
05-10 22:58:29.977   582   582 I ApexManager: Registering com.google.android.wifi.resources as apk-in-apex of com.android.wifi
05-10 22:58:29.979   582   582 I ApexManager: Registering com.google.android.wifi.dialog as apk-in-apex of com.android.wifi
05-10 22:58:29.981   582   582 I ApexManager: Registering com.google.android.hotspot2.osulogin as apk-in-apex of com.android.wifi
05-10 22:58:29.983   582   582 I ApexManager: Registering com.android.cts.priv.ctsshim as apk-in-apex of com.android.apex.cts.shim
05-10 22:58:29.985   582   582 I ApexManager: Registering com.android.cts.ctsshim as apk-in-apex of com.android.apex.cts.shim
05-10 22:58:29.989   582   582 I ApexManager: Registering com.google.android.adservices.api as apk-in-apex of com.android.adservices
05-10 22:58:29.991   582   582 I ApexManager: Registering com.google.android.sdksandbox as apk-in-apex of com.android.adservices
05-10 22:58:29.996   582   582 I ApexManager: Registering com.android.uwb.resources as apk-in-apex of com.android.uwb
05-10 22:58:29.999   582   582 I ApexManager: Registering com.google.android.providers.media.module as apk-in-apex of com.android.mediaprovider
05-10 22:58:30.002   582   582 I ApexManager: Registering com.google.android.ext.services as apk-in-apex of com.android.extservices
05-10 22:58:30.009   582   582 I ApexManager: Registering com.google.android.connectivity.resources as apk-in-apex of com.android.tethering
05-10 22:58:30.011   582   582 I ApexManager: Registering com.google.android.networkstack.tethering as apk-in-apex of com.android.tethering
05-10 22:58:30.013   582   582 I ApexManager: Registering com.google.android.nearby.halfsheet as apk-in-apex of com.android.tethering
05-10 22:58:30.018   582   582 I ApexManager: Registering com.android.bluetooth as apk-in-apex of com.android.btservices
05-10 22:58:30.028   582   582 I PackageManager: Finished scanning system apps. Time: 377 ms, packageCount: 191 , timePerPackage: 1 , cached: 222
05-10 22:58:30.036   582   582 W PackageManager: Relax SCAN_REQUIRE_KNOWN requirement for package com.google.android.trichromelibrary_506007134
05-10 22:58:30.041   582   582 W PackageManager: Relax SCAN_REQUIRE_KNOWN requirement for package com.android.chrome
05-10 22:58:30.044   582   582 W PackageManager: Relax SCAN_REQUIRE_KNOWN requirement for package com.google.android.webview
05-10 22:58:30.053   582   582 D CompatibilityChangeReporter: Compat change id reported: 133396946; UID -1; state: DISABLED
05-10 22:58:30.056   582   582 I PackageManager: Finished scanning non-system apps. Time: 28 ms, packageCount: 4 , timePerPackage: 7 , cached: 3
05-10 22:58:30.058   582   582 I PackageManager: Time to scan packages: 0.407 seconds
05-10 22:58:30.058   582   582 I PackageManager: Permission ownership changed. Updating all permissions.
05-10 22:58:30.075   582   582 V PackageManager: reconcileAppsData for null u0 0x1 migrateAppData=true
05-10 22:58:30.121   582   582 V PackageManager: reconcileAppsData finished 25 packages
05-10 22:58:30.121   582   582 D PackageManagerTiming: write settings
05-10 22:58:30.122   582   640 D SystemServerTimingAsync: InitThreadPoolExec:prepareAppData
05-10 22:58:30.122   582   640 D SystemServerInitThreadPool: Started executing prepareAppData
05-10 22:58:30.152   582   582 V PackageManagerTiming: write settings took to complete: 31ms
05-10 22:58:30.156   582   582 V PackageManager: Ephemeral resolver found; pkg: com.google.android.gms, info:ResolveInfo{7b7223f com.google.android.gms/.chimera.PersistentBoundBrokerService m=0x108000}
05-10 22:58:30.156   582   582 D PackageManager: Set ephemeral resolver: ComponentInfo{com.google.android.gms/com.google.android.gms.chimera.PersistentBoundBrokerService}
05-10 22:58:30.156   582   582 D PackageManager: Instant App installer not found with android.intent.action.INSTALL_INSTANT_APP_PACKAGE
05-10 22:58:30.156   582   582 D PackageManager: Clear ephemeral installer activity
05-10 22:58:30.160   582   582 D PackageManagerTiming: GC
05-10 22:58:30.160   582   582 V PackageManagerTiming: GC took to complete: 0ms
05-10 22:58:30.160   582   582 I PackageManager: Fix for b/169414761 is applied
05-10 22:58:30.160   582   582 V PackageManagerTiming: create package manager took to complete: 686ms
05-10 22:58:30.160   582   582 V UserSystemPackageInstaller: Checking that all system packages are whitelisted.
05-10 22:58:30.165   582   582 W UserSystemPackageInstaller: checkWhitelistedSystemPackages(mode=d) has 51 warnings:
05-10 22:58:30.166   582   582 W UserSystemPackageInstaller: com.android.theme.color.amethyst is allowlisted but not present.
05-10 22:58:30.166   582   582 W UserSystemPackageInstaller: com.android.theme.icon.pebble is allowlisted but not present.
05-10 22:58:30.166   582   582 W UserSystemPackageInstaller: com.android.theme.color.sand is allowlisted but not present.
05-10 22:58:30.166   582   582 W UserSystemPackageInstaller: com.android.theme.icon.vessel is allowlisted but not present.
05-10 22:58:30.166   582   582 W UserSystemPackageInstaller: com.android.theme.color.cinnamon is allowlisted but not present.
05-10 22:58:30.166   582   582 W UserSystemPackageInstaller: com.android.theme.icon_pack.victor.settings is allowlisted but not present.
05-10 22:58:30.166   582   582 W UserSystemPackageInstaller: com.android.theme.icon_pack.rounded.systemui is allowlisted but not present.
05-10 22:58:30.166   582   582 W UserSystemPackageInstaller: com.android.theme.icon.taperedrect is allowlisted but not present.
05-10 22:58:30.166   582   582 W UserSystemPackageInstaller: com.android.theme.icon_pack.rounded.android is allowlisted but not present.
05-10 22:58:30.166   582   582 W UserSystemPackageInstaller: com.android.internal.systemui.onehanded.gestural is allowlisted but not present.
05-10 22:58:30.166   582   582 W UserSystemPackageInstaller: com.android.theme.icon_pack.victor.systemui is allowlisted but not present.
05-10 22:58:30.166   582   582 W UserSystemPackageInstaller: com.android.theme.icon_pack.circular.themepicker is allowlisted but not present.
05-10 22:58:30.166   582   582 W UserSystemPackageInstaller: com.android.theme.color.tangerine is allowlisted but not present.
05-10 22:58:30.166   582   582 W UserSystemPackageInstaller: com.android.theme.color.aquamarine is allowlisted but not present.
05-10 22:58:30.166   582   582 W UserSystemPackageInstaller: com.android.theme.color.black is allowlisted but not present.
05-10 22:58:30.166   582   582 W UserSystemPackageInstaller: com.android.theme.color.green is allowlisted but not present.
05-10 22:58:30.166   582   582 W UserSystemPackageInstaller: com.android.theme.color.ocean is allowlisted but not present.
05-10 22:58:30.166   582   582 W UserSystemPackageInstaller: com.android.theme.color.space is allowlisted but not present.
05-10 22:58:30.166   582   582 W UserSystemPackageInstaller: com.android.theme.icon_pack.rounded.launcher is allowlisted but not present.
05-10 22:58:30.166   582   582 W UserSystemPackageInstaller: com.android.theme.icon_pack.kai.settings is allowlisted but not present.
05-10 22:58:30.166   582   582 W UserSystemPackageInstaller: com.android.theme.icon_pack.sam.settings is allowlisted but not present.
05-10 22:58:30.166   582   582 W UserSystemPackageInstaller: com.android.theme.icon_pack.kai.themepicker is allowlisted but not present.
05-10 22:58:30.166   582   582 W UserSystemPackageInstaller: com.android.theme.icon_pack.victor.launcher is allowlisted but not present.
05-10 22:58:30.166   582   582 W UserSystemPackageInstaller: com.android.theme.icon_pack.filled.settings is allowlisted but not present.
05-10 22:58:30.166   582   582 W UserSystemPackageInstaller: com.android.theme.icon_pack.kai.systemui is allowlisted but not present.
05-10 22:58:30.166   582   582 W UserSystemPackageInstaller: com.android.theme.icon_pack.circular.settings is allowlisted but not present.
05-10 22:58:30.166   582   582 W UserSystemPackageInstaller: com.android.theme.icon_pack.sam.systemui is allowlisted but not present.
05-10 22:58:30.166   582   582 W UserSystemPackageInstaller: com.android.theme.icon.teardrop is allowlisted but not present.
05-10 22:58:30.166   582   582 W UserSystemPackageInstaller: com.android.theme.icon_pack.rounded.themepicker is allowlisted but not present.
05-10 22:58:30.166   582   582 W UserSystemPackageInstaller: com.android.theme.icon_pack.filled.systemui is allowlisted but not present.
05-10 22:58:30.166   582   582 W UserSystemPackageInstaller: com.android.theme.icon_pack.sam.android is allowlisted but not present.
05-10 22:58:30.166   582   582 W UserSystemPackageInstaller: com.android.theme.icon_pack.filled.android is allowlisted but not present.
05-10 22:58:30.166   582   582 W UserSystemPackageInstaller: com.android.theme.icon_pack.circular.systemui is allowlisted but not present.
05-10 22:58:30.166   582   582 W UserSystemPackageInstaller: com.android.theme.icon_pack.kai.android is allowlisted but not present.
05-10 22:58:30.166   582   582 W UserSystemPackageInstaller: com.android.theme.icon_pack.kai.launcher is allowlisted but not present.
05-10 22:58:30.166   582   582 W UserSystemPackageInstaller: com.android.theme.icon_pack.sam.launcher is allowlisted but not present.
05-10 22:58:30.166   582   582 W UserSystemPackageInstaller: com.android.theme.icon.squircle is allowlisted but not present.
05-10 22:58:30.166   582   582 W UserSystemPackageInstaller: com.android.theme.icon_pack.victor.android is allowlisted but not present.
05-10 22:58:30.166   582   582 W UserSystemPackageInstaller: com.android.theme.color.palette is allowlisted but not present.
05-10 22:58:30.166   582   582 W UserSystemPackageInstaller: com.android.theme.icon_pack.filled.launcher is allowlisted but not present.
05-10 22:58:30.166   582   582 W UserSystemPackageInstaller: com.android.theme.color.carbon is allowlisted but not present.
05-10 22:58:30.166   582   582 W UserSystemPackageInstaller: com.android.theme.icon_pack.circular.launcher is allowlisted but not present.
05-10 22:58:30.166   582   582 W UserSystemPackageInstaller: com.android.theme.icon_pack.filled.themepicker is allowlisted but not present.
05-10 22:58:30.166   582   582 W UserSystemPackageInstaller: com.android.theme.icon_pack.victor.themepicker is allowlisted but not present.
05-10 22:58:30.166   582   582 W UserSystemPackageInstaller: com.android.theme.color.orchid is allowlisted but not present.
05-10 22:58:30.166   582   582 W UserSystemPackageInstaller: com.android.theme.color.purple is allowlisted but not present.
05-10 22:58:30.166   582   582 W UserSystemPackageInstaller: com.android.theme.icon_pack.sam.themepicker is allowlisted but not present.
05-10 22:58:30.166   582   582 W UserSystemPackageInstaller: com.android.wallpaperpicker is allowlisted but not present.
05-10 22:58:30.166   582   582 W UserSystemPackageInstaller: com.android.theme.icon.roundedrect is allowlisted but not present.
05-10 22:58:30.166   582   582 W UserSystemPackageInstaller: com.android.theme.icon_pack.rounded.settings is allowlisted but not present.
05-10 22:58:30.166   582   582 W UserSystemPackageInstaller: com.android.theme.icon_pack.circular.android is allowlisted but not present.
05-10 22:58:30.166   582   582 I Watchdog: Resuming HandlerChecker: main thread for reason: packagemanagermain. Pause count: 0
05-10 22:58:30.166   582   582 I SystemServerDexLoadReporter: Configuring system server dex reporter
05-10 22:58:30.170   582   582 V SystemServerTiming: StartPackageManagerService took to complete: 701ms
05-10 22:58:30.170   582   582 D SystemServerTiming: StartOtaDexOptService
05-10 22:58:30.170   582   582 I Watchdog: Pausing HandlerChecker: main thread for reason: moveab. Pause count: 1
05-10 22:58:30.171   582   582 D OTADexopt: No upgrade, skipping A/B artifacts check.
05-10 22:58:30.171   582   582 I Watchdog: Resuming HandlerChecker: main thread for reason: moveab. Pause count: 0
05-10 22:58:30.171   582   582 V SystemServerTiming: StartOtaDexOptService took to complete: 0ms
05-10 22:58:30.171   582   582 D SystemServerTiming: StartUserManagerService
05-10 22:58:30.171   582   582 I SystemServiceManager: Starting com.android.server.pm.UserManagerService$LifeCycle
05-10 22:58:30.171   582   582 V SystemServerTiming: StartUserManagerService took to complete: 0ms
05-10 22:58:30.171   582   582 D SystemServerTiming: InitAttributerCache
05-10 22:58:30.171   582   582 V SystemServerTiming: InitAttributerCache took to complete: 0ms
05-10 22:58:30.171   582   582 D SystemServerTiming: SetSystemProcess
05-10 22:58:30.174   582   597 V HistoricalRegistry: Interaction before persistence initialized
05-10 22:58:30.176   582   612 I ActivityManager: Connection with lmkd established
05-10 22:58:30.177   582   582 V SystemServerTiming: SetSystemProcess took to complete: 6ms
05-10 22:58:30.178   582   582 D CompatibilityChangeReporter: Compat change id reported: 161145287; UID 1000; state: DISABLED
05-10 22:58:30.178   582   582 D SystemServerTiming: InitWatchdog
05-10 22:58:30.178   582   582 V SystemServerTiming: InitWatchdog took to complete: 0ms
05-10 22:58:30.186   582   597 V HistoricalRegistry: Interaction before persistence initialized
05-10 22:58:30.196   582   582 D SystemServerTiming: StartOverlayManagerService
05-10 22:58:30.227     1     1 I init    : service 'idmap2d' requested start, but it is already running (flags: 4)
05-10 22:58:30.227     1     1 I init    : Control message: Processed ctl.start for 'idmap2d' from pid: 582 (system_server)
05-10 22:58:30.262   490   646 I storaged: storaged: Start
05-10 22:58:30.517   582   640 V SystemServerTimingAsync: AppDataFixup took to complete: 395ms
05-10 22:58:30.517   582   640 W PackageManager: Skipping preparing app data for com.google.android.sdksandbox
05-10 22:58:30.559   582   640 V SystemServerTimingAsync: AppDataPrepare took to complete: 42ms
05-10 22:58:30.559   582   640 I PackageManager: Deferred reconcileAppsData finished 170 packages
05-10 22:58:30.559   582   640 D SystemServerInitThreadPool: Finished executing prepareAppData
05-10 22:58:30.559   582   640 V SystemServerTimingAsync: InitThreadPoolExec:prepareAppData took to complete: 437ms
05-10 22:58:30.624   582   582 V SystemServerTiming: StartOverlayManagerService took to complete: 428ms
05-10 22:58:30.624   582   582 D SystemServerTiming: StartResourcesManagerService
05-10 22:58:30.625   582   582 V SystemServerTiming: StartResourcesManagerService took to complete: 2ms
05-10 22:58:30.625   582   582 D SystemServerTiming: StartSensorPrivacyService
05-10 22:58:30.627   582   599 W ActivityTaskManager: Skip updateConfiguration because mWindowManager isn't set
05-10 22:58:30.630   582   582 V SystemServerTiming: StartSensorPrivacyService took to complete: 5ms
05-10 22:58:30.631   582   582 D SystemServerTiming: StartSensorService
05-10 22:58:30.631   582   582 I SystemServiceManager: Starting com.android.server.sensors.SensorService
05-10 22:58:30.631   582   582 V SystemServerTiming: StartSensorService took to complete: 0ms
05-10 22:58:30.633   582   582 V SystemServerTiming: startBootstrapServices took to complete: 1590ms
05-10 22:58:30.633   582   582 D SystemServerTiming: startCoreServices
05-10 22:58:30.633   582   582 D SystemServerTiming: StartSystemConfigService
05-10 22:58:30.633   582   582 I SystemServiceManager: Starting com.android.server.SystemConfigService
05-10 22:58:30.633   582   649 D SystemServerTimingAsync: InitThreadPoolExec:StartNativeSensorService
05-10 22:58:30.633   582   649 D SystemServerInitThreadPool: Started executing StartNativeSensorService
05-10 22:58:30.633   582   649 D SystemServerTimingAsync: StartNativeSensorService
05-10 22:58:30.635   582   582 V SystemServerTiming: StartSystemConfigService took to complete: 2ms
05-10 22:58:30.635   582   582 D SystemServerTiming: StartBatteryService
05-10 22:58:30.635   582   582 I SystemServiceManager: Starting com.android.server.BatteryService
05-10 22:58:30.646   582   649 V HistoricalRegistry: Interaction before persistence initialized
05-10 22:58:30.647   582   649 V SystemServerTimingAsync: StartNativeSensorService took to complete: 14ms
05-10 22:58:30.647   582   649 D SystemServerInitThreadPool: Finished executing StartNativeSensorService
05-10 22:58:30.647   582   649 V SystemServerTimingAsync: InitThreadPoolExec:StartNativeSensorService took to complete: 14ms
05-10 22:58:30.649   582   616 W KernelCpuProcStringReader: File not found. It's normal if not implemented: /proc/uid_concurrent_policy_time
05-10 22:58:30.660   388   388 W healthd : battery l=100 v=5000 t=25.0 h=2 st=4 c=900000 fc=3000000 cc=10 chg=
05-10 22:58:30.653   582   582 I HealthServiceWrapperHidl: health: HealthServiceWrapper listening to instance default
05-10 22:58:30.653   582   582 I BatteryService: health: Waited 0ms and received the update.
05-10 22:58:30.654   582   582 V SystemServerTiming: StartBatteryService took to complete: 19ms
05-10 22:58:30.654   582   582 D SystemServerTiming: StartUsageService
05-10 22:58:30.654   582   582 I SystemServiceManager: Starting com.android.server.usage.UsageStatsService
05-10 22:58:30.670   388   388 W healthd : battery l=100 v=5000 t=25.0 h=2 st=4 c=900000 fc=3000000 cc=10 chg=
05-10 22:58:30.659   582   582 V SystemServerTiming: StartUsageService took to complete: 5ms
05-10 22:58:30.659   582   582 D SystemServerTiming: StartWebViewUpdateService
